../Core/Src/main.c:68:6:delay	16	static
../Core/Src/main.c:73:6:Set_Pin_Output	56	static
../Core/Src/main.c:90:6:Set_Pin_Input	56	static
../Core/Src/main.c:105:6:DHT11_Start	8	static
../Core/Src/main.c:115:9:DHT11_Check_Response	16	static
../Core/Src/main.c:130:9:DHT11_Read	16	static
../Core/Src/main.c:152:5:main	48	static
../Core/Src/main.c:215:6:SystemClock_Config	88	static
../Core/Src/main.c:261:13:MX_TIM2_Init	32	static
../Core/Src/main.c:306:13:MX_GPIO_Init	48	static
../Core/Src/main.c:346:6:Error_Handler	4	static,ignoring_inline_asm
