Archive member included to satisfy reference by file (symbol)

c:/st/stm32cubeide_1.9.0/stm32cubeide/plugins/com.st.stm32cube.ide.mcu.externaltools.gnu-tools-for-stm32.10.3-2021.10.win32_1.0.0.202111181127/tools/bin/../lib/gcc/arm-none-eabi/10.3.1/../../../../arm-none-eabi/lib/thumb/v7e-m+fp/hard\libc_nano.a(lib_a-errno.o)
                              ./Core/Src/syscalls.o (__errno)
c:/st/stm32cubeide_1.9.0/stm32cubeide/plugins/com.st.stm32cube.ide.mcu.externaltools.gnu-tools-for-stm32.10.3-2021.10.win32_1.0.0.202111181127/tools/bin/../lib/gcc/arm-none-eabi/10.3.1/../../../../arm-none-eabi/lib/thumb/v7e-m+fp/hard\libc_nano.a(lib_a-exit.o)
                              c:/st/stm32cubeide_1.9.0/stm32cubeide/plugins/com.st.stm32cube.ide.mcu.externaltools.gnu-tools-for-stm32.10.3-2021.10.win32_1.0.0.202111181127/tools/bin/../lib/gcc/arm-none-eabi/10.3.1/../../../../arm-none-eabi/lib/thumb/v7e-m+fp/hard/crt0.o (exit)
c:/st/stm32cubeide_1.9.0/stm32cubeide/plugins/com.st.stm32cube.ide.mcu.externaltools.gnu-tools-for-stm32.10.3-2021.10.win32_1.0.0.202111181127/tools/bin/../lib/gcc/arm-none-eabi/10.3.1/../../../../arm-none-eabi/lib/thumb/v7e-m+fp/hard\libc_nano.a(lib_a-impure.o)
                              c:/st/stm32cubeide_1.9.0/stm32cubeide/plugins/com.st.stm32cube.ide.mcu.externaltools.gnu-tools-for-stm32.10.3-2021.10.win32_1.0.0.202111181127/tools/bin/../lib/gcc/arm-none-eabi/10.3.1/../../../../arm-none-eabi/lib/thumb/v7e-m+fp/hard\libc_nano.a(lib_a-exit.o) (_global_impure_ptr)
c:/st/stm32cubeide_1.9.0/stm32cubeide/plugins/com.st.stm32cube.ide.mcu.externaltools.gnu-tools-for-stm32.10.3-2021.10.win32_1.0.0.202111181127/tools/bin/../lib/gcc/arm-none-eabi/10.3.1/../../../../arm-none-eabi/lib/thumb/v7e-m+fp/hard\libc_nano.a(lib_a-init.o)
                              c:/st/stm32cubeide_1.9.0/stm32cubeide/plugins/com.st.stm32cube.ide.mcu.externaltools.gnu-tools-for-stm32.10.3-2021.10.win32_1.0.0.202111181127/tools/bin/../lib/gcc/arm-none-eabi/10.3.1/../../../../arm-none-eabi/lib/thumb/v7e-m+fp/hard/crt0.o (__libc_init_array)
c:/st/stm32cubeide_1.9.0/stm32cubeide/plugins/com.st.stm32cube.ide.mcu.externaltools.gnu-tools-for-stm32.10.3-2021.10.win32_1.0.0.202111181127/tools/bin/../lib/gcc/arm-none-eabi/10.3.1/../../../../arm-none-eabi/lib/thumb/v7e-m+fp/hard\libc_nano.a(lib_a-memset.o)
                              c:/st/stm32cubeide_1.9.0/stm32cubeide/plugins/com.st.stm32cube.ide.mcu.externaltools.gnu-tools-for-stm32.10.3-2021.10.win32_1.0.0.202111181127/tools/bin/../lib/gcc/arm-none-eabi/10.3.1/../../../../arm-none-eabi/lib/thumb/v7e-m+fp/hard/crt0.o (memset)
c:/st/stm32cubeide_1.9.0/stm32cubeide/plugins/com.st.stm32cube.ide.mcu.externaltools.gnu-tools-for-stm32.10.3-2021.10.win32_1.0.0.202111181127/tools/bin/../lib/gcc/arm-none-eabi/10.3.1/thumb/v7e-m+fp/hard\libgcc.a(_aeabi_uldivmod.o)
                              ./Drivers/STM32F4xx_HAL_Driver/Src/stm32f4xx_hal_rcc.o (__aeabi_uldivmod)
c:/st/stm32cubeide_1.9.0/stm32cubeide/plugins/com.st.stm32cube.ide.mcu.externaltools.gnu-tools-for-stm32.10.3-2021.10.win32_1.0.0.202111181127/tools/bin/../lib/gcc/arm-none-eabi/10.3.1/thumb/v7e-m+fp/hard\libgcc.a(_udivmoddi4.o)
                              c:/st/stm32cubeide_1.9.0/stm32cubeide/plugins/com.st.stm32cube.ide.mcu.externaltools.gnu-tools-for-stm32.10.3-2021.10.win32_1.0.0.202111181127/tools/bin/../lib/gcc/arm-none-eabi/10.3.1/thumb/v7e-m+fp/hard\libgcc.a(_aeabi_uldivmod.o) (__udivmoddi4)
c:/st/stm32cubeide_1.9.0/stm32cubeide/plugins/com.st.stm32cube.ide.mcu.externaltools.gnu-tools-for-stm32.10.3-2021.10.win32_1.0.0.202111181127/tools/bin/../lib/gcc/arm-none-eabi/10.3.1/thumb/v7e-m+fp/hard\libgcc.a(_dvmd_tls.o)
                              c:/st/stm32cubeide_1.9.0/stm32cubeide/plugins/com.st.stm32cube.ide.mcu.externaltools.gnu-tools-for-stm32.10.3-2021.10.win32_1.0.0.202111181127/tools/bin/../lib/gcc/arm-none-eabi/10.3.1/thumb/v7e-m+fp/hard\libgcc.a(_aeabi_uldivmod.o) (__aeabi_ldiv0)

Discarded input sections

 .text          0x0000000000000000        0x0 c:/st/stm32cubeide_1.9.0/stm32cubeide/plugins/com.st.stm32cube.ide.mcu.externaltools.gnu-tools-for-stm32.10.3-2021.10.win32_1.0.0.202111181127/tools/bin/../lib/gcc/arm-none-eabi/10.3.1/thumb/v7e-m+fp/hard/crti.o
 .data          0x0000000000000000        0x0 c:/st/stm32cubeide_1.9.0/stm32cubeide/plugins/com.st.stm32cube.ide.mcu.externaltools.gnu-tools-for-stm32.10.3-2021.10.win32_1.0.0.202111181127/tools/bin/../lib/gcc/arm-none-eabi/10.3.1/thumb/v7e-m+fp/hard/crti.o
 .bss           0x0000000000000000        0x0 c:/st/stm32cubeide_1.9.0/stm32cubeide/plugins/com.st.stm32cube.ide.mcu.externaltools.gnu-tools-for-stm32.10.3-2021.10.win32_1.0.0.202111181127/tools/bin/../lib/gcc/arm-none-eabi/10.3.1/thumb/v7e-m+fp/hard/crti.o
[...]
Memory Configuration

Name             Origin             Length             Attributes
RAM              0x0000000020000000 0x0000000000020000 xrw
FLASH            0x0000000008000000 0x0000000000080000 xr
*default*        0x0000000000000000 0xffffffffffffffff

Linker script and memory map

LOAD c:/st/stm32cubeide_1.9.0/stm32cubeide/plugins/com.st.stm32cube.ide.mcu.externaltools.gnu-tools-for-stm32.10.3-2021.10.win32_1.0.0.202111181127/tools/bin/../lib/gcc/arm-none-eabi/10.3.1/thumb/v7e-m+fp/hard/crti.o
LOAD c:/st/stm32cubeide_1.9.0/stm32cubeide/plugins/com.st.stm32cube.ide.mcu.externaltools.gnu-tools-for-stm32.10.3-2021.10.win32_1.0.0.202111181127/tools/bin/../lib/gcc/arm-none-eabi/10.3.1/thumb/v7e-m+fp/hard/crtbegin.o
LOAD c:/st/stm32cubeide_1.9.0/stm32cubeide/plugins/com.st.stm32cube.ide.mcu.externaltools.gnu-tools-for-stm32.10.3-2021.10.win32_1.0.0.202111181127/tools/bin/../lib/gcc/arm-none-eabi/10.3.1/../../../../arm-none-eabi/lib/thumb/v7e-m+fp/hard/crt0.o
LOAD ./Core/Src/main.o
LOAD ./Core/Src/rc522.o
LOAD ./Core/Src/stm32f4xx_hal_msp.o
LOAD ./Core/Src/stm32f4xx_it.o
LOAD ./Core/Src/syscalls.o
LOAD ./Core/Src/sysmem.o
LOAD ./Core/Src/system_stm32f4xx.o
LOAD ./Core/Startup/startup_stm32f411vetx.o
LOAD ./Drivers/STM32F4xx_HAL_Driver/Src/stm32f4xx_hal.o
LOAD ./Drivers/STM32F4xx_HAL_Driver/Src/stm32f4xx_hal_cortex.o
LOAD ./Drivers/STM32F4xx_HAL_Driver/Src/stm32f4xx_hal_dma.o
LOAD ./Drivers/STM32F4xx_HAL_Driver/Src/stm32f4xx_hal_dma_ex.o
LOAD ./Drivers/STM32F4xx_HAL_Driver/Src/stm32f4xx_hal_exti.o
LOAD ./Drivers/STM32F4xx_HAL_Driver/Src/stm32f4xx_hal_flash.o
LOAD ./Drivers/STM32F4xx_HAL_Driver/Src/stm32f4xx_hal_flash_ex.o
LOAD ./Drivers/STM32F4xx_HAL_Driver/Src/stm32f4xx_hal_flash_ramfunc.o
LOAD ./Drivers/STM32F4xx_HAL_Driver/Src/stm32f4xx_hal_gpio.o
LOAD ./Drivers/STM32F4xx_HAL_Driver/Src/stm32f4xx_hal_pwr.o
LOAD ./Drivers/STM32F4xx_HAL_Driver/Src/stm32f4xx_hal_pwr_ex.o
LOAD ./Drivers/STM32F4xx_HAL_Driver/Src/stm32f4xx_hal_rcc.o
LOAD ./Drivers/STM32F4xx_HAL_Driver/Src/stm32f4xx_hal_rcc_ex.o
LOAD ./Drivers/STM32F4xx_HAL_Driver/Src/stm32f4xx_hal_spi.o
LOAD ./Drivers/STM32F4xx_HAL_Driver/Src/stm32f4xx_hal_tim.o
LOAD ./Drivers/STM32F4xx_HAL_Driver/Src/stm32f4xx_hal_tim_ex.o
START GROUP
LOAD c:/st/stm32cubeide_1.9.0/stm32cubeide/plugins/com.st.stm32cube.ide.mcu.externaltools.gnu-tools-for-stm32.10.3-2021.10.win32_1.0.0.202111181127/tools/bin/../lib/gcc/arm-none-eabi/10.3.1/../../../../arm-none-eabi/lib/thumb/v7e-m+fp/hard\libc_nano.a
LOAD c:/st/stm32cubeide_1.9.0/stm32cubeide/plugins/com.st.stm32cube.ide.mcu.externaltools.gnu-tools-for-stm32.10.3-2021.10.win32_1.0.0.202111181127/tools/bin/../lib/gcc/arm-none-eabi/10.3.1/../../../../arm-none-eabi/lib/thumb/v7e-m+fp/hard\libm.a
END GROUP
START GROUP
LOAD c:/st/stm32cubeide_1.9.0/stm32cubeide/plugins/com.st.stm32cube.ide.mcu.externaltools.gnu-tools-for-stm32.10.3-2021.10.win32_1.0.0.202111181127/tools/bin/../lib/gcc/arm-none-eabi/10.3.1/thumb/v7e-m+fp/hard\libgcc.a
LOAD c:/st/stm32cubeide_1.9.0/stm32cubeide/plugins/com.st.stm32cube.ide.mcu.externaltools.gnu-tools-for-stm32.10.3-2021.10.win32_1.0.0.202111181127/tools/bin/../lib/gcc/arm-none-eabi/10.3.1/../../../../arm-none-eabi/lib/thumb/v7e-m+fp/hard\libc_nano.a
END GROUP
START GROUP
LOAD c:/st/stm32cubeide_1.9.0/stm32cubeide/plugins/com.st.stm32cube.ide.mcu.externaltools.gnu-tools-for-stm32.10.3-2021.10.win32_1.0.0.202111181127/tools/bin/../lib/gcc/arm-none-eabi/10.3.1/thumb/v7e-m+fp/hard\libgcc.a
LOAD c:/st/stm32cubeide_1.9.0/stm32cubeide/plugins/com.st.stm32cube.ide.mcu.externaltools.gnu-tools-for-stm32.10.3-2021.10.win32_1.0.0.202111181127/tools/bin/../lib/gcc/arm-none-eabi/10.3.1/../../../../arm-none-eabi/lib/thumb/v7e-m+fp/hard\libc_nano.a
LOAD c:/st/stm32cubeide_1.9.0/stm32cubeide/plugins/com.st.stm32cube.ide.mcu.externaltools.gnu-tools-for-stm32.10.3-2021.10.win32_1.0.0.202111181127/tools/bin/../lib/gcc/arm-none-eabi/10.3.1/../../../../arm-none-eabi/lib/thumb/v7e-m+fp/hard\libnosys.a
END GROUP
START GROUP
LOAD c:/st/stm32cubeide_1.9.0/stm32cubeide/plugins/com.st.stm32cube.ide.mcu.externaltools.gnu-tools-for-stm32.10.3-2021.10.win32_1.0.0.202111181127/tools/bin/../lib/gcc/arm-none-eabi/10.3.1/thumb/v7e-m+fp/hard\libgcc.a
LOAD c:/st/stm32cubeide_1.9.0/stm32cubeide/plugins/com.st.stm32cube.ide.mcu.externaltools.gnu-tools-for-stm32.10.3-2021.10.win32_1.0.0.202111181127/tools/bin/../lib/gcc/arm-none-eabi/10.3.1/../../../../arm-none-eabi/lib/thumb/v7e-m+fp/hard\libc_nano.a
LOAD c:/st/stm32cubeide_1.9.0/stm32cubeide/plugins/com.st.stm32cube.ide.mcu.externaltools.gnu-tools-for-stm32.10.3-2021.10.win32_1.0.0.202111181127/tools/bin/../lib/gcc/arm-none-eabi/10.3.1/../../../../arm-none-eabi/lib/thumb/v7e-m+fp/hard\libnosys.a
END GROUP
LOAD c:/st/stm32cubeide_1.9.0/stm32cubeide/plugins/com.st.stm32cube.ide.mcu.externaltools.gnu-tools-for-stm32.10.3-2021.10.win32_1.0.0.202111181127/tools/bin/../lib/gcc/arm-none-eabi/10.3.1/thumb/v7e-m+fp/hard/crtend.o
LOAD c:/st/stm32cubeide_1.9.0/stm32cubeide/plugins/com.st.stm32cube.ide.mcu.externaltools.gnu-tools-for-stm32.10.3-2021.10.win32_1.0.0.202111181127/tools/bin/../lib/gcc/arm-none-eabi/10.3.1/thumb/v7e-m+fp/hard/crtn.o
                0x0000000020020000                _estack = (ORIGIN (RAM) + LENGTH (RAM))
                0x0000000000000200                _Min_Heap_Size = 0x200
                0x0000000000000400                _Min_Stack_Size = 0x400

.isr_vector     0x0000000008000000      0x198
                0x0000000008000000                . = ALIGN (0x4)
 *(.isr_vector)
 .isr_vector    0x0000000008000000      0x198 ./Core/Startup/startup_stm32f411vetx.o
                0x0000000008000000                g_pfnVectors
                0x0000000008000198                . = ALIGN (0x4)

.text           0x0000000008000198     0x2294
                0x0000000008000198                . = ALIGN (0x4)
 *(.text)
 .text          0x0000000008000198       0x40 c:/st/stm32cubeide_1.9.0/stm32cubeide/plugins/com.st.stm32cube.ide.mcu.externaltools.gnu-tools-for-stm32.10.3-2021.10.win32_1.0.0.202111181127/tools/bin/../lib/gcc/arm-none-eabi/10.3.1/thumb/v7e-m+fp/hard/crtbegin.o
 .text          0x00000000080001d8       0x30 c:/st/stm32cubeide_1.9.0/stm32cubeide/plugins/com.st.stm32cube.ide.mcu.externaltools.gnu-tools-for-stm32.10.3-2021.10.win32_1.0.0.202111181127/tools/bin/../lib/gcc/arm-none-eabi/10.3.1/thumb/v7e-m+fp/hard\libgcc.a(_aeabi_uldivmod.o)
                0x00000000080001d8                __aeabi_uldivmod
 .text          0x0000000008000208      0x2d0 c:/st/stm32cubeide_1.9.0/stm32cubeide/plugins/com.st.stm32cube.ide.mcu.externaltools.gnu-tools-for-stm32.10.3-2021.10.win32_1.0.0.202111181127/tools/bin/../lib/gcc/arm-none-eabi/10.3.1/thumb/v7e-m+fp/hard\libgcc.a(_udivmoddi4.o)
                0x0000000008000208                __udivmoddi4
 .text          0x00000000080004d8        0x4 c:/st/stm32cubeide_1.9.0/stm32cubeide/plugins/com.st.stm32cube.ide.mcu.externaltools.gnu-tools-for-stm32.10.3-2021.10.win32_1.0.0.202111181127/tools/bin/../lib/gcc/arm-none-eabi/10.3.1/thumb/v7e-m+fp/hard\libgcc.a(_dvmd_tls.o)
                0x00000000080004d8                __aeabi_idiv0
                0x00000000080004d8                __aeabi_ldiv0
 *(.text*)
 .text.main     0x00000000080004dc       0x98 ./Core/Src/main.o
                0x00000000080004dc                main
 .text.SystemClock_Config
                0x0000000008000574       0xd0 ./Core/Src/main.o
                0x0000000008000574                SystemClock_Config
 .text.MX_SPI2_Init
                0x0000000008000644       0x6c ./Core/Src/main.o
 .text.MX_GPIO_Init
                0x00000000080006b0      0x108 ./Core/Src/main.o
 .text.Error_Handler
                0x00000000080007b8        0xa ./Core/Src/main.o
                0x00000000080007b8                Error_Handler
 *fill*         0x00000000080007c2        0x2 
 .text.SPI1SendByte
                0x00000000080007c4       0x30 ./Core/Src/rc522.o
                0x00000000080007c4                SPI1SendByte
 .text.SPI1_WriteReg
                0x00000000080007f4       0x40 ./Core/Src/rc522.o
                0x00000000080007f4                SPI1_WriteReg
 .text.SPI1_ReadReg
                0x0000000008000834       0x40 ./Core/Src/rc522.o
                0x0000000008000834                SPI1_ReadReg
 .text.MFRC522_WriteRegister
                0x0000000008000874       0x30 ./Core/Src/rc522.o
                0x0000000008000874                MFRC522_WriteRegister
 .text.MFRC522_ReadRegister
                0x00000000080008a4       0x34 ./Core/Src/rc522.o
                0x00000000080008a4                MFRC522_ReadRegister
 .text.MFRC522_Check
                0x00000000080008d8       0x32 ./Core/Src/rc522.o
                0x00000000080008d8                MFRC522_Check
 .text.MFRC522_Compare
                0x000000000800090a       0x42 ./Core/Src/rc522.o
                0x000000000800090a                MFRC522_Compare
 .text.MFRC522_SetBitMask
                0x000000000800094c       0x34 ./Core/Src/rc522.o
                0x000000000800094c                MFRC522_SetBitMask
 .text.MFRC522_ClearBitMask
                0x0000000008000980       0x3c ./Core/Src/rc522.o
                0x0000000008000980                MFRC522_ClearBitMask
 .text.MFRC522_Request
                0x00000000080009bc       0x4a ./Core/Src/rc522.o
                0x00000000080009bc                MFRC522_Request
 .text.MFRC522_ToCard
                0x0000000008000a06      0x19e ./Core/Src/rc522.o
                0x0000000008000a06                MFRC522_ToCard
 .text.MFRC522_Anticoll
                0x0000000008000ba4       0x7a ./Core/Src/rc522.o
                0x0000000008000ba4                MFRC522_Anticoll
 .text.MFRC522_CalculateCRC
                0x0000000008000c1e       0x92 ./Core/Src/rc522.o
                0x0000000008000c1e                MFRC522_CalculateCRC
 .text.MFRC522_Init
                0x0000000008000cb0       0x48 ./Core/Src/rc522.o
                0x0000000008000cb0                MFRC522_Init
 .text.MFRC522_Reset
                0x0000000008000cf8       0x10 ./Core/Src/rc522.o
                0x0000000008000cf8                MFRC522_Reset
 .text.MFRC522_AntennaOn
                0x0000000008000d08       0x2a ./Core/Src/rc522.o
                0x0000000008000d08                MFRC522_AntennaOn
 .text.MFRC522_Halt
                0x0000000008000d32       0x36 ./Core/Src/rc522.o
                0x0000000008000d32                MFRC522_Halt
 .text.HAL_MspInit
                0x0000000008000d68       0x50 ./Core/Src/stm32f4xx_hal_msp.o
                0x0000000008000d68                HAL_MspInit
 .text.HAL_SPI_MspInit
                0x0000000008000db8       0xd0 ./Core/Src/stm32f4xx_hal_msp.o
                0x0000000008000db8                HAL_SPI_MspInit
 .text.NMI_Handler
                0x0000000008000e88        0x6 ./Core/Src/stm32f4xx_it.o
                0x0000000008000e88                NMI_Handler
 .text.HardFault_Handler
                0x0000000008000e8e        0x6 ./Core/Src/stm32f4xx_it.o
                0x0000000008000e8e                HardFault_Handler
 .text.MemManage_Handler
                0x0000000008000e94        0x6 ./Core/Src/stm32f4xx_it.o
                0x0000000008000e94                MemManage_Handler
 .text.BusFault_Handler
                0x0000000008000e9a        0x6 ./Core/Src/stm32f4xx_it.o
                0x0000000008000e9a                BusFault_Handler
 .text.UsageFault_Handler
                0x0000000008000ea0        0x6 ./Core/Src/stm32f4xx_it.o
                0x0000000008000ea0                UsageFault_Handler
 .text.SVC_Handler
                0x0000000008000ea6        0xe ./Core/Src/stm32f4xx_it.o
                0x0000000008000ea6                SVC_Handler
 .text.DebugMon_Handler
                0x0000000008000eb4        0xe ./Core/Src/stm32f4xx_it.o
                0x0000000008000eb4                DebugMon_Handler
 .text.PendSV_Handler
                0x0000000008000ec2        0xe ./Core/Src/stm32f4xx_it.o
                0x0000000008000ec2                PendSV_Handler
 .text.SysTick_Handler
                0x0000000008000ed0        0xc ./Core/Src/stm32f4xx_it.o
                0x0000000008000ed0                SysTick_Handler
 .text.SystemInit
                0x0000000008000edc       0x24 ./Core/Src/system_stm32f4xx.o
                0x0000000008000edc                SystemInit
 .text.Reset_Handler
                0x0000000008000f00       0x50 ./Core/Startup/startup_stm32f411vetx.o
                0x0000000008000f00                Reset_Handler
 .text.Default_Handler
                0x0000000008000f50        0x2 ./Core/Startup/startup_stm32f411vetx.o
                0x0000000008000f50                RTC_Alarm_IRQHandler
                0x0000000008000f50                EXTI2_IRQHandler
                0x0000000008000f50                SPI4_IRQHandler
                0x0000000008000f50                TIM1_CC_IRQHandler
                0x0000000008000f50                DMA2_Stream5_IRQHandler
                0x0000000008000f50                DMA1_Stream5_IRQHandler
                0x0000000008000f50                PVD_IRQHandler
                0x0000000008000f50                SDIO_IRQHandler
                0x0000000008000f50                TAMP_STAMP_IRQHandler
                0x0000000008000f50                EXTI3_IRQHandler
                0x0000000008000f50                TIM1_UP_TIM10_IRQHandler
                0x0000000008000f50                I2C3_ER_IRQHandler
                0x0000000008000f50                EXTI0_IRQHandler
                0x0000000008000f50                I2C2_EV_IRQHandler
                0x0000000008000f50                DMA1_Stream2_IRQHandler
                0x0000000008000f50                FPU_IRQHandler
                0x0000000008000f50                DMA2_Stream2_IRQHandler
                0x0000000008000f50                SPI1_IRQHandler
                0x0000000008000f50                TIM1_BRK_TIM9_IRQHandler
                0x0000000008000f50                DMA2_Stream3_IRQHandler
                0x0000000008000f50                USART6_IRQHandler
                0x0000000008000f50                DMA2_Stream0_IRQHandler
                0x0000000008000f50                TIM4_IRQHandler
                0x0000000008000f50                I2C1_EV_IRQHandler
                0x0000000008000f50                DMA1_Stream6_IRQHandler
                0x0000000008000f50                DMA1_Stream1_IRQHandler
                0x0000000008000f50                TIM3_IRQHandler
                0x0000000008000f50                RCC_IRQHandler
                0x0000000008000f50                Default_Handler
                0x0000000008000f50                EXTI15_10_IRQHandler
                0x0000000008000f50                ADC_IRQHandler
                0x0000000008000f50                DMA1_Stream7_IRQHandler
                0x0000000008000f50                SPI5_IRQHandler
                0x0000000008000f50                TIM5_IRQHandler
                0x0000000008000f50                DMA2_Stream7_IRQHandler
                0x0000000008000f50                I2C3_EV_IRQHandler
                0x0000000008000f50                EXTI9_5_IRQHandler
                0x0000000008000f50                RTC_WKUP_IRQHandler
                0x0000000008000f50                SPI2_IRQHandler
                0x0000000008000f50                DMA1_Stream0_IRQHandler
                0x0000000008000f50                EXTI4_IRQHandler
                0x0000000008000f50                WWDG_IRQHandler
                0x0000000008000f50                TIM2_IRQHandler
                0x0000000008000f50                OTG_FS_WKUP_IRQHandler
                0x0000000008000f50                TIM1_TRG_COM_TIM11_IRQHandler
                0x0000000008000f50                EXTI1_IRQHandler
                0x0000000008000f50                USART2_IRQHandler
                0x0000000008000f50                I2C2_ER_IRQHandler
                0x0000000008000f50                DMA2_Stream1_IRQHandler
                0x0000000008000f50                FLASH_IRQHandler
                0x0000000008000f50                DMA2_Stream4_IRQHandler
                0x0000000008000f50                USART1_IRQHandler
                0x0000000008000f50                OTG_FS_IRQHandler
                0x0000000008000f50                SPI3_IRQHandler
                0x0000000008000f50                DMA1_Stream4_IRQHandler
                0x0000000008000f50                I2C1_ER_IRQHandler
                0x0000000008000f50                DMA2_Stream6_IRQHandler
                0x0000000008000f50                DMA1_Stream3_IRQHandler
 *fill*         0x0000000008000f52        0x2 
 .text.HAL_Init
                0x0000000008000f54       0x44 ./Drivers/STM32F4xx_HAL_Driver/Src/stm32f4xx_hal.o
                0x0000000008000f54                HAL_Init
 .text.HAL_InitTick
                0x0000000008000f98       0x60 ./Drivers/STM32F4xx_HAL_Driver/Src/stm32f4xx_hal.o
                0x0000000008000f98                HAL_InitTick
 .text.HAL_IncTick
                0x0000000008000ff8       0x28 ./Drivers/STM32F4xx_HAL_Driver/Src/stm32f4xx_hal.o
                0x0000000008000ff8                HAL_IncTick
 .text.HAL_GetTick
                0x0000000008001020       0x18 ./Drivers/STM32F4xx_HAL_Driver/Src/stm32f4xx_hal.o
                0x0000000008001020                HAL_GetTick
 .text.HAL_Delay
                0x0000000008001038       0x48 ./Drivers/STM32F4xx_HAL_Driver/Src/stm32f4xx_hal.o
                0x0000000008001038                HAL_Delay
 .text.__NVIC_SetPriorityGrouping
                0x0000000008001080       0x48 ./Drivers/STM32F4xx_HAL_Driver/Src/stm32f4xx_hal_cortex.o
 .text.__NVIC_GetPriorityGrouping
                0x00000000080010c8       0x1c ./Drivers/STM32F4xx_HAL_Driver/Src/stm32f4xx_hal_cortex.o
 .text.__NVIC_SetPriority
                0x00000000080010e4       0x54 ./Drivers/STM32F4xx_HAL_Driver/Src/stm32f4xx_hal_cortex.o
 .text.NVIC_EncodePriority
                0x0000000008001138       0x66 ./Drivers/STM32F4xx_HAL_Driver/Src/stm32f4xx_hal_cortex.o
 *fill*         0x000000000800119e        0x2 
 .text.SysTick_Config
                0x00000000080011a0       0x44 ./Drivers/STM32F4xx_HAL_Driver/Src/stm32f4xx_hal_cortex.o
 .text.HAL_NVIC_SetPriorityGrouping
                0x00000000080011e4       0x16 ./Drivers/STM32F4xx_HAL_Driver/Src/stm32f4xx_hal_cortex.o
                0x00000000080011e4                HAL_NVIC_SetPriorityGrouping
 .text.HAL_NVIC_SetPriority
                0x00000000080011fa       0x38 ./Drivers/STM32F4xx_HAL_Driver/Src/stm32f4xx_hal_cortex.o
                0x00000000080011fa                HAL_NVIC_SetPriority
 .text.HAL_SYSTICK_Config
                0x0000000008001232       0x18 ./Drivers/STM32F4xx_HAL_Driver/Src/stm32f4xx_hal_cortex.o
                0x0000000008001232                HAL_SYSTICK_Config
 *fill*         0x000000000800124a        0x2 
 .text.HAL_GPIO_Init
                0x000000000800124c      0x308 ./Drivers/STM32F4xx_HAL_Driver/Src/stm32f4xx_hal_gpio.o
                0x000000000800124c                HAL_GPIO_Init
 .text.HAL_GPIO_WritePin
                0x0000000008001554       0x32 ./Drivers/STM32F4xx_HAL_Driver/Src/stm32f4xx_hal_gpio.o
                0x0000000008001554                HAL_GPIO_WritePin
 *fill*         0x0000000008001586        0x2 
 .text.HAL_RCC_OscConfig
                0x0000000008001588      0x4f0 ./Drivers/STM32F4xx_HAL_Driver/Src/stm32f4xx_hal_rcc.o
                0x0000000008001588                HAL_RCC_OscConfig
 .text.HAL_RCC_ClockConfig
                0x0000000008001a78      0x1cc ./Drivers/STM32F4xx_HAL_Driver/Src/stm32f4xx_hal_rcc.o
                0x0000000008001a78                HAL_RCC_ClockConfig
 .text.HAL_RCC_GetSysClockFreq
                0x0000000008001c44      0x18c ./Drivers/STM32F4xx_HAL_Driver/Src/stm32f4xx_hal_rcc.o
                0x0000000008001c44                HAL_RCC_GetSysClockFreq
 .text.HAL_SPI_Init
                0x0000000008001dd0      0x112 ./Drivers/STM32F4xx_HAL_Driver/Src/stm32f4xx_hal_spi.o
                0x0000000008001dd0                HAL_SPI_Init
 .text.HAL_SPI_TransmitReceive
                0x0000000008001ee2      0x344 ./Drivers/STM32F4xx_HAL_Driver/Src/stm32f4xx_hal_spi.o
                0x0000000008001ee2                HAL_SPI_TransmitReceive
 *fill*         0x0000000008002226        0x2 
 .text.SPI_WaitFlagStateUntilTimeout
                0x0000000008002228      0x110 ./Drivers/STM32F4xx_HAL_Driver/Src/stm32f4xx_hal_spi.o
 .text.SPI_EndRxTxTransaction
                0x0000000008002338       0x84 ./Drivers/STM32F4xx_HAL_Driver/Src/stm32f4xx_hal_spi.o
 .text.__libc_init_array
                0x00000000080023bc       0x48 c:/st/stm32cubeide_1.9.0/stm32cubeide/plugins/com.st.stm32cube.ide.mcu.externaltools.gnu-tools-for-stm32.10.3-2021.10.win32_1.0.0.202111181127/tools/bin/../lib/gcc/arm-none-eabi/10.3.1/../../../../arm-none-eabi/lib/thumb/v7e-m+fp/hard\libc_nano.a(lib_a-init.o)
                0x00000000080023bc                __libc_init_array
 .text.memset   0x0000000008002404       0x10 c:/st/stm32cubeide_1.9.0/stm32cubeide/plugins/com.st.stm32cube.ide.mcu.externaltools.gnu-tools-for-stm32.10.3-2021.10.win32_1.0.0.202111181127/tools/bin/../lib/gcc/arm-none-eabi/10.3.1/../../../../arm-none-eabi/lib/thumb/v7e-m+fp/hard\libc_nano.a(lib_a-memset.o)
                0x0000000008002404                memset
 *(.glue_7)
 .glue_7        0x0000000008002414        0x0 linker stubs
 *(.glue_7t)
 .glue_7t       0x0000000008002414        0x0 linker stubs
 *(.eh_frame)
 .eh_frame      0x0000000008002414        0x0 c:/st/stm32cubeide_1.9.0/stm32cubeide/plugins/com.st.stm32cube.ide.mcu.externaltools.gnu-tools-for-stm32.10.3-2021.10.win32_1.0.0.202111181127/tools/bin/../lib/gcc/arm-none-eabi/10.3.1/thumb/v7e-m+fp/hard/crtbegin.o
 *(.init)
 .init          0x0000000008002414        0x4 c:/st/stm32cubeide_1.9.0/stm32cubeide/plugins/com.st.stm32cube.ide.mcu.externaltools.gnu-tools-for-stm32.10.3-2021.10.win32_1.0.0.202111181127/tools/bin/../lib/gcc/arm-none-eabi/10.3.1/thumb/v7e-m+fp/hard/crti.o
                0x0000000008002414                _init
 .init          0x0000000008002418        0x8 c:/st/stm32cubeide_1.9.0/stm32cubeide/plugins/com.st.stm32cube.ide.mcu.externaltools.gnu-tools-for-stm32.10.3-2021.10.win32_1.0.0.202111181127/tools/bin/../lib/gcc/arm-none-eabi/10.3.1/thumb/v7e-m+fp/hard/crtn.o
 *(.fini)
 .fini          0x0000000008002420        0x4 c:/st/stm32cubeide_1.9.0/stm32cubeide/plugins/com.st.stm32cube.ide.mcu.externaltools.gnu-tools-for-stm32.10.3-2021.10.win32_1.0.0.202111181127/tools/bin/../lib/gcc/arm-none-eabi/10.3.1/thumb/v7e-m+fp/hard/crti.o
                0x0000000008002420                _fini
 .fini          0x0000000008002424        0x8 c:/st/stm32cubeide_1.9.0/stm32cubeide/plugins/com.st.stm32cube.ide.mcu.externaltools.gnu-tools-for-stm32.10.3-2021.10.win32_1.0.0.202111181127/tools/bin/../lib/gcc/arm-none-eabi/10.3.1/thumb/v7e-m+fp/hard/crtn.o
                0x000000000800242c                . = ALIGN (0x4)
                0x000000000800242c                _etext = .

.vfp11_veneer   0x000000000800242c        0x0
 .vfp11_veneer  0x000000000800242c        0x0 linker stubs

.v4_bx          0x000000000800242c        0x0
 .v4_bx         0x000000000800242c        0x0 linker stubs

.iplt           0x000000000800242c        0x0
 .iplt          0x000000000800242c        0x0 c:/st/stm32cubeide_1.9.0/stm32cubeide/plugins/com.st.stm32cube.ide.mcu.externaltools.gnu-tools-for-stm32.10.3-2021.10.win32_1.0.0.202111181127/tools/bin/../lib/gcc/arm-none-eabi/10.3.1/thumb/v7e-m+fp/hard/crtbegin.o

.rodata         0x000000000800242c       0x10
                0x000000000800242c                . = ALIGN (0x4)
 *(.rodata)
 *(.rodata*)
 .rodata.AHBPrescTable
                0x000000000800242c       0x10 ./Core/Src/system_stm32f4xx.o
                0x000000000800242c                AHBPrescTable
                0x000000000800243c                . = ALIGN (0x4)

.ARM.extab      0x000000000800243c        0x0
                0x000000000800243c                . = ALIGN (0x4)
 *(.ARM.extab* .gnu.linkonce.armextab.*)
                0x000000000800243c                . = ALIGN (0x4)

.ARM            0x000000000800243c        0x8
                0x000000000800243c                . = ALIGN (0x4)
                0x000000000800243c                __exidx_start = .
 *(.ARM.exidx*)
 .ARM.exidx     0x000000000800243c        0x8 c:/st/stm32cubeide_1.9.0/stm32cubeide/plugins/com.st.stm32cube.ide.mcu.externaltools.gnu-tools-for-stm32.10.3-2021.10.win32_1.0.0.202111181127/tools/bin/../lib/gcc/arm-none-eabi/10.3.1/thumb/v7e-m+fp/hard\libgcc.a(_udivmoddi4.o)
                0x0000000008002444                __exidx_end = .
                0x0000000008002444                . = ALIGN (0x4)

.rel.dyn        0x0000000008002444        0x0
 .rel.iplt      0x0000000008002444        0x0 c:/st/stm32cubeide_1.9.0/stm32cubeide/plugins/com.st.stm32cube.ide.mcu.externaltools.gnu-tools-for-stm32.10.3-2021.10.win32_1.0.0.202111181127/tools/bin/../lib/gcc/arm-none-eabi/10.3.1/thumb/v7e-m+fp/hard/crtbegin.o

.preinit_array  0x0000000008002444        0x0
                0x0000000008002444                . = ALIGN (0x4)
                0x0000000008002444                PROVIDE (__preinit_array_start = .)
 *(.preinit_array*)
                0x0000000008002444                PROVIDE (__preinit_array_end = .)
                0x0000000008002444                . = ALIGN (0x4)

.init_array     0x0000000008002444        0x4
                0x0000000008002444                . = ALIGN (0x4)
                0x0000000008002444                PROVIDE (__init_array_start = .)
 *(SORT_BY_NAME(.init_array.*))
 *(.init_array*)
 .init_array    0x0000000008002444        0x4 c:/st/stm32cubeide_1.9.0/stm32cubeide/plugins/com.st.stm32cube.ide.mcu.externaltools.gnu-tools-for-stm32.10.3-2021.10.win32_1.0.0.202111181127/tools/bin/../lib/gcc/arm-none-eabi/10.3.1/thumb/v7e-m+fp/hard/crtbegin.o
                0x0000000008002448                PROVIDE (__init_array_end = .)
                0x0000000008002448                . = ALIGN (0x4)

.fini_array     0x0000000008002448        0x4
                0x0000000008002448                . = ALIGN (0x4)
                [!provide]                        PROVIDE (__fini_array_start = .)
 *(SORT_BY_NAME(.fini_array.*))
 *(.fini_array*)
 .fini_array    0x0000000008002448        0x4 c:/st/stm32cubeide_1.9.0/stm32cubeide/plugins/com.st.stm32cube.ide.mcu.externaltools.gnu-tools-for-stm32.10.3-2021.10.win32_1.0.0.202111181127/tools/bin/../lib/gcc/arm-none-eabi/10.3.1/thumb/v7e-m+fp/hard/crtbegin.o
                [!provide]                        PROVIDE (__fini_array_end = .)
                0x000000000800244c                . = ALIGN (0x4)
                0x000000000800244c                _sidata = LOADADDR (.data)

.data           0x0000000020000000       0x14 load address 0x000000000800244c
                0x0000000020000000                . = ALIGN (0x4)
                0x0000000020000000                _sdata = .
 *(.data)
 *(.data*)
 .data.MyID     0x0000000020000000        0x5 ./Core/Src/main.o
                0x0000000020000000                MyID
 *fill*         0x0000000020000005        0x3 
 .data.SystemCoreClock
                0x0000000020000008        0x4 ./Core/Src/system_stm32f4xx.o
                0x0000000020000008                SystemCoreClock
 .data.uwTickPrio
                0x000000002000000c        0x4 ./Drivers/STM32F4xx_HAL_Driver/Src/stm32f4xx_hal.o
                0x000000002000000c                uwTickPrio
 .data.uwTickFreq
                0x0000000020000010        0x1 ./Drivers/STM32F4xx_HAL_Driver/Src/stm32f4xx_hal.o
                0x0000000020000010                uwTickFreq
 *(.RamFunc)
 *(.RamFunc*)
                0x0000000020000014                . = ALIGN (0x4)
 *fill*         0x0000000020000011        0x3 
                0x0000000020000014                _edata = .

.igot.plt       0x0000000020000014        0x0 load address 0x0000000008002460
 .igot.plt      0x0000000020000014        0x0 c:/st/stm32cubeide_1.9.0/stm32cubeide/plugins/com.st.stm32cube.ide.mcu.externaltools.gnu-tools-for-stm32.10.3-2021.10.win32_1.0.0.202111181127/tools/bin/../lib/gcc/arm-none-eabi/10.3.1/thumb/v7e-m+fp/hard/crtbegin.o
                0x0000000020000014                . = ALIGN (0x4)

.bss            0x0000000020000014       0x80 load address 0x0000000008002460
                0x0000000020000014                _sbss = .
                0x0000000020000014                __bss_start__ = _sbss
 *(.bss)
 .bss           0x0000000020000014       0x1c c:/st/stm32cubeide_1.9.0/stm32cubeide/plugins/com.st.stm32cube.ide.mcu.externaltools.gnu-tools-for-stm32.10.3-2021.10.win32_1.0.0.202111181127/tools/bin/../lib/gcc/arm-none-eabi/10.3.1/thumb/v7e-m+fp/hard/crtbegin.o
 *(.bss*)
 .bss.hspi2     0x0000000020000030       0x58 ./Core/Src/main.o
                0x0000000020000030                hspi2
 .bss.CardID    0x0000000020000088        0x5 ./Core/Src/main.o
                0x0000000020000088                CardID
 *fill*         0x000000002000008d        0x3 
 .bss.uwTick    0x0000000020000090        0x4 ./Drivers/STM32F4xx_HAL_Driver/Src/stm32f4xx_hal.o
                0x0000000020000090                uwTick
 *(COMMON)
                0x0000000020000094                . = ALIGN (0x4)
                0x0000000020000094                _ebss = .
                0x0000000020000094                __bss_end__ = _ebss

._user_heap_stack
                0x0000000020000094      0x604 load address 0x0000000008002460
                0x0000000020000098                . = ALIGN (0x8)
 *fill*         0x0000000020000094        0x4 
                [!provide]                        PROVIDE (end = .)
                0x0000000020000098                PROVIDE (_end = .)
                0x0000000020000298                . = (. + _Min_Heap_Size)
 *fill*         0x0000000020000098      0x200 
                0x0000000020000698                . = (. + _Min_Stack_Size)
 *fill*         0x0000000020000298      0x400 
                0x0000000020000698                . = ALIGN (0x8)

/DISCARD/
 libc.a(*)
 libm.a(*)
 libgcc.a(*)

.ARM.attributes
                0x0000000000000000       0x30
 *(.ARM.attributes)
 .ARM.attributes
                0x0000000000000000       0x1e c:/st/stm32cubeide_1.9.0/stm32cubeide/plugins/com.st.stm32cube.ide.mcu.externaltools.gnu-tools-for-stm32.10.3-2021.10.win32_1.0.0.202111181127/tools/bin/../lib/gcc/arm-none-eabi/10.3.1/thumb/v7e-m+fp/hard/crti.o
 .ARM.attributes
                0x000000000000001e       0x34 c:/st/stm32cubeide_1.9.0/stm32cubeide/plugins/com.st.stm32cube.ide.mcu.externaltools.gnu-tools-for-stm32.10.3-2021.10.win32_1.0.0.202111181127/tools/bin/../lib/gcc/arm-none-eabi/10.3.1/thumb/v7e-m+fp/hard/crtbegin.o
 .ARM.attributes
                0x0000000000000052       0x34 ./Core/Src/main.o
 .ARM.attributes
                0x0000000000000086       0x34 ./Core/Src/rc522.o
 .ARM.attributes
                0x00000000000000ba       0x34 ./Core/Src/stm32f4xx_hal_msp.o
 .ARM.attributes
                0x00000000000000ee       0x34 ./Core/Src/stm32f4xx_it.o
 .ARM.attributes
                0x0000000000000122       0x34 ./Core/Src/system_stm32f4xx.o
 .ARM.attributes
                0x0000000000000156       0x21 ./Core/Startup/startup_stm32f411vetx.o
 .ARM.attributes
                0x0000000000000177       0x34 ./Drivers/STM32F4xx_HAL_Driver/Src/stm32f4xx_hal.o
 .ARM.attributes
                0x00000000000001ab       0x34 ./Drivers/STM32F4xx_HAL_Driver/Src/stm32f4xx_hal_cortex.o
 .ARM.attributes
                0x00000000000001df       0x34 ./Drivers/STM32F4xx_HAL_Driver/Src/stm32f4xx_hal_gpio.o
 .ARM.attributes
                0x0000000000000213       0x34 ./Drivers/STM32F4xx_HAL_Driver/Src/stm32f4xx_hal_rcc.o
 .ARM.attributes
                0x0000000000000247       0x34 ./Drivers/STM32F4xx_HAL_Driver/Src/stm32f4xx_hal_spi.o
 .ARM.attributes
                0x000000000000027b       0x34 c:/st/stm32cubeide_1.9.0/stm32cubeide/plugins/com.st.stm32cube.ide.mcu.externaltools.gnu-tools-for-stm32.10.3-2021.10.win32_1.0.0.202111181127/tools/bin/../lib/gcc/arm-none-eabi/10.3.1/../../../../arm-none-eabi/lib/thumb/v7e-m+fp/hard\libc_nano.a(lib_a-init.o)
 .ARM.attributes
                0x00000000000002af       0x34 c:/st/stm32cubeide_1.9.0/stm32cubeide/plugins/com.st.stm32cube.ide.mcu.externaltools.gnu-tools-for-stm32.10.3-2021.10.win32_1.0.0.202111181127/tools/bin/../lib/gcc/arm-none-eabi/10.3.1/../../../../arm-none-eabi/lib/thumb/v7e-m+fp/hard\libc_nano.a(lib_a-memset.o)
 .ARM.attributes
                0x00000000000002e3       0x1e c:/st/stm32cubeide_1.9.0/stm32cubeide/plugins/com.st.stm32cube.ide.mcu.externaltools.gnu-tools-for-stm32.10.3-2021.10.win32_1.0.0.202111181127/tools/bin/../lib/gcc/arm-none-eabi/10.3.1/thumb/v7e-m+fp/hard\libgcc.a(_aeabi_uldivmod.o)
 .ARM.attributes
                0x0000000000000301       0x34 c:/st/stm32cubeide_1.9.0/stm32cubeide/plugins/com.st.stm32cube.ide.mcu.externaltools.gnu-tools-for-stm32.10.3-2021.10.win32_1.0.0.202111181127/tools/bin/../lib/gcc/arm-none-eabi/10.3.1/thumb/v7e-m+fp/hard\libgcc.a(_udivmoddi4.o)
 .ARM.attributes
                0x0000000000000335       0x1e c:/st/stm32cubeide_1.9.0/stm32cubeide/plugins/com.st.stm32cube.ide.mcu.externaltools.gnu-tools-for-stm32.10.3-2021.10.win32_1.0.0.202111181127/tools/bin/../lib/gcc/arm-none-eabi/10.3.1/thumb/v7e-m+fp/hard\libgcc.a(_dvmd_tls.o)
 .ARM.attributes
                0x0000000000000353       0x1e c:/st/stm32cubeide_1.9.0/stm32cubeide/plugins/com.st.stm32cube.ide.mcu.externaltools.gnu-tools-for-stm32.10.3-2021.10.win32_1.0.0.202111181127/tools/bin/../lib/gcc/arm-none-eabi/10.3.1/thumb/v7e-m+fp/hard/crtn.o
OUTPUT(RFID_SPI.elf elf32-littlearm)
LOAD linker stubs
LOAD c:/st/stm32cubeide_1.9.0/stm32cubeide/plugins/com.st.stm32cube.ide.mcu.externaltools.gnu-tools-for-stm32.10.3-2021.10.win32_1.0.0.202111181127/tools/bin/../lib/gcc/arm-none-eabi/10.3.1/../../../../arm-none-eabi/lib/thumb/v7e-m+fp/hard\libc.a
LOAD c:/st/stm32cubeide_1.9.0/stm32cubeide/plugins/com.st.stm32cube.ide.mcu.externaltools.gnu-tools-for-stm32.10.3-2021.10.win32_1.0.0.202111181127/tools/bin/../lib/gcc/arm-none-eabi/10.3.1/../../../../arm-none-eabi/lib/thumb/v7e-m+fp/hard\libm.a
LOAD c:/st/stm32cubeide_1.9.0/stm32cubeide/plugins/com.st.stm32cube.ide.mcu.externaltools.gnu-tools-for-stm32.10.3-2021.10.win32_1.0.0.202111181127/tools/bin/../lib/gcc/arm-none-eabi/10.3.1/thumb/v7e-m+fp/hard\libgcc.a

.debug_info     0x0000000000000000     0x6a92
 .debug_info    0x0000000000000000      0xd2c ./Core/Src/main.o
 .debug_info    0x0000000000000d2c      0xdda ./Core/Src/rc522.o
 .debug_info    0x0000000000001b06      0x9f7 ./Core/Src/stm32f4xx_hal_msp.o
 .debug_info    0x00000000000024fd      0x121 ./Core/Src/stm32f4xx_it.o
 .debug_info    0x000000000000261e      0x54f ./Core/Src/system_stm32f4xx.o
 .debug_info    0x0000000000002b6d       0x22 ./Core/Startup/startup_stm32f411vetx.o
 .debug_info    0x0000000000002b8f      0x90d ./Drivers/STM32F4xx_HAL_Driver/Src/stm32f4xx_hal.o
 .debug_info    0x000000000000349c      0xd8b ./Drivers/STM32F4xx_HAL_Driver/Src/stm32f4xx_hal_cortex.o
 .debug_info    0x0000000000004227      0x78e ./Drivers/STM32F4xx_HAL_Driver/Src/stm32f4xx_hal_gpio.o
 .debug_info    0x00000000000049b5      0x98d ./Drivers/STM32F4xx_HAL_Driver/Src/stm32f4xx_hal_rcc.o
 .debug_info    0x0000000000005342     0x1750 ./Drivers/STM32F4xx_HAL_Driver/Src/stm32f4xx_hal_spi.o

.debug_abbrev   0x0000000000000000     0x143a
 .debug_abbrev  0x0000000000000000      0x25e ./Core/Src/main.o
 .debug_abbrev  0x000000000000025e      0x27c ./Core/Src/rc522.o
 .debug_abbrev  0x00000000000004da      0x194 ./Core/Src/stm32f4xx_hal_msp.o
 .debug_abbrev  0x000000000000066e       0x74 ./Core/Src/stm32f4xx_it.o
 .debug_abbrev  0x00000000000006e2      0x116 ./Core/Src/system_stm32f4xx.o
 .debug_abbrev  0x00000000000007f8       0x12 ./Core/Startup/startup_stm32f411vetx.o
 .debug_abbrev  0x000000000000080a      0x23e ./Drivers/STM32F4xx_HAL_Driver/Src/stm32f4xx_hal.o
 .debug_abbrev  0x0000000000000a48      0x316 ./Drivers/STM32F4xx_HAL_Driver/Src/stm32f4xx_hal_cortex.o
 .debug_abbrev  0x0000000000000d5e      0x1c4 ./Drivers/STM32F4xx_HAL_Driver/Src/stm32f4xx_hal_gpio.o
 .debug_abbrev  0x0000000000000f22      0x2aa ./Drivers/STM32F4xx_HAL_Driver/Src/stm32f4xx_hal_rcc.o
 .debug_abbrev  0x00000000000011cc      0x26e ./Drivers/STM32F4xx_HAL_Driver/Src/stm32f4xx_hal_spi.o

.debug_aranges  0x0000000000000000      0x6a0
 .debug_aranges
                0x0000000000000000       0x40 ./Core/Src/main.o
 .debug_aranges
                0x0000000000000040       0xc8 ./Core/Src/rc522.o
 .debug_aranges
                0x0000000000000108       0x30 ./Core/Src/stm32f4xx_hal_msp.o
 .debug_aranges
                0x0000000000000138       0x60 ./Core/Src/stm32f4xx_it.o
 .debug_aranges
                0x0000000000000198       0x28 ./Core/Src/system_stm32f4xx.o
 .debug_aranges
                0x00000000000001c0       0x28 ./Core/Startup/startup_stm32f411vetx.o
 .debug_aranges
                0x00000000000001e8       0xf0 ./Drivers/STM32F4xx_HAL_Driver/Src/stm32f4xx_hal.o
 .debug_aranges
                0x00000000000002d8      0x118 ./Drivers/STM32F4xx_HAL_Driver/Src/stm32f4xx_hal_cortex.o
 .debug_aranges
                0x00000000000003f0       0x58 ./Drivers/STM32F4xx_HAL_Driver/Src/stm32f4xx_hal_gpio.o
 .debug_aranges
                0x0000000000000448       0x88 ./Drivers/STM32F4xx_HAL_Driver/Src/stm32f4xx_hal_rcc.o
 .debug_aranges
                0x00000000000004d0      0x1d0 ./Drivers/STM32F4xx_HAL_Driver/Src/stm32f4xx_hal_spi.o

.debug_ranges   0x0000000000000000      0x5f8
 .debug_ranges  0x0000000000000000       0x30 ./Core/Src/main.o
 .debug_ranges  0x0000000000000030       0xb8 ./Core/Src/rc522.o
 .debug_ranges  0x00000000000000e8       0x20 ./Core/Src/stm32f4xx_hal_msp.o
 .debug_ranges  0x0000000000000108       0x50 ./Core/Src/stm32f4xx_it.o
 .debug_ranges  0x0000000000000158       0x18 ./Core/Src/system_stm32f4xx.o
 .debug_ranges  0x0000000000000170       0x20 ./Core/Startup/startup_stm32f411vetx.o
 .debug_ranges  0x0000000000000190       0xe0 ./Drivers/STM32F4xx_HAL_Driver/Src/stm32f4xx_hal.o
 .debug_ranges  0x0000000000000270      0x108 ./Drivers/STM32F4xx_HAL_Driver/Src/stm32f4xx_hal_cortex.o
 .debug_ranges  0x0000000000000378       0x48 ./Drivers/STM32F4xx_HAL_Driver/Src/stm32f4xx_hal_gpio.o
 .debug_ranges  0x00000000000003c0       0x78 ./Drivers/STM32F4xx_HAL_Driver/Src/stm32f4xx_hal_rcc.o
 .debug_ranges  0x0000000000000438      0x1c0 ./Drivers/STM32F4xx_HAL_Driver/Src/stm32f4xx_hal_spi.o

.debug_macro    0x0000000000000000    0x14b2a
 .debug_macro   0x0000000000000000      0x1cd ./Core/Src/main.o
 .debug_macro   0x00000000000001cd      0xa78 ./Core/Src/main.o
 .debug_macro   0x0000000000000c45      0x295 ./Core/Src/main.o
 .debug_macro   0x0000000000000eda       0x2e ./Core/Src/main.o
 .debug_macro   0x0000000000000f08       0x28 ./Core/Src/main.o
 .debug_macro   0x0000000000000f30       0x22 ./Core/Src/main.o
 .debug_macro   0x0000000000000f52       0x8e ./Core/Src/main.o
 .debug_macro   0x0000000000000fe0       0x51 ./Core/Src/main.o
 .debug_macro   0x0000000000001031      0x103 ./Core/Src/main.o
 .debug_macro   0x0000000000001134       0x6a ./Core/Src/main.o
 .debug_macro   0x000000000000119e      0x1df ./Core/Src/main.o
 .debug_macro   0x000000000000137d       0x1c ./Core/Src/main.o
 .debug_macro   0x0000000000001399       0x22 ./Core/Src/main.o
 .debug_macro   0x00000000000013bb       0xd9 ./Core/Src/main.o
 .debug_macro   0x0000000000001494     0x102d ./Core/Src/main.o
 .debug_macro   0x00000000000024c1      0x11f ./Core/Src/main.o
 .debug_macro   0x00000000000025e0     0xb953 ./Core/Src/main.o
 .debug_macro   0x000000000000df33       0x6d ./Core/Src/main.o
 .debug_macro   0x000000000000dfa0     0x367e ./Core/Src/main.o
 .debug_macro   0x000000000001161e      0x174 ./Core/Src/main.o
 .debug_macro   0x0000000000011792       0x5c ./Core/Src/main.o
 .debug_macro   0x00000000000117ee      0x447 ./Core/Src/main.o
 .debug_macro   0x0000000000011c35      0x9fe ./Core/Src/main.o
 .debug_macro   0x0000000000012633      0x115 ./Core/Src/main.o
 .debug_macro   0x0000000000012748      0x11b ./Core/Src/main.o
 .debug_macro   0x0000000000012863       0xa5 ./Core/Src/main.o
 .debug_macro   0x0000000000012908      0x15f ./Core/Src/main.o
 .debug_macro   0x0000000000012a67      0x287 ./Core/Src/main.o
 .debug_macro   0x0000000000012cee       0x5f ./Core/Src/main.o
 .debug_macro   0x0000000000012d4d      0x236 ./Core/Src/main.o
 .debug_macro   0x0000000000012f83      0x132 ./Core/Src/main.o
 .debug_macro   0x00000000000130b5      0x264 ./Core/Src/main.o
 .debug_macro   0x0000000000013319       0x2e ./Core/Src/main.o
 .debug_macro   0x0000000000013347      0x11a ./Core/Src/main.o
 .debug_macro   0x0000000000013461       0x85 ./Core/Src/main.o
 .debug_macro   0x00000000000134e6       0x89 ./Core/Src/main.o
 .debug_macro   0x000000000001356f      0x225 ./Core/Src/main.o
 .debug_macro   0x0000000000013794      0x126 ./Core/Src/main.o
 .debug_macro   0x00000000000138ba      0x226 ./Core/Src/main.o
 .debug_macro   0x0000000000013ae0      0x1c3 ./Core/Src/rc522.o
 .debug_macro   0x0000000000013ca3      0x1c4 ./Core/Src/stm32f4xx_hal_msp.o
 .debug_macro   0x0000000000013e67      0x1ce ./Core/Src/stm32f4xx_it.o
 .debug_macro   0x0000000000014035      0x1ba ./Core/Src/system_stm32f4xx.o
 .debug_macro   0x00000000000141ef      0x21a ./Drivers/STM32F4xx_HAL_Driver/Src/stm32f4xx_hal.o
 .debug_macro   0x0000000000014409      0x1ba ./Drivers/STM32F4xx_HAL_Driver/Src/stm32f4xx_hal_cortex.o
 .debug_macro   0x00000000000145c3      0x1c0 ./Drivers/STM32F4xx_HAL_Driver/Src/stm32f4xx_hal_gpio.o
 .debug_macro   0x0000000000014783      0x1de ./Drivers/STM32F4xx_HAL_Driver/Src/stm32f4xx_hal_rcc.o
 .debug_macro   0x0000000000014961      0x1c9 ./Drivers/STM32F4xx_HAL_Driver/Src/stm32f4xx_hal_spi.o

.debug_line     0x0000000000000000     0x72cc
 .debug_line    0x0000000000000000      0x797 ./Core/Src/main.o
 .debug_line    0x0000000000000797      0xc6e ./Core/Src/rc522.o
 .debug_line    0x0000000000001405      0x6e4 ./Core/Src/stm32f4xx_hal_msp.o
 .debug_line    0x0000000000001ae9      0x748 ./Core/Src/stm32f4xx_it.o
 .debug_line    0x0000000000002231      0x707 ./Core/Src/system_stm32f4xx.o
 .debug_line    0x0000000000002938       0x88 ./Core/Startup/startup_stm32f411vetx.o
 .debug_line    0x00000000000029c0      0x96d ./Drivers/STM32F4xx_HAL_Driver/Src/stm32f4xx_hal.o
 .debug_line    0x000000000000332d      0xc1c ./Drivers/STM32F4xx_HAL_Driver/Src/stm32f4xx_hal_cortex.o
 .debug_line    0x0000000000003f49      0xaa5 ./Drivers/STM32F4xx_HAL_Driver/Src/stm32f4xx_hal_gpio.o
 .debug_line    0x00000000000049ee      0xce7 ./Drivers/STM32F4xx_HAL_Driver/Src/stm32f4xx_hal_rcc.o
 .debug_line    0x00000000000056d5     0x1bf7 ./Drivers/STM32F4xx_HAL_Driver/Src/stm32f4xx_hal_spi.o

.debug_str      0x0000000000000000    0x818d4
 .debug_str     0x0000000000000000    0x7fe46 ./Core/Src/main.o
                                      0x80117 (size before relaxing)
 .debug_str     0x000000000007fe46      0x276 ./Core/Src/rc522.o
                                      0x80076 (size before relaxing)
 .debug_str     0x00000000000800bc       0x63 ./Core/Src/stm32f4xx_hal_msp.o
                                      0x7f633 (size before relaxing)
 .debug_str     0x000000000008011f       0xc9 ./Core/Src/stm32f4xx_it.o
                                      0x7f0ac (size before relaxing)
 .debug_str     0x00000000000801e8       0xdb ./Core/Src/system_stm32f4xx.o
                                      0x7f1e8 (size before relaxing)
 .debug_str     0x00000000000802c3       0x36 ./Core/Startup/startup_stm32f411vetx.o
                                         0x75 (size before relaxing)
 .debug_str     0x00000000000802f9      0x9ae ./Drivers/STM32F4xx_HAL_Driver/Src/stm32f4xx_hal.o
                                      0x7fc14 (size before relaxing)
 .debug_str     0x0000000000080ca7      0x354 ./Drivers/STM32F4xx_HAL_Driver/Src/stm32f4xx_hal_cortex.o
                                      0x7f935 (size before relaxing)
 .debug_str     0x0000000000080ffb      0x11c ./Drivers/STM32F4xx_HAL_Driver/Src/stm32f4xx_hal_gpio.o
                                      0x7f363 (size before relaxing)
 .debug_str     0x0000000000081117      0x233 ./Drivers/STM32F4xx_HAL_Driver/Src/stm32f4xx_hal_rcc.o
                                      0x7f61c (size before relaxing)
 .debug_str     0x000000000008134a      0x58a ./Drivers/STM32F4xx_HAL_Driver/Src/stm32f4xx_hal_spi.o
                                      0x7fa9a (size before relaxing)

.comment        0x0000000000000000       0x50
 .comment       0x0000000000000000       0x50 ./Core/Src/main.o
                                         0x51 (size before relaxing)
 .comment       0x0000000000000050       0x51 ./Core/Src/rc522.o
 .comment       0x0000000000000050       0x51 ./Core/Src/stm32f4xx_hal_msp.o
 .comment       0x0000000000000050       0x51 ./Core/Src/stm32f4xx_it.o
 .comment       0x0000000000000050       0x51 ./Core/Src/system_stm32f4xx.o
 .comment       0x0000000000000050       0x51 ./Drivers/STM32F4xx_HAL_Driver/Src/stm32f4xx_hal.o
 .comment       0x0000000000000050       0x51 ./Drivers/STM32F4xx_HAL_Driver/Src/stm32f4xx_hal_cortex.o
 .comment       0x0000000000000050       0x51 ./Drivers/STM32F4xx_HAL_Driver/Src/stm32f4xx_hal_gpio.o
 .comment       0x0000000000000050       0x51 ./Drivers/STM32F4xx_HAL_Driver/Src/stm32f4xx_hal_rcc.o
 .comment       0x0000000000000050       0x51 ./Drivers/STM32F4xx_HAL_Driver/Src/stm32f4xx_hal_spi.o

.debug_frame    0x0000000000000000     0x19c4
 .debug_frame   0x0000000000000000       0xa8 ./Core/Src/main.o
 .debug_frame   0x00000000000000a8      0x324 ./Core/Src/rc522.o
 .debug_frame   0x00000000000003cc       0x80 ./Core/Src/stm32f4xx_hal_msp.o
 .debug_frame   0x000000000000044c      0x104 ./Core/Src/stm32f4xx_it.o
 .debug_frame   0x0000000000000550       0x58 ./Core/Src/system_stm32f4xx.o
 .debug_frame   0x00000000000005a8      0x374 ./Drivers/STM32F4xx_HAL_Driver/Src/stm32f4xx_hal.o
 .debug_frame   0x000000000000091c      0x498 ./Drivers/STM32F4xx_HAL_Driver/Src/stm32f4xx_hal_cortex.o
 .debug_frame   0x0000000000000db4      0x14c ./Drivers/STM32F4xx_HAL_Driver/Src/stm32f4xx_hal_gpio.o
 .debug_frame   0x0000000000000f00      0x1f4 ./Drivers/STM32F4xx_HAL_Driver/Src/stm32f4xx_hal_rcc.o
 .debug_frame   0x00000000000010f4      0x824 ./Drivers/STM32F4xx_HAL_Driver/Src/stm32f4xx_hal_spi.o
 .debug_frame   0x0000000000001918       0x2c c:/st/stm32cubeide_1.9.0/stm32cubeide/plugins/com.st.stm32cube.ide.mcu.externaltools.gnu-tools-for-stm32.10.3-2021.10.win32_1.0.0.202111181127/tools/bin/../lib/gcc/arm-none-eabi/10.3.1/../../../../arm-none-eabi/lib/thumb/v7e-m+fp/hard\libc_nano.a(lib_a-init.o)
 .debug_frame   0x0000000000001944       0x20 c:/st/stm32cubeide_1.9.0/stm32cubeide/plugins/com.st.stm32cube.ide.mcu.externaltools.gnu-tools-for-stm32.10.3-2021.10.win32_1.0.0.202111181127/tools/bin/../lib/gcc/arm-none-eabi/10.3.1/../../../../arm-none-eabi/lib/thumb/v7e-m+fp/hard\libc_nano.a(lib_a-memset.o)
 .debug_frame   0x0000000000001964       0x2c c:/st/stm32cubeide_1.9.0/stm32cubeide/plugins/com.st.stm32cube.ide.mcu.externaltools.gnu-tools-for-stm32.10.3-2021.10.win32_1.0.0.202111181127/tools/bin/../lib/gcc/arm-none-eabi/10.3.1/thumb/v7e-m+fp/hard\libgcc.a(_aeabi_uldivmod.o)
 .debug_frame   0x0000000000001990       0x34 c:/st/stm32cubeide_1.9.0/stm32cubeide/plugins/com.st.stm32cube.ide.mcu.externaltools.gnu-tools-for-stm32.10.3-2021.10.win32_1.0.0.202111181127/tools/bin/../lib/gcc/arm-none-eabi/10.3.1/thumb/v7e-m+fp/hard\libgcc.a(_udivmoddi4.o)
