../Core/Src/main.c:109:6:CLK	8	static
../Core/Src/main.c:115:6:LATCH	8	static
../Core/Src/main.c:121:6:DATA	16	static
../Core/Src/main.c:134:6:pushHEX	24	static
../Core/Src/main.c:146:5:checkHexValue	24	static
../Core/Src/main.c:170:6:shiftDataLedMatrix	72	static
../Core/Src/main.c:241:6:displayMatrix	32	static
../Core/Src/main.c:255:5:main	8	static
../Core/Src/main.c:300:6:SystemClock_Config	88	static
../Core/Src/main.c:342:13:MX_GPIO_Init	40	static
../Core/Src/main.c:370:6:Error_Handler	4	static,ignoring_inline_asm
