../Core/Src/main.c:110:6:CLK	8	static
../Core/Src/main.c:116:6:LATCH	8	static
../Core/Src/main.c:122:6:DATA	16	static
../Core/Src/main.c:135:6:pushHEX	24	static
../Core/Src/main.c:147:5:checkHexValue	24	static
../Core/Src/main.c:171:6:shiftDataLedMatrix	72	static
../Core/Src/main.c:242:6:displayMatrix	32	static
../Core/Src/main.c:256:5:main	8	static
../Core/Src/main.c:301:6:SystemClock_Config	88	static
../Core/Src/main.c:348:13:MX_GPIO_Init	40	static
../Core/Src/main.c:376:6:Error_Handler	4	static,ignoring_inline_asm
