../Core/Src/rc522.c:37:9:SPI1SendByte	32	static
../Core/Src/rc522.c:46:6:SPI1_WriteReg	16	static
../Core/Src/rc522.c:53:9:SPI1_ReadReg	24	static
../Core/Src/rc522.c:63:6:MFRC522_WriteRegister	16	static
../Core/Src/rc522.c:68:9:MFRC522_ReadRegister	24	static
../Core/Src/rc522.c:76:9:MFRC522_Check	24	static
../Core/Src/rc522.c:84:9:MFRC522_Compare	24	static
../Core/Src/rc522.c:92:6:MFRC522_SetBitMask	16	static
../Core/Src/rc522.c:96:6:MFRC522_ClearBitMask	16	static
../Core/Src/rc522.c:100:9:MFRC522_Request	32	static
../Core/Src/rc522.c:111:9:MFRC522_ToCard	40	static
../Core/Src/rc522.c:174:9:MFRC522_Anticoll	32	static
../Core/Src/rc522.c:192:6:MFRC522_CalculateCRC	40	static
../Core/Src/rc522.c:215:9:MFRC522_SelectTag	40	static
../Core/Src/rc522.c:231:9:MFRC522_Auth	48	static
../Core/Src/rc522.c:247:9:MFRC522_Read	32	static
../Core/Src/rc522.c:259:9:MFRC522_Write	48	static
../Core/Src/rc522.c:280:6:MFRC522_Init	8	static
../Core/Src/rc522.c:292:6:MFRC522_Reset	8	static
../Core/Src/rc522.c:296:6:MFRC522_AntennaOn	16	static
../Core/Src/rc522.c:303:6:MFRC522_AntennaOff	8	static
../Core/Src/rc522.c:307:6:MFRC522_Halt	24	static
