16:29:28 **** Incremental Build of configuration Debug for project DHT11_1Wire ****
make -j8 all 
arm-none-eabi-gcc "../Core/Src/main.c" -mcpu=cortex-m4 -std=gnu11 -g3 -DDEBUG -DUSE_HAL_DRIVER -DSTM32F411xE -c -I../Core/Inc -I../Drivers/STM32F4xx_HAL_Driver/Inc -I../Drivers/STM32F4xx_HAL_Driver/Inc/Legacy -I../Drivers/CMSIS/Device/ST/STM32F4xx/Include -I../Drivers/CMSIS/Include -O0 -ffunction-sections -fdata-sections -Wall -fstack-usage -MMD -MP -MF"Core/Src/main.d" -MT"Core/Src/main.o" --specs=nano.specs -mfpu=fpv4-sp-d16 -mfloat-abi=hard -mthumb -o "Core/Src/main.o"
../Core/Src/main.c: In function 'main':
../Core/Src/main.c:195:30: warning: pointer targets in passing argument 2 of 'HAL_UART_Transmit' differ in signedness [-Wpointer-sign]
  195 |   HAL_UART_Transmit(&huart6, Test, 10, 1000);
      |                              ^~~~
      |                              |
      |                              char *
In file included from ../Core/Inc/stm32f4xx_hal_conf.h:407,
                 from ../Drivers/STM32F4xx_HAL_Driver/Inc/stm32f4xx_hal.h:29,
                 from ../Core/Inc/main.h:30,
                 from ../Core/Src/main.c:20:
../Drivers/STM32F4xx_HAL_Driver/Inc/stm32f4xx_hal_uart.h:722:79: note: expected 'const uint8_t *' {aka 'const unsigned char *'} but argument is of type 'char *'
  722 | HAL_StatusTypeDef HAL_UART_Transmit(UART_HandleTypeDef *huart, const uint8_t *pData, uint16_t Size, uint32_t Timeout);
      |                                                                ~~~~~~~~~~~~~~~^~~~~
../Core/Src/main.c:143:7: warning: unused variable 'humiBuffer' [-Wunused-variable]
  143 |  char humiBuffer[6];
      |       ^~~~~~~~~~
../Core/Src/main.c:142:7: warning: unused variable 'tempBuffer' [-Wunused-variable]
  142 |  char tempBuffer[6];
      |       ^~~~~~~~~~
arm-none-eabi-gcc -o "DHT11_1Wire.elf" @"objects.list"   -mcpu=cortex-m4 -T"E:\STM32F411VET6_LuanVan_LapTrinh\STM32F411VET6\DHT11_1Wire\STM32F411VETX_FLASH.ld" --specs=nosys.specs -Wl,-Map="DHT11_1Wire.map" -Wl,--gc-sections -static --specs=nano.specs -mfpu=fpv4-sp-d16 -mfloat-abi=hard -mthumb -u _printf_float -u _scanf_float -Wl,--start-group -lc -lm -Wl,--end-group
Finished building target: DHT11_1Wire.elf
 
arm-none-eabi-size   DHT11_1Wire.elf 
arm-none-eabi-objdump -h -S  DHT11_1Wire.elf  > "DHT11_1Wire.list"
   text	   data	    bss	    dec	    hex	filename
  33100	    488	   1728	  35316	   89f4	DHT11_1Wire.elf
Finished building: default.size.stdout
 
Finished building: DHT11_1Wire.list
 

16:29:29 Build Finished. 0 errors, 3 warnings. (took 609ms)

