09:43:29 **** Incremental Build of configuration Debug for project Lab7_KeyPad_4x4 ****
make -j8 all 
arm-none-eabi-size   Lab7_KeyPad_4x4.elf 
   text	   data	    bss	    dec	    hex	filename
   5676	     20	   1572	   7268	   1c64	Lab7_KeyPad_4x4.elf
Finished building: default.size.stdout
 
10:10:00 **** Incremental Build of configuration Debug for project Lab1_GPIO_OUTPUT ****
make -j8 all 
arm-none-eabi-size   Lab1_GPIO_OUTPUT.elf 
   text	   data	    bss	    dec	    hex	filename
   5800	     20	   1572	   7392	   1ce0	Lab1_GPIO_OUTPUT.elf
Finished building: default.size.stdout
 
10:10:00 **** Incremental Build of configuration Debug for project Lab2_OUTPUT_74HC595_LED ****
make -j8 all 
arm-none-eabi-size   Lab2_OUTPUT_74HC595_LED.elf 
   text	   data	    bss	    dec	    hex	filename
   6172	     20	   1572	   7764	   1e54	Lab2_OUTPUT_74HC595_LED.elf
Finished building: default.size.stdout
 
10:10:00 **** Incremental Build of configuration Debug for project Lab3_GPIO_INPUT ****
make -j8 all 
arm-none-eabi-size   Lab3_GPIO_INPUT.elf 
   text	   data	    bss	    dec	    hex	filename
   5976	     20	   1572	   7568	   1d90	Lab3_GPIO_INPUT.elf
Finished building: default.size.stdout
 
10:10:01 **** Incremental Build of configuration Debug for project Lab4_INPUT_EXTI ****
make -j8 all 
arm-none-eabi-size   Lab4_INPUT_EXTI.elf 
   text	   data	    bss	    dec	    hex	filename
   6164	     24	   1568	   7756	   1e4c	Lab4_INPUT_EXTI.elf
Finished building: default.size.stdout
 
10:10:01 **** Incremental Build of configuration Debug for project Lab5_LCD ****
make -j8 all 
arm-none-eabi-size   Lab5_LCD.elf 
   text	   data	    bss	    dec	    hex	filename
   6596	     20	   1572	   8188	   1ffc	Lab5_LCD.elf
Finished building: default.size.stdout
 
10:10:01 **** Incremental Build of configuration Debug for project Lab6_LED_MATRIX ****
make -j8 all 
arm-none-eabi-size   Lab6_LED_MATRIX.elf 
   text	   data	    bss	    dec	    hex	filename
   6932	   1272	   1568	   9772	   262c	Lab6_LED_MATRIX.elf
Finished building: default.size.stdout
 
10:10:01 **** Incremental Build of configuration Debug for project Lab7_KeyPad_4x4 ****
make -j8 all 
arm-none-eabi-gcc "../Drivers/STM32F4xx_HAL_Driver/Src/stm32f4xx_hal.c" -mcpu=cortex-m4 -std=gnu11 -g3 -DDEBUG -DUSE_HAL_DRIVER -DSTM32F411xE -c -I../Core/Inc -I../Drivers/STM32F4xx_HAL_Driver/Inc -I../Drivers/STM32F4xx_HAL_Driver/Inc/Legacy -I../Drivers/CMSIS/Device/ST/STM32F4xx/Include -I../Drivers/CMSIS/Include -O0 -ffunction-sections -fdata-sections -Wall -fstack-usage -MMD -MP -MF"Drivers/STM32F4xx_HAL_Driver/Src/stm32f4xx_hal.d" -MT"Drivers/STM32F4xx_HAL_Driver/Src/stm32f4xx_hal.o" --specs=nano.specs -mfpu=fpv4-sp-d16 -mfloat-abi=hard -mthumb -o "Drivers/STM32F4xx_HAL_Driver/Src/stm32f4xx_hal.o"
arm-none-eabi-gcc "../Drivers/STM32F4xx_HAL_Driver/Src/stm32f4xx_hal_cortex.c" -mcpu=cortex-m4 -std=gnu11 -g3 -DDEBUG -DUSE_HAL_DRIVER -DSTM32F411xE -c -I../Core/Inc -I../Drivers/STM32F4xx_HAL_Driver/Inc -I../Drivers/STM32F4xx_HAL_Driver/Inc/Legacy -I../Drivers/CMSIS/Device/ST/STM32F4xx/Include -I../Drivers/CMSIS/Include -O0 -ffunction-sections -fdata-sections -Wall -fstack-usage -MMD -MP -MF"Drivers/STM32F4xx_HAL_Driver/Src/stm32f4xx_hal_cortex.d" -MT"Drivers/STM32F4xx_HAL_Driver/Src/stm32f4xx_hal_cortex.o" --specs=nano.specs -mfpu=fpv4-sp-d16 -mfloat-abi=hard -mthumb -o "Drivers/STM32F4xx_HAL_Driver/Src/stm32f4xx_hal_cortex.o"
arm-none-eabi-gcc "../Drivers/STM32F4xx_HAL_Driver/Src/stm32f4xx_hal_dma.c" -mcpu=cortex-m4 -std=gnu11 -g3 -DDEBUG -DUSE_HAL_DRIVER -DSTM32F411xE -c -I../Core/Inc -I../Drivers/STM32F4xx_HAL_Driver/Inc -I../Drivers/STM32F4xx_HAL_Driver/Inc/Legacy -I../Drivers/CMSIS/Device/ST/STM32F4xx/Include -I../Drivers/CMSIS/Include -O0 -ffunction-sections -fdata-sections -Wall -fstack-usage -MMD -MP -MF"Drivers/STM32F4xx_HAL_Driver/Src/stm32f4xx_hal_dma.d" -MT"Drivers/STM32F4xx_HAL_Driver/Src/stm32f4xx_hal_dma.o" --specs=nano.specs -mfpu=fpv4-sp-d16 -mfloat-abi=hard -mthumb -o "Drivers/STM32F4xx_HAL_Driver/Src/stm32f4xx_hal_dma.o"
arm-none-eabi-gcc "../Drivers/STM32F4xx_HAL_Driver/Src/stm32f4xx_hal_dma_ex.c" -mcpu=cortex-m4 -std=gnu11 -g3 -DDEBUG -DUSE_HAL_DRIVER -DSTM32F411xE -c -I../Core/Inc -I../Drivers/STM32F4xx_HAL_Driver/Inc -I../Drivers/STM32F4xx_HAL_Driver/Inc/Legacy -I../Drivers/CMSIS/Device/ST/STM32F4xx/Include -I../Drivers/CMSIS/Include -O0 -ffunction-sections -fdata-sections -Wall -fstack-usage -MMD -MP -MF"Drivers/STM32F4xx_HAL_Driver/Src/stm32f4xx_hal_dma_ex.d" -MT"Drivers/STM32F4xx_HAL_Driver/Src/stm32f4xx_hal_dma_ex.o" --specs=nano.specs -mfpu=fpv4-sp-d16 -mfloat-abi=hard -mthumb -o "Drivers/STM32F4xx_HAL_Driver/Src/stm32f4xx_hal_dma_ex.o"
arm-none-eabi-gcc "../Drivers/STM32F4xx_HAL_Driver/Src/stm32f4xx_hal_exti.c" -mcpu=cortex-m4 -std=gnu11 -g3 -DDEBUG -DUSE_HAL_DRIVER -DSTM32F411xE -c -I../Core/Inc -I../Drivers/STM32F4xx_HAL_Driver/Inc -I../Drivers/STM32F4xx_HAL_Driver/Inc/Legacy -I../Drivers/CMSIS/Device/ST/STM32F4xx/Include -I../Drivers/CMSIS/Include -O0 -ffunction-sections -fdata-sections -Wall -fstack-usage -MMD -MP -MF"Drivers/STM32F4xx_HAL_Driver/Src/stm32f4xx_hal_exti.d" -MT"Drivers/STM32F4xx_HAL_Driver/Src/stm32f4xx_hal_exti.o" --specs=nano.specs -mfpu=fpv4-sp-d16 -mfloat-abi=hard -mthumb -o "Drivers/STM32F4xx_HAL_Driver/Src/stm32f4xx_hal_exti.o"
arm-none-eabi-gcc "../Drivers/STM32F4xx_HAL_Driver/Src/stm32f4xx_hal_flash.c" -mcpu=cortex-m4 -std=gnu11 -g3 -DDEBUG -DUSE_HAL_DRIVER -DSTM32F411xE -c -I../Core/Inc -I../Drivers/STM32F4xx_HAL_Driver/Inc -I../Drivers/STM32F4xx_HAL_Driver/Inc/Legacy -I../Drivers/CMSIS/Device/ST/STM32F4xx/Include -I../Drivers/CMSIS/Include -O0 -ffunction-sections -fdata-sections -Wall -fstack-usage -MMD -MP -MF"Drivers/STM32F4xx_HAL_Driver/Src/stm32f4xx_hal_flash.d" -MT"Drivers/STM32F4xx_HAL_Driver/Src/stm32f4xx_hal_flash.o" --specs=nano.specs -mfpu=fpv4-sp-d16 -mfloat-abi=hard -mthumb -o "Drivers/STM32F4xx_HAL_Driver/Src/stm32f4xx_hal_flash.o"
arm-none-eabi-gcc "../Drivers/STM32F4xx_HAL_Driver/Src/stm32f4xx_hal_flash_ex.c" -mcpu=cortex-m4 -std=gnu11 -g3 -DDEBUG -DUSE_HAL_DRIVER -DSTM32F411xE -c -I../Core/Inc -I../Drivers/STM32F4xx_HAL_Driver/Inc -I../Drivers/STM32F4xx_HAL_Driver/Inc/Legacy -I../Drivers/CMSIS/Device/ST/STM32F4xx/Include -I../Drivers/CMSIS/Include -O0 -ffunction-sections -fdata-sections -Wall -fstack-usage -MMD -MP -MF"Drivers/STM32F4xx_HAL_Driver/Src/stm32f4xx_hal_flash_ex.d" -MT"Drivers/STM32F4xx_HAL_Driver/Src/stm32f4xx_hal_flash_ex.o" --specs=nano.specs -mfpu=fpv4-sp-d16 -mfloat-abi=hard -mthumb -o "Drivers/STM32F4xx_HAL_Driver/Src/stm32f4xx_hal_flash_ex.o"
arm-none-eabi-gcc "../Drivers/STM32F4xx_HAL_Driver/Src/stm32f4xx_hal_flash_ramfunc.c" -mcpu=cortex-m4 -std=gnu11 -g3 -DDEBUG -DUSE_HAL_DRIVER -DSTM32F411xE -c -I../Core/Inc -I../Drivers/STM32F4xx_HAL_Driver/Inc -I../Drivers/STM32F4xx_HAL_Driver/Inc/Legacy -I../Drivers/CMSIS/Device/ST/STM32F4xx/Include -I../Drivers/CMSIS/Include -O0 -ffunction-sections -fdata-sections -Wall -fstack-usage -MMD -MP -MF"Drivers/STM32F4xx_HAL_Driver/Src/stm32f4xx_hal_flash_ramfunc.d" -MT"Drivers/STM32F4xx_HAL_Driver/Src/stm32f4xx_hal_flash_ramfunc.o" --specs=nano.specs -mfpu=fpv4-sp-d16 -mfloat-abi=hard -mthumb -o "Drivers/STM32F4xx_HAL_Driver/Src/stm32f4xx_hal_flash_ramfunc.o"
arm-none-eabi-gcc "../Drivers/STM32F4xx_HAL_Driver/Src/stm32f4xx_hal_gpio.c" -mcpu=cortex-m4 -std=gnu11 -g3 -DDEBUG -DUSE_HAL_DRIVER -DSTM32F411xE -c -I../Core/Inc -I../Drivers/STM32F4xx_HAL_Driver/Inc -I../Drivers/STM32F4xx_HAL_Driver/Inc/Legacy -I../Drivers/CMSIS/Device/ST/STM32F4xx/Include -I../Drivers/CMSIS/Include -O0 -ffunction-sections -fdata-sections -Wall -fstack-usage -MMD -MP -MF"Drivers/STM32F4xx_HAL_Driver/Src/stm32f4xx_hal_gpio.d" -MT"Drivers/STM32F4xx_HAL_Driver/Src/stm32f4xx_hal_gpio.o" --specs=nano.specs -mfpu=fpv4-sp-d16 -mfloat-abi=hard -mthumb -o "Drivers/STM32F4xx_HAL_Driver/Src/stm32f4xx_hal_gpio.o"
arm-none-eabi-gcc "../Drivers/STM32F4xx_HAL_Driver/Src/stm32f4xx_hal_pwr.c" -mcpu=cortex-m4 -std=gnu11 -g3 -DDEBUG -DUSE_HAL_DRIVER -DSTM32F411xE -c -I../Core/Inc -I../Drivers/STM32F4xx_HAL_Driver/Inc -I../Drivers/STM32F4xx_HAL_Driver/Inc/Legacy -I../Drivers/CMSIS/Device/ST/STM32F4xx/Include -I../Drivers/CMSIS/Include -O0 -ffunction-sections -fdata-sections -Wall -fstack-usage -MMD -MP -MF"Drivers/STM32F4xx_HAL_Driver/Src/stm32f4xx_hal_pwr.d" -MT"Drivers/STM32F4xx_HAL_Driver/Src/stm32f4xx_hal_pwr.o" --specs=nano.specs -mfpu=fpv4-sp-d16 -mfloat-abi=hard -mthumb -o "Drivers/STM32F4xx_HAL_Driver/Src/stm32f4xx_hal_pwr.o"
arm-none-eabi-gcc "../Drivers/STM32F4xx_HAL_Driver/Src/stm32f4xx_hal_pwr_ex.c" -mcpu=cortex-m4 -std=gnu11 -g3 -DDEBUG -DUSE_HAL_DRIVER -DSTM32F411xE -c -I../Core/Inc -I../Drivers/STM32F4xx_HAL_Driver/Inc -I../Drivers/STM32F4xx_HAL_Driver/Inc/Legacy -I../Drivers/CMSIS/Device/ST/STM32F4xx/Include -I../Drivers/CMSIS/Include -O0 -ffunction-sections -fdata-sections -Wall -fstack-usage -MMD -MP -MF"Drivers/STM32F4xx_HAL_Driver/Src/stm32f4xx_hal_pwr_ex.d" -MT"Drivers/STM32F4xx_HAL_Driver/Src/stm32f4xx_hal_pwr_ex.o" --specs=nano.specs -mfpu=fpv4-sp-d16 -mfloat-abi=hard -mthumb -o "Drivers/STM32F4xx_HAL_Driver/Src/stm32f4xx_hal_pwr_ex.o"
arm-none-eabi-gcc "../Drivers/STM32F4xx_HAL_Driver/Src/stm32f4xx_hal_rcc.c" -mcpu=cortex-m4 -std=gnu11 -g3 -DDEBUG -DUSE_HAL_DRIVER -DSTM32F411xE -c -I../Core/Inc -I../Drivers/STM32F4xx_HAL_Driver/Inc -I../Drivers/STM32F4xx_HAL_Driver/Inc/Legacy -I../Drivers/CMSIS/Device/ST/STM32F4xx/Include -I../Drivers/CMSIS/Include -O0 -ffunction-sections -fdata-sections -Wall -fstack-usage -MMD -MP -MF"Drivers/STM32F4xx_HAL_Driver/Src/stm32f4xx_hal_rcc.d" -MT"Drivers/STM32F4xx_HAL_Driver/Src/stm32f4xx_hal_rcc.o" --specs=nano.specs -mfpu=fpv4-sp-d16 -mfloat-abi=hard -mthumb -o "Drivers/STM32F4xx_HAL_Driver/Src/stm32f4xx_hal_rcc.o"
arm-none-eabi-gcc "../Drivers/STM32F4xx_HAL_Driver/Src/stm32f4xx_hal_rcc_ex.c" -mcpu=cortex-m4 -std=gnu11 -g3 -DDEBUG -DUSE_HAL_DRIVER -DSTM32F411xE -c -I../Core/Inc -I../Drivers/STM32F4xx_HAL_Driver/Inc -I../Drivers/STM32F4xx_HAL_Driver/Inc/Legacy -I../Drivers/CMSIS/Device/ST/STM32F4xx/Include -I../Drivers/CMSIS/Include -O0 -ffunction-sections -fdata-sections -Wall -fstack-usage -MMD -MP -MF"Drivers/STM32F4xx_HAL_Driver/Src/stm32f4xx_hal_rcc_ex.d" -MT"Drivers/STM32F4xx_HAL_Driver/Src/stm32f4xx_hal_rcc_ex.o" --specs=nano.specs -mfpu=fpv4-sp-d16 -mfloat-abi=hard -mthumb -o "Drivers/STM32F4xx_HAL_Driver/Src/stm32f4xx_hal_rcc_ex.o"
arm-none-eabi-gcc "../Drivers/STM32F4xx_HAL_Driver/Src/stm32f4xx_hal_tim.c" -mcpu=cortex-m4 -std=gnu11 -g3 -DDEBUG -DUSE_HAL_DRIVER -DSTM32F411xE -c -I../Core/Inc -I../Drivers/STM32F4xx_HAL_Driver/Inc -I../Drivers/STM32F4xx_HAL_Driver/Inc/Legacy -I../Drivers/CMSIS/Device/ST/STM32F4xx/Include -I../Drivers/CMSIS/Include -O0 -ffunction-sections -fdata-sections -Wall -fstack-usage -MMD -MP -MF"Drivers/STM32F4xx_HAL_Driver/Src/stm32f4xx_hal_tim.d" -MT"Drivers/STM32F4xx_HAL_Driver/Src/stm32f4xx_hal_tim.o" --specs=nano.specs -mfpu=fpv4-sp-d16 -mfloat-abi=hard -mthumb -o "Drivers/STM32F4xx_HAL_Driver/Src/stm32f4xx_hal_tim.o"
arm-none-eabi-gcc "../Drivers/STM32F4xx_HAL_Driver/Src/stm32f4xx_hal_tim_ex.c" -mcpu=cortex-m4 -std=gnu11 -g3 -DDEBUG -DUSE_HAL_DRIVER -DSTM32F411xE -c -I../Core/Inc -I../Drivers/STM32F4xx_HAL_Driver/Inc -I../Drivers/STM32F4xx_HAL_Driver/Inc/Legacy -I../Drivers/CMSIS/Device/ST/STM32F4xx/Include -I../Drivers/CMSIS/Include -O0 -ffunction-sections -fdata-sections -Wall -fstack-usage -MMD -MP -MF"Drivers/STM32F4xx_HAL_Driver/Src/stm32f4xx_hal_tim_ex.d" -MT"Drivers/STM32F4xx_HAL_Driver/Src/stm32f4xx_hal_tim_ex.o" --specs=nano.specs -mfpu=fpv4-sp-d16 -mfloat-abi=hard -mthumb -o "Drivers/STM32F4xx_HAL_Driver/Src/stm32f4xx_hal_tim_ex.o"
arm-none-eabi-gcc "../Core/Src/lcd_text.c" -mcpu=cortex-m4 -std=gnu11 -g3 -DDEBUG -DUSE_HAL_DRIVER -DSTM32F411xE -c -I../Core/Inc -I../Drivers/STM32F4xx_HAL_Driver/Inc -I../Drivers/STM32F4xx_HAL_Driver/Inc/Legacy -I../Drivers/CMSIS/Device/ST/STM32F4xx/Include -I../Drivers/CMSIS/Include -O0 -ffunction-sections -fdata-sections -Wall -fstack-usage -MMD -MP -MF"Core/Src/lcd_text.d" -MT"Core/Src/lcd_text.o" --specs=nano.specs -mfpu=fpv4-sp-d16 -mfloat-abi=hard -mthumb -o "Core/Src/lcd_text.o"
arm-none-eabi-gcc "../Core/Src/main.c" -mcpu=cortex-m4 -std=gnu11 -g3 -DDEBUG -DUSE_HAL_DRIVER -DSTM32F411xE -c -I../Core/Inc -I../Drivers/STM32F4xx_HAL_Driver/Inc -I../Drivers/STM32F4xx_HAL_Driver/Inc/Legacy -I../Drivers/CMSIS/Device/ST/STM32F4xx/Include -I../Drivers/CMSIS/Include -O0 -ffunction-sections -fdata-sections -Wall -fstack-usage -MMD -MP -MF"Core/Src/main.d" -MT"Core/Src/main.o" --specs=nano.specs -mfpu=fpv4-sp-d16 -mfloat-abi=hard -mthumb -o "Core/Src/main.o"
arm-none-eabi-gcc "../Core/Src/stm32f4xx_hal_msp.c" -mcpu=cortex-m4 -std=gnu11 -g3 -DDEBUG -DUSE_HAL_DRIVER -DSTM32F411xE -c -I../Core/Inc -I../Drivers/STM32F4xx_HAL_Driver/Inc -I../Drivers/STM32F4xx_HAL_Driver/Inc/Legacy -I../Drivers/CMSIS/Device/ST/STM32F4xx/Include -I../Drivers/CMSIS/Include -O0 -ffunction-sections -fdata-sections -Wall -fstack-usage -MMD -MP -MF"Core/Src/stm32f4xx_hal_msp.d" -MT"Core/Src/stm32f4xx_hal_msp.o" --specs=nano.specs -mfpu=fpv4-sp-d16 -mfloat-abi=hard -mthumb -o "Core/Src/stm32f4xx_hal_msp.o"
arm-none-eabi-gcc "../Core/Src/stm32f4xx_it.c" -mcpu=cortex-m4 -std=gnu11 -g3 -DDEBUG -DUSE_HAL_DRIVER -DSTM32F411xE -c -I../Core/Inc -I../Drivers/STM32F4xx_HAL_Driver/Inc -I../Drivers/STM32F4xx_HAL_Driver/Inc/Legacy -I../Drivers/CMSIS/Device/ST/STM32F4xx/Include -I../Drivers/CMSIS/Include -O0 -ffunction-sections -fdata-sections -Wall -fstack-usage -MMD -MP -MF"Core/Src/stm32f4xx_it.d" -MT"Core/Src/stm32f4xx_it.o" --specs=nano.specs -mfpu=fpv4-sp-d16 -mfloat-abi=hard -mthumb -o "Core/Src/stm32f4xx_it.o"
arm-none-eabi-gcc "../Core/Src/syscalls.c" -mcpu=cortex-m4 -std=gnu11 -g3 -DDEBUG -DUSE_HAL_DRIVER -DSTM32F411xE -c -I../Core/Inc -I../Drivers/STM32F4xx_HAL_Driver/Inc -I../Drivers/STM32F4xx_HAL_Driver/Inc/Legacy -I../Drivers/CMSIS/Device/ST/STM32F4xx/Include -I../Drivers/CMSIS/Include -O0 -ffunction-sections -fdata-sections -Wall -fstack-usage -MMD -MP -MF"Core/Src/syscalls.d" -MT"Core/Src/syscalls.o" --specs=nano.specs -mfpu=fpv4-sp-d16 -mfloat-abi=hard -mthumb -o "Core/Src/syscalls.o"
arm-none-eabi-gcc "../Core/Src/sysmem.c" -mcpu=cortex-m4 -std=gnu11 -g3 -DDEBUG -DUSE_HAL_DRIVER -DSTM32F411xE -c -I../Core/Inc -I../Drivers/STM32F4xx_HAL_Driver/Inc -I../Drivers/STM32F4xx_HAL_Driver/Inc/Legacy -I../Drivers/CMSIS/Device/ST/STM32F4xx/Include -I../Drivers/CMSIS/Include -O0 -ffunction-sections -fdata-sections -Wall -fstack-usage -MMD -MP -MF"Core/Src/sysmem.d" -MT"Core/Src/sysmem.o" --specs=nano.specs -mfpu=fpv4-sp-d16 -mfloat-abi=hard -mthumb -o "Core/Src/sysmem.o"
arm-none-eabi-gcc "../Core/Src/system_stm32f4xx.c" -mcpu=cortex-m4 -std=gnu11 -g3 -DDEBUG -DUSE_HAL_DRIVER -DSTM32F411xE -c -I../Core/Inc -I../Drivers/STM32F4xx_HAL_Driver/Inc -I../Drivers/STM32F4xx_HAL_Driver/Inc/Legacy -I../Drivers/CMSIS/Device/ST/STM32F4xx/Include -I../Drivers/CMSIS/Include -O0 -ffunction-sections -fdata-sections -Wall -fstack-usage -MMD -MP -MF"Core/Src/system_stm32f4xx.d" -MT"Core/Src/system_stm32f4xx.o" --specs=nano.specs -mfpu=fpv4-sp-d16 -mfloat-abi=hard -mthumb -o "Core/Src/system_stm32f4xx.o"
arm-none-eabi-gcc -o "Lab7_KeyPad_4x4.elf" @"objects.list"   -mcpu=cortex-m4 -T"E:\STM32F411VET6_LuanVan_LapTrinh\STM32F411VET6\Lab7_KeyPad_4x4\STM32F411VETX_FLASH.ld" --specs=nosys.specs -Wl,-Map="Lab7_KeyPad_4x4.map" -Wl,--gc-sections -static --specs=nano.specs -mfpu=fpv4-sp-d16 -mfloat-abi=hard -mthumb -Wl,--start-group -lc -lm -Wl,--end-group
Finished building target: Lab7_KeyPad_4x4.elf
 
arm-none-eabi-size   Lab7_KeyPad_4x4.elf 
arm-none-eabi-objdump -h -S  Lab7_KeyPad_4x4.elf  > "Lab7_KeyPad_4x4.list"
   text	   data	    bss	    dec	    hex	filename
   6632	     20	   1572	   8224	   2020	Lab7_KeyPad_4x4.elf
Finished building: default.size.stdout
 
Finished building: Lab7_KeyPad_4x4.list
 
10:10:03 **** Incremental Build of configuration Debug for project RFID_SPI ****
make -j8 all 
arm-none-eabi-size   RFID_SPI.elf 
   text	   data	    bss	    dec	    hex	filename
   9116	     28	   1668	  10812	   2a3c	RFID_SPI.elf
Finished building: default.size.stdout
 
10:10:03 **** Incremental Build of configuration Debug for project TIMER_PWM_L298N ****
make -j8 all 
arm-none-eabi-size   TIMER_PWM_L298N.elf 
   text	   data	    bss	    dec	    hex	filename
   9544	     20	   1644	  11208	   2bc8	TIMER_PWM_L298N.elf
Finished building: default.size.stdout
 
10:10:49 **** Incremental Build of configuration Debug for project Lab7_KeyPad_4x4 ****
make -j8 all 
arm-none-eabi-size   Lab7_KeyPad_4x4.elf 
   text	   data	    bss	    dec	    hex	filename
   6632	     20	   1572	   8224	   2020	Lab7_KeyPad_4x4.elf
Finished building: default.size.stdout
 
10:12:59 **** Incremental Build of configuration Debug for project Lab1_GPIO_OUTPUT ****
make -j8 all 
arm-none-eabi-size   Lab1_GPIO_OUTPUT.elf 
   text	   data	    bss	    dec	    hex	filename
   5800	     20	   1572	   7392	   1ce0	Lab1_GPIO_OUTPUT.elf
Finished building: default.size.stdout
 
10:12:59 **** Incremental Build of configuration Debug for project Lab2_OUTPUT_74HC595_LED ****
make -j8 all 
arm-none-eabi-size   Lab2_OUTPUT_74HC595_LED.elf 
   text	   data	    bss	    dec	    hex	filename
   6172	     20	   1572	   7764	   1e54	Lab2_OUTPUT_74HC595_LED.elf
Finished building: default.size.stdout
 
10:12:59 **** Incremental Build of configuration Debug for project Lab3_GPIO_INPUT ****
make -j8 all 
arm-none-eabi-size   Lab3_GPIO_INPUT.elf 
   text	   data	    bss	    dec	    hex	filename
   5976	     20	   1572	   7568	   1d90	Lab3_GPIO_INPUT.elf
Finished building: default.size.stdout
 
10:12:59 **** Incremental Build of configuration Debug for project Lab4_INPUT_EXTI ****
make -j8 all 
arm-none-eabi-size   Lab4_INPUT_EXTI.elf 
   text	   data	    bss	    dec	    hex	filename
   6164	     24	   1568	   7756	   1e4c	Lab4_INPUT_EXTI.elf
Finished building: default.size.stdout
 
10:13:00 **** Incremental Build of configuration Debug for project Lab5_LCD ****
make -j8 all 
arm-none-eabi-size   Lab5_LCD.elf 
   text	   data	    bss	    dec	    hex	filename
   6596	     20	   1572	   8188	   1ffc	Lab5_LCD.elf
Finished building: default.size.stdout
 
10:13:00 **** Incremental Build of configuration Debug for project Lab6_LED_MATRIX ****
make -j8 all 
arm-none-eabi-size   Lab6_LED_MATRIX.elf 
   text	   data	    bss	    dec	    hex	filename
   6932	   1272	   1568	   9772	   262c	Lab6_LED_MATRIX.elf
Finished building: default.size.stdout
 
10:13:00 **** Incremental Build of configuration Debug for project Lab7_KeyPad_4x4 ****
make -j8 all 
arm-none-eabi-gcc "../Core/Src/main.c" -mcpu=cortex-m4 -std=gnu11 -g3 -DDEBUG -DUSE_HAL_DRIVER -DSTM32F411xE -c -I../Core/Inc -I../Drivers/STM32F4xx_HAL_Driver/Inc -I../Drivers/STM32F4xx_HAL_Driver/Inc/Legacy -I../Drivers/CMSIS/Device/ST/STM32F4xx/Include -I../Drivers/CMSIS/Include -O0 -ffunction-sections -fdata-sections -Wall -fstack-usage -MMD -MP -MF"Core/Src/main.d" -MT"Core/Src/main.o" --specs=nano.specs -mfpu=fpv4-sp-d16 -mfloat-abi=hard -mthumb -o "Core/Src/main.o"
arm-none-eabi-gcc -o "Lab7_KeyPad_4x4.elf" @"objects.list"   -mcpu=cortex-m4 -T"E:\STM32F411VET6_LuanVan_LapTrinh\STM32F411VET6\Lab7_KeyPad_4x4\STM32F411VETX_FLASH.ld" --specs=nosys.specs -Wl,-Map="Lab7_KeyPad_4x4.map" -Wl,--gc-sections -static --specs=nano.specs -mfpu=fpv4-sp-d16 -mfloat-abi=hard -mthumb -Wl,--start-group -lc -lm -Wl,--end-group
Finished building target: Lab7_KeyPad_4x4.elf
 
arm-none-eabi-size   Lab7_KeyPad_4x4.elf 
arm-none-eabi-objdump -h -S  Lab7_KeyPad_4x4.elf  > "Lab7_KeyPad_4x4.list"
   text	   data	    bss	    dec	    hex	filename
   6632	     20	   1572	   8224	   2020	Lab7_KeyPad_4x4.elf
Finished building: default.size.stdout
 
Finished building: Lab7_KeyPad_4x4.list
 
10:13:01 **** Incremental Build of configuration Debug for project RFID_SPI ****
make -j8 all 
arm-none-eabi-size   RFID_SPI.elf 
   text	   data	    bss	    dec	    hex	filename
   9116	     28	   1668	  10812	   2a3c	RFID_SPI.elf
Finished building: default.size.stdout
 
10:13:01 **** Incremental Build of configuration Debug for project TIMER_PWM_L298N ****
make -j8 all 
arm-none-eabi-size   TIMER_PWM_L298N.elf 
   text	   data	    bss	    dec	    hex	filename
   9544	     20	   1644	  11208	   2bc8	TIMER_PWM_L298N.elf
Finished building: default.size.stdout
 
10:13:39 **** Incremental Build of configuration Debug for project Lab1_GPIO_OUTPUT ****
make -j8 all 
arm-none-eabi-size   Lab1_GPIO_OUTPUT.elf 
   text	   data	    bss	    dec	    hex	filename
   5800	     20	   1572	   7392	   1ce0	Lab1_GPIO_OUTPUT.elf
Finished building: default.size.stdout
 
10:13:39 **** Incremental Build of configuration Debug for project Lab2_OUTPUT_74HC595_LED ****
make -j8 all 
arm-none-eabi-size   Lab2_OUTPUT_74HC595_LED.elf 
   text	   data	    bss	    dec	    hex	filename
   6172	     20	   1572	   7764	   1e54	Lab2_OUTPUT_74HC595_LED.elf
Finished building: default.size.stdout
 
10:13:39 **** Incremental Build of configuration Debug for project Lab3_GPIO_INPUT ****
make -j8 all 
arm-none-eabi-size   Lab3_GPIO_INPUT.elf 
   text	   data	    bss	    dec	    hex	filename
   5976	     20	   1572	   7568	   1d90	Lab3_GPIO_INPUT.elf
Finished building: default.size.stdout
 
10:13:39 **** Incremental Build of configuration Debug for project Lab4_INPUT_EXTI ****
make -j8 all 
arm-none-eabi-size   Lab4_INPUT_EXTI.elf 
   text	   data	    bss	    dec	    hex	filename
   6164	     24	   1568	   7756	   1e4c	Lab4_INPUT_EXTI.elf
Finished building: default.size.stdout
 
10:13:40 **** Incremental Build of configuration Debug for project Lab5_LCD ****
make -j8 all 
arm-none-eabi-size   Lab5_LCD.elf 
   text	   data	    bss	    dec	    hex	filename
   6596	     20	   1572	   8188	   1ffc	Lab5_LCD.elf
Finished building: default.size.stdout
 
10:13:40 **** Incremental Build of configuration Debug for project Lab6_LED_MATRIX ****
make -j8 all 
arm-none-eabi-size   Lab6_LED_MATRIX.elf 
   text	   data	    bss	    dec	    hex	filename
   6932	   1272	   1568	   9772	   262c	Lab6_LED_MATRIX.elf
Finished building: default.size.stdout
 
10:13:40 **** Incremental Build of configuration Debug for project Lab7_KeyPad_4x4 ****
make -j8 all 
arm-none-eabi-gcc "../Core/Src/main.c" -mcpu=cortex-m4 -std=gnu11 -g3 -DDEBUG -DUSE_HAL_DRIVER -DSTM32F411xE -c -I../Core/Inc -I../Drivers/STM32F4xx_HAL_Driver/Inc -I../Drivers/STM32F4xx_HAL_Driver/Inc/Legacy -I../Drivers/CMSIS/Device/ST/STM32F4xx/Include -I../Drivers/CMSIS/Include -O0 -ffunction-sections -fdata-sections -Wall -fstack-usage -MMD -MP -MF"Core/Src/main.d" -MT"Core/Src/main.o" --specs=nano.specs -mfpu=fpv4-sp-d16 -mfloat-abi=hard -mthumb -o "Core/Src/main.o"
../Core/Src/main.c: In function 'main':
../Core/Src/main.c:238:12: error: assignment to expression with array type
  238 |    getchar = read_keypad();
      |            ^
make: *** [Core/Src/subdir.mk:37: Core/Src/main.o] Error 1
"make -j8 all" terminated with exit code 2. Build might be incomplete.
10:13:40 **** Incremental Build of configuration Debug for project RFID_SPI ****
make -j8 all 
arm-none-eabi-size   RFID_SPI.elf 
   text	   data	    bss	    dec	    hex	filename
   9116	     28	   1668	  10812	   2a3c	RFID_SPI.elf
Finished building: default.size.stdout
 
10:13:41 **** Incremental Build of configuration Debug for project TIMER_PWM_L298N ****
make -j8 all 
arm-none-eabi-size   TIMER_PWM_L298N.elf 
   text	   data	    bss	    dec	    hex	filename
   9544	     20	   1644	  11208	   2bc8	TIMER_PWM_L298N.elf
Finished building: default.size.stdout
 
10:13:55 **** Incremental Build of configuration Debug for project Lab1_GPIO_OUTPUT ****
make -j8 all 
arm-none-eabi-size   Lab1_GPIO_OUTPUT.elf 
   text	   data	    bss	    dec	    hex	filename
   5800	     20	   1572	   7392	   1ce0	Lab1_GPIO_OUTPUT.elf
Finished building: default.size.stdout
 
10:13:55 **** Incremental Build of configuration Debug for project Lab2_OUTPUT_74HC595_LED ****
make -j8 all 
arm-none-eabi-size   Lab2_OUTPUT_74HC595_LED.elf 
   text	   data	    bss	    dec	    hex	filename
   6172	     20	   1572	   7764	   1e54	Lab2_OUTPUT_74HC595_LED.elf
Finished building: default.size.stdout
 
10:13:56 **** Incremental Build of configuration Debug for project Lab3_GPIO_INPUT ****
make -j8 all 
arm-none-eabi-size   Lab3_GPIO_INPUT.elf 
   text	   data	    bss	    dec	    hex	filename
   5976	     20	   1572	   7568	   1d90	Lab3_GPIO_INPUT.elf
Finished building: default.size.stdout
 
10:13:56 **** Incremental Build of configuration Debug for project Lab4_INPUT_EXTI ****
make -j8 all 
arm-none-eabi-size   Lab4_INPUT_EXTI.elf 
   text	   data	    bss	    dec	    hex	filename
   6164	     24	   1568	   7756	   1e4c	Lab4_INPUT_EXTI.elf
Finished building: default.size.stdout
 
10:13:56 **** Incremental Build of configuration Debug for project Lab5_LCD ****
make -j8 all 
arm-none-eabi-size   Lab5_LCD.elf 
   text	   data	    bss	    dec	    hex	filename
   6596	     20	   1572	   8188	   1ffc	Lab5_LCD.elf
Finished building: default.size.stdout
 
10:13:56 **** Incremental Build of configuration Debug for project Lab6_LED_MATRIX ****
make -j8 all 
arm-none-eabi-size   Lab6_LED_MATRIX.elf 
   text	   data	    bss	    dec	    hex	filename
   6932	   1272	   1568	   9772	   262c	Lab6_LED_MATRIX.elf
Finished building: default.size.stdout
 
10:13:57 **** Incremental Build of configuration Debug for project Lab7_KeyPad_4x4 ****
make -j8 all 
arm-none-eabi-gcc "../Core/Src/main.c" -mcpu=cortex-m4 -std=gnu11 -g3 -DDEBUG -DUSE_HAL_DRIVER -DSTM32F411xE -c -I../Core/Inc -I../Drivers/STM32F4xx_HAL_Driver/Inc -I../Drivers/STM32F4xx_HAL_Driver/Inc/Legacy -I../Drivers/CMSIS/Device/ST/STM32F4xx/Include -I../Drivers/CMSIS/Include -O0 -ffunction-sections -fdata-sections -Wall -fstack-usage -MMD -MP -MF"Core/Src/main.d" -MT"Core/Src/main.o" --specs=nano.specs -mfpu=fpv4-sp-d16 -mfloat-abi=hard -mthumb -o "Core/Src/main.o"
arm-none-eabi-gcc -o "Lab7_KeyPad_4x4.elf" @"objects.list"   -mcpu=cortex-m4 -T"E:\STM32F411VET6_LuanVan_LapTrinh\STM32F411VET6\Lab7_KeyPad_4x4\STM32F411VETX_FLASH.ld" --specs=nosys.specs -Wl,-Map="Lab7_KeyPad_4x4.map" -Wl,--gc-sections -static --specs=nano.specs -mfpu=fpv4-sp-d16 -mfloat-abi=hard -mthumb -Wl,--start-group -lc -lm -Wl,--end-group
Finished building target: Lab7_KeyPad_4x4.elf
 
arm-none-eabi-size   Lab7_KeyPad_4x4.elf 
arm-none-eabi-objdump -h -S  Lab7_KeyPad_4x4.elf  > "Lab7_KeyPad_4x4.list"
   text	   data	    bss	    dec	    hex	filename
   7404	     20	   1572	   8996	   2324	Lab7_KeyPad_4x4.elf
Finished building: default.size.stdout
 
Finished building: Lab7_KeyPad_4x4.list
 
10:13:57 **** Incremental Build of configuration Debug for project RFID_SPI ****
make -j8 all 
arm-none-eabi-size   RFID_SPI.elf 
   text	   data	    bss	    dec	    hex	filename
   9116	     28	   1668	  10812	   2a3c	RFID_SPI.elf
Finished building: default.size.stdout
 
10:13:58 **** Incremental Build of configuration Debug for project TIMER_PWM_L298N ****
make -j8 all 
arm-none-eabi-size   TIMER_PWM_L298N.elf 
   text	   data	    bss	    dec	    hex	filename
   9544	     20	   1644	  11208	   2bc8	TIMER_PWM_L298N.elf
Finished building: default.size.stdout
 
10:14:05 **** Incremental Build of configuration Debug for project Lab7_KeyPad_4x4 ****
make -j8 all 
arm-none-eabi-size   Lab7_KeyPad_4x4.elf 
   text	   data	    bss	    dec	    hex	filename
   7404	     20	   1572	   8996	   2324	Lab7_KeyPad_4x4.elf
Finished building: default.size.stdout
 
10:27:21 **** Incremental Build of configuration Debug for project Lab1_GPIO_OUTPUT ****
make -j8 all 
arm-none-eabi-size   Lab1_GPIO_OUTPUT.elf 
   text	   data	    bss	    dec	    hex	filename
   5800	     20	   1572	   7392	   1ce0	Lab1_GPIO_OUTPUT.elf
Finished building: default.size.stdout
 
10:27:21 **** Incremental Build of configuration Debug for project Lab2_OUTPUT_74HC595_LED ****
make -j8 all 
arm-none-eabi-size   Lab2_OUTPUT_74HC595_LED.elf 
   text	   data	    bss	    dec	    hex	filename
   6172	     20	   1572	   7764	   1e54	Lab2_OUTPUT_74HC595_LED.elf
Finished building: default.size.stdout
 
10:27:21 **** Incremental Build of configuration Debug for project Lab3_GPIO_INPUT ****
make -j8 all 
arm-none-eabi-size   Lab3_GPIO_INPUT.elf 
   text	   data	    bss	    dec	    hex	filename
   5976	     20	   1572	   7568	   1d90	Lab3_GPIO_INPUT.elf
Finished building: default.size.stdout
 
10:27:21 **** Incremental Build of configuration Debug for project Lab4_INPUT_EXTI ****
make -j8 all 
arm-none-eabi-size   Lab4_INPUT_EXTI.elf 
   text	   data	    bss	    dec	    hex	filename
   6164	     24	   1568	   7756	   1e4c	Lab4_INPUT_EXTI.elf
Finished building: default.size.stdout
 
10:27:22 **** Incremental Build of configuration Debug for project Lab5_LCD ****
make -j8 all 
arm-none-eabi-size   Lab5_LCD.elf 
   text	   data	    bss	    dec	    hex	filename
   6596	     20	   1572	   8188	   1ffc	Lab5_LCD.elf
Finished building: default.size.stdout
 
10:27:22 **** Incremental Build of configuration Debug for project Lab6_LED_MATRIX ****
make -j8 all 
arm-none-eabi-size   Lab6_LED_MATRIX.elf 
   text	   data	    bss	    dec	    hex	filename
   6932	   1272	   1568	   9772	   262c	Lab6_LED_MATRIX.elf
Finished building: default.size.stdout
 
10:27:22 **** Incremental Build of configuration Debug for project Lab7_KeyPad_4x4 ****
make -j8 all 
arm-none-eabi-gcc "../Core/Src/main.c" -mcpu=cortex-m4 -std=gnu11 -g3 -DDEBUG -DUSE_HAL_DRIVER -DSTM32F411xE -c -I../Core/Inc -I../Drivers/STM32F4xx_HAL_Driver/Inc -I../Drivers/STM32F4xx_HAL_Driver/Inc/Legacy -I../Drivers/CMSIS/Device/ST/STM32F4xx/Include -I../Drivers/CMSIS/Include -O0 -ffunction-sections -fdata-sections -Wall -fstack-usage -MMD -MP -MF"Core/Src/main.d" -MT"Core/Src/main.o" --specs=nano.specs -mfpu=fpv4-sp-d16 -mfloat-abi=hard -mthumb -o "Core/Src/main.o"
../Core/Src/main.c: In function 'main':
../Core/Src/main.c:243:19: warning: pointer targets in passing argument 3 of 'lcd_puts' differ in signedness [-Wpointer-sign]
  243 |    lcd_puts(0, 0, string);
      |                   ^~~~~~
      |                   |
      |                   uint8_t * {aka unsigned char *}
In file included from ../Core/Src/main.c:24:
../Core/Src/lcd_text.h:50:45: note: expected 'int8_t *' {aka 'signed char *'} but argument is of type 'uint8_t *' {aka 'unsigned char *'}
   50 | void lcd_puts(uint8_t x, uint8_t y, int8_t *string);
      |                                     ~~~~~~~~^~~~~~
../Core/Src/main.c:246:19: error: 'getchar' undeclared (first use in this function)
  246 |    lcd_puts(0, 0, getchar);
      |                   ^~~~~~~
../Core/Src/main.c:25:1: note: 'getchar' is defined in header '<stdio.h>'; did you forget to '#include <stdio.h>'?
   24 | #include "lcd_text.h"
  +++ |+#include <stdio.h>
   25 | /* USER CODE END Includes */
../Core/Src/main.c:246:19: note: each undeclared identifier is reported only once for each function it appears in
  246 |    lcd_puts(0, 0, getchar);
      |                   ^~~~~~~
make: *** [Core/Src/subdir.mk:37: Core/Src/main.o] Error 1
"make -j8 all" terminated with exit code 2. Build might be incomplete.
10:27:22 **** Incremental Build of configuration Debug for project RFID_SPI ****
make -j8 all 
arm-none-eabi-size   RFID_SPI.elf 
   text	   data	    bss	    dec	    hex	filename
   9116	     28	   1668	  10812	   2a3c	RFID_SPI.elf
Finished building: default.size.stdout
 
10:27:22 **** Incremental Build of configuration Debug for project TIMER_PWM_L298N ****
make -j8 all 
arm-none-eabi-size   TIMER_PWM_L298N.elf 
   text	   data	    bss	    dec	    hex	filename
   9544	     20	   1644	  11208	   2bc8	TIMER_PWM_L298N.elf
Finished building: default.size.stdout
 
10:27:27 **** Incremental Build of configuration Debug for project Lab1_GPIO_OUTPUT ****
make -j8 all 
arm-none-eabi-size   Lab1_GPIO_OUTPUT.elf 
   text	   data	    bss	    dec	    hex	filename
   5800	     20	   1572	   7392	   1ce0	Lab1_GPIO_OUTPUT.elf
Finished building: default.size.stdout
 
10:27:27 **** Incremental Build of configuration Debug for project Lab2_OUTPUT_74HC595_LED ****
make -j8 all 
arm-none-eabi-size   Lab2_OUTPUT_74HC595_LED.elf 
   text	   data	    bss	    dec	    hex	filename
   6172	     20	   1572	   7764	   1e54	Lab2_OUTPUT_74HC595_LED.elf
Finished building: default.size.stdout
 
10:27:28 **** Incremental Build of configuration Debug for project Lab3_GPIO_INPUT ****
make -j8 all 
arm-none-eabi-size   Lab3_GPIO_INPUT.elf 
   text	   data	    bss	    dec	    hex	filename
   5976	     20	   1572	   7568	   1d90	Lab3_GPIO_INPUT.elf
Finished building: default.size.stdout
 
10:27:28 **** Incremental Build of configuration Debug for project Lab4_INPUT_EXTI ****
make -j8 all 
arm-none-eabi-size   Lab4_INPUT_EXTI.elf 
   text	   data	    bss	    dec	    hex	filename
   6164	     24	   1568	   7756	   1e4c	Lab4_INPUT_EXTI.elf
Finished building: default.size.stdout
 
10:27:28 **** Incremental Build of configuration Debug for project Lab5_LCD ****
make -j8 all 
arm-none-eabi-size   Lab5_LCD.elf 
   text	   data	    bss	    dec	    hex	filename
   6596	     20	   1572	   8188	   1ffc	Lab5_LCD.elf
Finished building: default.size.stdout
 
10:27:28 **** Incremental Build of configuration Debug for project Lab6_LED_MATRIX ****
make -j8 all 
arm-none-eabi-size   Lab6_LED_MATRIX.elf 
   text	   data	    bss	    dec	    hex	filename
   6932	   1272	   1568	   9772	   262c	Lab6_LED_MATRIX.elf
Finished building: default.size.stdout
 
10:27:29 **** Incremental Build of configuration Debug for project Lab7_KeyPad_4x4 ****
make -j8 all 
arm-none-eabi-gcc "../Core/Src/main.c" -mcpu=cortex-m4 -std=gnu11 -g3 -DDEBUG -DUSE_HAL_DRIVER -DSTM32F411xE -c -I../Core/Inc -I../Drivers/STM32F4xx_HAL_Driver/Inc -I../Drivers/STM32F4xx_HAL_Driver/Inc/Legacy -I../Drivers/CMSIS/Device/ST/STM32F4xx/Include -I../Drivers/CMSIS/Include -O0 -ffunction-sections -fdata-sections -Wall -fstack-usage -MMD -MP -MF"Core/Src/main.d" -MT"Core/Src/main.o" --specs=nano.specs -mfpu=fpv4-sp-d16 -mfloat-abi=hard -mthumb -o "Core/Src/main.o"
../Core/Src/main.c: In function 'main':
../Core/Src/main.c:243:19: warning: pointer targets in passing argument 3 of 'lcd_puts' differ in signedness [-Wpointer-sign]
  243 |    lcd_puts(0, 0, string);
      |                   ^~~~~~
      |                   |
      |                   uint8_t * {aka unsigned char *}
In file included from ../Core/Src/main.c:24:
../Core/Src/lcd_text.h:50:45: note: expected 'int8_t *' {aka 'signed char *'} but argument is of type 'uint8_t *' {aka 'unsigned char *'}
   50 | void lcd_puts(uint8_t x, uint8_t y, int8_t *string);
      |                                     ~~~~~~~~^~~~~~
arm-none-eabi-gcc -o "Lab7_KeyPad_4x4.elf" @"objects.list"   -mcpu=cortex-m4 -T"E:\STM32F411VET6_LuanVan_LapTrinh\STM32F411VET6\Lab7_KeyPad_4x4\STM32F411VETX_FLASH.ld" --specs=nosys.specs -Wl,-Map="Lab7_KeyPad_4x4.map" -Wl,--gc-sections -static --specs=nano.specs -mfpu=fpv4-sp-d16 -mfloat-abi=hard -mthumb -Wl,--start-group -lc -lm -Wl,--end-group
Finished building target: Lab7_KeyPad_4x4.elf
 
arm-none-eabi-size   Lab7_KeyPad_4x4.elf 
arm-none-eabi-objdump -h -S  Lab7_KeyPad_4x4.elf  > "Lab7_KeyPad_4x4.list"
   text	   data	    bss	    dec	    hex	filename
   7448	     20	   1596	   9064	   2368	Lab7_KeyPad_4x4.elf
Finished building: default.size.stdout
 
Finished building: Lab7_KeyPad_4x4.list
 
10:27:29 **** Incremental Build of configuration Debug for project RFID_SPI ****
make -j8 all 
arm-none-eabi-size   RFID_SPI.elf 
   text	   data	    bss	    dec	    hex	filename
   9116	     28	   1668	  10812	   2a3c	RFID_SPI.elf
Finished building: default.size.stdout
 
10:27:29 **** Incremental Build of configuration Debug for project TIMER_PWM_L298N ****
make -j8 all 
arm-none-eabi-size   TIMER_PWM_L298N.elf 
   text	   data	    bss	    dec	    hex	filename
   9544	     20	   1644	  11208	   2bc8	TIMER_PWM_L298N.elf
Finished building: default.size.stdout
 
10:27:53 **** Incremental Build of configuration Debug for project Lab1_GPIO_OUTPUT ****
make -j8 all 
arm-none-eabi-size   Lab1_GPIO_OUTPUT.elf 
   text	   data	    bss	    dec	    hex	filename
   5800	     20	   1572	   7392	   1ce0	Lab1_GPIO_OUTPUT.elf
Finished building: default.size.stdout
 
10:27:53 **** Incremental Build of configuration Debug for project Lab2_OUTPUT_74HC595_LED ****
make -j8 all 
arm-none-eabi-size   Lab2_OUTPUT_74HC595_LED.elf 
   text	   data	    bss	    dec	    hex	filename
   6172	     20	   1572	   7764	   1e54	Lab2_OUTPUT_74HC595_LED.elf
Finished building: default.size.stdout
 
10:27:53 **** Incremental Build of configuration Debug for project Lab3_GPIO_INPUT ****
make -j8 all 
arm-none-eabi-size   Lab3_GPIO_INPUT.elf 
   text	   data	    bss	    dec	    hex	filename
   5976	     20	   1572	   7568	   1d90	Lab3_GPIO_INPUT.elf
Finished building: default.size.stdout
 
10:27:54 **** Incremental Build of configuration Debug for project Lab4_INPUT_EXTI ****
make -j8 all 
arm-none-eabi-size   Lab4_INPUT_EXTI.elf 
   text	   data	    bss	    dec	    hex	filename
   6164	     24	   1568	   7756	   1e4c	Lab4_INPUT_EXTI.elf
Finished building: default.size.stdout
 
10:27:54 **** Incremental Build of configuration Debug for project Lab5_LCD ****
make -j8 all 
arm-none-eabi-size   Lab5_LCD.elf 
   text	   data	    bss	    dec	    hex	filename
   6596	     20	   1572	   8188	   1ffc	Lab5_LCD.elf
Finished building: default.size.stdout
 
10:27:54 **** Incremental Build of configuration Debug for project Lab6_LED_MATRIX ****
make -j8 all 
arm-none-eabi-size   Lab6_LED_MATRIX.elf 
   text	   data	    bss	    dec	    hex	filename
   6932	   1272	   1568	   9772	   262c	Lab6_LED_MATRIX.elf
Finished building: default.size.stdout
 
10:27:54 **** Incremental Build of configuration Debug for project Lab7_KeyPad_4x4 ****
make -j8 all 
arm-none-eabi-gcc "../Core/Src/main.c" -mcpu=cortex-m4 -std=gnu11 -g3 -DDEBUG -DUSE_HAL_DRIVER -DSTM32F411xE -c -I../Core/Inc -I../Drivers/STM32F4xx_HAL_Driver/Inc -I../Drivers/STM32F4xx_HAL_Driver/Inc/Legacy -I../Drivers/CMSIS/Device/ST/STM32F4xx/Include -I../Drivers/CMSIS/Include -O0 -ffunction-sections -fdata-sections -Wall -fstack-usage -MMD -MP -MF"Core/Src/main.d" -MT"Core/Src/main.o" --specs=nano.specs -mfpu=fpv4-sp-d16 -mfloat-abi=hard -mthumb -o "Core/Src/main.o"
arm-none-eabi-gcc -o "Lab7_KeyPad_4x4.elf" @"objects.list"   -mcpu=cortex-m4 -T"E:\STM32F411VET6_LuanVan_LapTrinh\STM32F411VET6\Lab7_KeyPad_4x4\STM32F411VETX_FLASH.ld" --specs=nosys.specs -Wl,-Map="Lab7_KeyPad_4x4.map" -Wl,--gc-sections -static --specs=nano.specs -mfpu=fpv4-sp-d16 -mfloat-abi=hard -mthumb -Wl,--start-group -lc -lm -Wl,--end-group
Finished building target: Lab7_KeyPad_4x4.elf
 
arm-none-eabi-size   Lab7_KeyPad_4x4.elf 
arm-none-eabi-objdump -h -S  Lab7_KeyPad_4x4.elf  > "Lab7_KeyPad_4x4.list"
   text	   data	    bss	    dec	    hex	filename
   7452	     20	   1596	   9068	   236c	Lab7_KeyPad_4x4.elf
Finished building: default.size.stdout
 
Finished building: Lab7_KeyPad_4x4.list
 
10:27:55 **** Incremental Build of configuration Debug for project RFID_SPI ****
make -j8 all 
arm-none-eabi-size   RFID_SPI.elf 
   text	   data	    bss	    dec	    hex	filename
   9116	     28	   1668	  10812	   2a3c	RFID_SPI.elf
Finished building: default.size.stdout
 
10:27:55 **** Incremental Build of configuration Debug for project TIMER_PWM_L298N ****
make -j8 all 
arm-none-eabi-size   TIMER_PWM_L298N.elf 
   text	   data	    bss	    dec	    hex	filename
   9544	     20	   1644	  11208	   2bc8	TIMER_PWM_L298N.elf
Finished building: default.size.stdout
 
10:28:19 **** Incremental Build of configuration Debug for project Lab7_KeyPad_4x4 ****
make -j8 all 
arm-none-eabi-size   Lab7_KeyPad_4x4.elf 
   text	   data	    bss	    dec	    hex	filename
   7452	     20	   1596	   9068	   236c	Lab7_KeyPad_4x4.elf
Finished building: default.size.stdout
 
10:31:57 **** Incremental Build of configuration Debug for project Lab7_KeyPad_4x4 ****
make -j8 all 
arm-none-eabi-gcc "../Drivers/STM32F4xx_HAL_Driver/Src/stm32f4xx_hal.c" -mcpu=cortex-m4 -std=gnu11 -g3 -DDEBUG -DUSE_HAL_DRIVER -DSTM32F411xE -c -I../Core/Inc -I../Drivers/STM32F4xx_HAL_Driver/Inc -I../Drivers/STM32F4xx_HAL_Driver/Inc/Legacy -I../Drivers/CMSIS/Device/ST/STM32F4xx/Include -I../Drivers/CMSIS/Include -O0 -ffunction-sections -fdata-sections -Wall -fstack-usage -MMD -MP -MF"Drivers/STM32F4xx_HAL_Driver/Src/stm32f4xx_hal.d" -MT"Drivers/STM32F4xx_HAL_Driver/Src/stm32f4xx_hal.o" --specs=nano.specs -mfpu=fpv4-sp-d16 -mfloat-abi=hard -mthumb -o "Drivers/STM32F4xx_HAL_Driver/Src/stm32f4xx_hal.o"
arm-none-eabi-gcc "../Drivers/STM32F4xx_HAL_Driver/Src/stm32f4xx_hal_cortex.c" -mcpu=cortex-m4 -std=gnu11 -g3 -DDEBUG -DUSE_HAL_DRIVER -DSTM32F411xE -c -I../Core/Inc -I../Drivers/STM32F4xx_HAL_Driver/Inc -I../Drivers/STM32F4xx_HAL_Driver/Inc/Legacy -I../Drivers/CMSIS/Device/ST/STM32F4xx/Include -I../Drivers/CMSIS/Include -O0 -ffunction-sections -fdata-sections -Wall -fstack-usage -MMD -MP -MF"Drivers/STM32F4xx_HAL_Driver/Src/stm32f4xx_hal_cortex.d" -MT"Drivers/STM32F4xx_HAL_Driver/Src/stm32f4xx_hal_cortex.o" --specs=nano.specs -mfpu=fpv4-sp-d16 -mfloat-abi=hard -mthumb -o "Drivers/STM32F4xx_HAL_Driver/Src/stm32f4xx_hal_cortex.o"
arm-none-eabi-gcc "../Drivers/STM32F4xx_HAL_Driver/Src/stm32f4xx_hal_dma.c" -mcpu=cortex-m4 -std=gnu11 -g3 -DDEBUG -DUSE_HAL_DRIVER -DSTM32F411xE -c -I../Core/Inc -I../Drivers/STM32F4xx_HAL_Driver/Inc -I../Drivers/STM32F4xx_HAL_Driver/Inc/Legacy -I../Drivers/CMSIS/Device/ST/STM32F4xx/Include -I../Drivers/CMSIS/Include -O0 -ffunction-sections -fdata-sections -Wall -fstack-usage -MMD -MP -MF"Drivers/STM32F4xx_HAL_Driver/Src/stm32f4xx_hal_dma.d" -MT"Drivers/STM32F4xx_HAL_Driver/Src/stm32f4xx_hal_dma.o" --specs=nano.specs -mfpu=fpv4-sp-d16 -mfloat-abi=hard -mthumb -o "Drivers/STM32F4xx_HAL_Driver/Src/stm32f4xx_hal_dma.o"
arm-none-eabi-gcc "../Drivers/STM32F4xx_HAL_Driver/Src/stm32f4xx_hal_dma_ex.c" -mcpu=cortex-m4 -std=gnu11 -g3 -DDEBUG -DUSE_HAL_DRIVER -DSTM32F411xE -c -I../Core/Inc -I../Drivers/STM32F4xx_HAL_Driver/Inc -I../Drivers/STM32F4xx_HAL_Driver/Inc/Legacy -I../Drivers/CMSIS/Device/ST/STM32F4xx/Include -I../Drivers/CMSIS/Include -O0 -ffunction-sections -fdata-sections -Wall -fstack-usage -MMD -MP -MF"Drivers/STM32F4xx_HAL_Driver/Src/stm32f4xx_hal_dma_ex.d" -MT"Drivers/STM32F4xx_HAL_Driver/Src/stm32f4xx_hal_dma_ex.o" --specs=nano.specs -mfpu=fpv4-sp-d16 -mfloat-abi=hard -mthumb -o "Drivers/STM32F4xx_HAL_Driver/Src/stm32f4xx_hal_dma_ex.o"
arm-none-eabi-gcc "../Drivers/STM32F4xx_HAL_Driver/Src/stm32f4xx_hal_exti.c" -mcpu=cortex-m4 -std=gnu11 -g3 -DDEBUG -DUSE_HAL_DRIVER -DSTM32F411xE -c -I../Core/Inc -I../Drivers/STM32F4xx_HAL_Driver/Inc -I../Drivers/STM32F4xx_HAL_Driver/Inc/Legacy -I../Drivers/CMSIS/Device/ST/STM32F4xx/Include -I../Drivers/CMSIS/Include -O0 -ffunction-sections -fdata-sections -Wall -fstack-usage -MMD -MP -MF"Drivers/STM32F4xx_HAL_Driver/Src/stm32f4xx_hal_exti.d" -MT"Drivers/STM32F4xx_HAL_Driver/Src/stm32f4xx_hal_exti.o" --specs=nano.specs -mfpu=fpv4-sp-d16 -mfloat-abi=hard -mthumb -o "Drivers/STM32F4xx_HAL_Driver/Src/stm32f4xx_hal_exti.o"
arm-none-eabi-gcc "../Drivers/STM32F4xx_HAL_Driver/Src/stm32f4xx_hal_flash.c" -mcpu=cortex-m4 -std=gnu11 -g3 -DDEBUG -DUSE_HAL_DRIVER -DSTM32F411xE -c -I../Core/Inc -I../Drivers/STM32F4xx_HAL_Driver/Inc -I../Drivers/STM32F4xx_HAL_Driver/Inc/Legacy -I../Drivers/CMSIS/Device/ST/STM32F4xx/Include -I../Drivers/CMSIS/Include -O0 -ffunction-sections -fdata-sections -Wall -fstack-usage -MMD -MP -MF"Drivers/STM32F4xx_HAL_Driver/Src/stm32f4xx_hal_flash.d" -MT"Drivers/STM32F4xx_HAL_Driver/Src/stm32f4xx_hal_flash.o" --specs=nano.specs -mfpu=fpv4-sp-d16 -mfloat-abi=hard -mthumb -o "Drivers/STM32F4xx_HAL_Driver/Src/stm32f4xx_hal_flash.o"
arm-none-eabi-gcc "../Drivers/STM32F4xx_HAL_Driver/Src/stm32f4xx_hal_flash_ex.c" -mcpu=cortex-m4 -std=gnu11 -g3 -DDEBUG -DUSE_HAL_DRIVER -DSTM32F411xE -c -I../Core/Inc -I../Drivers/STM32F4xx_HAL_Driver/Inc -I../Drivers/STM32F4xx_HAL_Driver/Inc/Legacy -I../Drivers/CMSIS/Device/ST/STM32F4xx/Include -I../Drivers/CMSIS/Include -O0 -ffunction-sections -fdata-sections -Wall -fstack-usage -MMD -MP -MF"Drivers/STM32F4xx_HAL_Driver/Src/stm32f4xx_hal_flash_ex.d" -MT"Drivers/STM32F4xx_HAL_Driver/Src/stm32f4xx_hal_flash_ex.o" --specs=nano.specs -mfpu=fpv4-sp-d16 -mfloat-abi=hard -mthumb -o "Drivers/STM32F4xx_HAL_Driver/Src/stm32f4xx_hal_flash_ex.o"
arm-none-eabi-gcc "../Drivers/STM32F4xx_HAL_Driver/Src/stm32f4xx_hal_flash_ramfunc.c" -mcpu=cortex-m4 -std=gnu11 -g3 -DDEBUG -DUSE_HAL_DRIVER -DSTM32F411xE -c -I../Core/Inc -I../Drivers/STM32F4xx_HAL_Driver/Inc -I../Drivers/STM32F4xx_HAL_Driver/Inc/Legacy -I../Drivers/CMSIS/Device/ST/STM32F4xx/Include -I../Drivers/CMSIS/Include -O0 -ffunction-sections -fdata-sections -Wall -fstack-usage -MMD -MP -MF"Drivers/STM32F4xx_HAL_Driver/Src/stm32f4xx_hal_flash_ramfunc.d" -MT"Drivers/STM32F4xx_HAL_Driver/Src/stm32f4xx_hal_flash_ramfunc.o" --specs=nano.specs -mfpu=fpv4-sp-d16 -mfloat-abi=hard -mthumb -o "Drivers/STM32F4xx_HAL_Driver/Src/stm32f4xx_hal_flash_ramfunc.o"
arm-none-eabi-gcc "../Drivers/STM32F4xx_HAL_Driver/Src/stm32f4xx_hal_gpio.c" -mcpu=cortex-m4 -std=gnu11 -g3 -DDEBUG -DUSE_HAL_DRIVER -DSTM32F411xE -c -I../Core/Inc -I../Drivers/STM32F4xx_HAL_Driver/Inc -I../Drivers/STM32F4xx_HAL_Driver/Inc/Legacy -I../Drivers/CMSIS/Device/ST/STM32F4xx/Include -I../Drivers/CMSIS/Include -O0 -ffunction-sections -fdata-sections -Wall -fstack-usage -MMD -MP -MF"Drivers/STM32F4xx_HAL_Driver/Src/stm32f4xx_hal_gpio.d" -MT"Drivers/STM32F4xx_HAL_Driver/Src/stm32f4xx_hal_gpio.o" --specs=nano.specs -mfpu=fpv4-sp-d16 -mfloat-abi=hard -mthumb -o "Drivers/STM32F4xx_HAL_Driver/Src/stm32f4xx_hal_gpio.o"
arm-none-eabi-gcc "../Drivers/STM32F4xx_HAL_Driver/Src/stm32f4xx_hal_pwr.c" -mcpu=cortex-m4 -std=gnu11 -g3 -DDEBUG -DUSE_HAL_DRIVER -DSTM32F411xE -c -I../Core/Inc -I../Drivers/STM32F4xx_HAL_Driver/Inc -I../Drivers/STM32F4xx_HAL_Driver/Inc/Legacy -I../Drivers/CMSIS/Device/ST/STM32F4xx/Include -I../Drivers/CMSIS/Include -O0 -ffunction-sections -fdata-sections -Wall -fstack-usage -MMD -MP -MF"Drivers/STM32F4xx_HAL_Driver/Src/stm32f4xx_hal_pwr.d" -MT"Drivers/STM32F4xx_HAL_Driver/Src/stm32f4xx_hal_pwr.o" --specs=nano.specs -mfpu=fpv4-sp-d16 -mfloat-abi=hard -mthumb -o "Drivers/STM32F4xx_HAL_Driver/Src/stm32f4xx_hal_pwr.o"
arm-none-eabi-gcc "../Drivers/STM32F4xx_HAL_Driver/Src/stm32f4xx_hal_pwr_ex.c" -mcpu=cortex-m4 -std=gnu11 -g3 -DDEBUG -DUSE_HAL_DRIVER -DSTM32F411xE -c -I../Core/Inc -I../Drivers/STM32F4xx_HAL_Driver/Inc -I../Drivers/STM32F4xx_HAL_Driver/Inc/Legacy -I../Drivers/CMSIS/Device/ST/STM32F4xx/Include -I../Drivers/CMSIS/Include -O0 -ffunction-sections -fdata-sections -Wall -fstack-usage -MMD -MP -MF"Drivers/STM32F4xx_HAL_Driver/Src/stm32f4xx_hal_pwr_ex.d" -MT"Drivers/STM32F4xx_HAL_Driver/Src/stm32f4xx_hal_pwr_ex.o" --specs=nano.specs -mfpu=fpv4-sp-d16 -mfloat-abi=hard -mthumb -o "Drivers/STM32F4xx_HAL_Driver/Src/stm32f4xx_hal_pwr_ex.o"
arm-none-eabi-gcc "../Drivers/STM32F4xx_HAL_Driver/Src/stm32f4xx_hal_rcc.c" -mcpu=cortex-m4 -std=gnu11 -g3 -DDEBUG -DUSE_HAL_DRIVER -DSTM32F411xE -c -I../Core/Inc -I../Drivers/STM32F4xx_HAL_Driver/Inc -I../Drivers/STM32F4xx_HAL_Driver/Inc/Legacy -I../Drivers/CMSIS/Device/ST/STM32F4xx/Include -I../Drivers/CMSIS/Include -O0 -ffunction-sections -fdata-sections -Wall -fstack-usage -MMD -MP -MF"Drivers/STM32F4xx_HAL_Driver/Src/stm32f4xx_hal_rcc.d" -MT"Drivers/STM32F4xx_HAL_Driver/Src/stm32f4xx_hal_rcc.o" --specs=nano.specs -mfpu=fpv4-sp-d16 -mfloat-abi=hard -mthumb -o "Drivers/STM32F4xx_HAL_Driver/Src/stm32f4xx_hal_rcc.o"
arm-none-eabi-gcc "../Drivers/STM32F4xx_HAL_Driver/Src/stm32f4xx_hal_rcc_ex.c" -mcpu=cortex-m4 -std=gnu11 -g3 -DDEBUG -DUSE_HAL_DRIVER -DSTM32F411xE -c -I../Core/Inc -I../Drivers/STM32F4xx_HAL_Driver/Inc -I../Drivers/STM32F4xx_HAL_Driver/Inc/Legacy -I../Drivers/CMSIS/Device/ST/STM32F4xx/Include -I../Drivers/CMSIS/Include -O0 -ffunction-sections -fdata-sections -Wall -fstack-usage -MMD -MP -MF"Drivers/STM32F4xx_HAL_Driver/Src/stm32f4xx_hal_rcc_ex.d" -MT"Drivers/STM32F4xx_HAL_Driver/Src/stm32f4xx_hal_rcc_ex.o" --specs=nano.specs -mfpu=fpv4-sp-d16 -mfloat-abi=hard -mthumb -o "Drivers/STM32F4xx_HAL_Driver/Src/stm32f4xx_hal_rcc_ex.o"
arm-none-eabi-gcc "../Drivers/STM32F4xx_HAL_Driver/Src/stm32f4xx_hal_tim.c" -mcpu=cortex-m4 -std=gnu11 -g3 -DDEBUG -DUSE_HAL_DRIVER -DSTM32F411xE -c -I../Core/Inc -I../Drivers/STM32F4xx_HAL_Driver/Inc -I../Drivers/STM32F4xx_HAL_Driver/Inc/Legacy -I../Drivers/CMSIS/Device/ST/STM32F4xx/Include -I../Drivers/CMSIS/Include -O0 -ffunction-sections -fdata-sections -Wall -fstack-usage -MMD -MP -MF"Drivers/STM32F4xx_HAL_Driver/Src/stm32f4xx_hal_tim.d" -MT"Drivers/STM32F4xx_HAL_Driver/Src/stm32f4xx_hal_tim.o" --specs=nano.specs -mfpu=fpv4-sp-d16 -mfloat-abi=hard -mthumb -o "Drivers/STM32F4xx_HAL_Driver/Src/stm32f4xx_hal_tim.o"
arm-none-eabi-gcc "../Drivers/STM32F4xx_HAL_Driver/Src/stm32f4xx_hal_tim_ex.c" -mcpu=cortex-m4 -std=gnu11 -g3 -DDEBUG -DUSE_HAL_DRIVER -DSTM32F411xE -c -I../Core/Inc -I../Drivers/STM32F4xx_HAL_Driver/Inc -I../Drivers/STM32F4xx_HAL_Driver/Inc/Legacy -I../Drivers/CMSIS/Device/ST/STM32F4xx/Include -I../Drivers/CMSIS/Include -O0 -ffunction-sections -fdata-sections -Wall -fstack-usage -MMD -MP -MF"Drivers/STM32F4xx_HAL_Driver/Src/stm32f4xx_hal_tim_ex.d" -MT"Drivers/STM32F4xx_HAL_Driver/Src/stm32f4xx_hal_tim_ex.o" --specs=nano.specs -mfpu=fpv4-sp-d16 -mfloat-abi=hard -mthumb -o "Drivers/STM32F4xx_HAL_Driver/Src/stm32f4xx_hal_tim_ex.o"
arm-none-eabi-gcc "../Core/Src/lcd_text.c" -mcpu=cortex-m4 -std=gnu11 -g3 -DDEBUG -DUSE_HAL_DRIVER -DSTM32F411xE -c -I../Core/Inc -I../Drivers/STM32F4xx_HAL_Driver/Inc -I../Drivers/STM32F4xx_HAL_Driver/Inc/Legacy -I../Drivers/CMSIS/Device/ST/STM32F4xx/Include -I../Drivers/CMSIS/Include -O0 -ffunction-sections -fdata-sections -Wall -fstack-usage -MMD -MP -MF"Core/Src/lcd_text.d" -MT"Core/Src/lcd_text.o" --specs=nano.specs -mfpu=fpv4-sp-d16 -mfloat-abi=hard -mthumb -o "Core/Src/lcd_text.o"
arm-none-eabi-gcc "../Core/Src/main.c" -mcpu=cortex-m4 -std=gnu11 -g3 -DDEBUG -DUSE_HAL_DRIVER -DSTM32F411xE -c -I../Core/Inc -I../Drivers/STM32F4xx_HAL_Driver/Inc -I../Drivers/STM32F4xx_HAL_Driver/Inc/Legacy -I../Drivers/CMSIS/Device/ST/STM32F4xx/Include -I../Drivers/CMSIS/Include -O0 -ffunction-sections -fdata-sections -Wall -fstack-usage -MMD -MP -MF"Core/Src/main.d" -MT"Core/Src/main.o" --specs=nano.specs -mfpu=fpv4-sp-d16 -mfloat-abi=hard -mthumb -o "Core/Src/main.o"
arm-none-eabi-gcc "../Core/Src/stm32f4xx_hal_msp.c" -mcpu=cortex-m4 -std=gnu11 -g3 -DDEBUG -DUSE_HAL_DRIVER -DSTM32F411xE -c -I../Core/Inc -I../Drivers/STM32F4xx_HAL_Driver/Inc -I../Drivers/STM32F4xx_HAL_Driver/Inc/Legacy -I../Drivers/CMSIS/Device/ST/STM32F4xx/Include -I../Drivers/CMSIS/Include -O0 -ffunction-sections -fdata-sections -Wall -fstack-usage -MMD -MP -MF"Core/Src/stm32f4xx_hal_msp.d" -MT"Core/Src/stm32f4xx_hal_msp.o" --specs=nano.specs -mfpu=fpv4-sp-d16 -mfloat-abi=hard -mthumb -o "Core/Src/stm32f4xx_hal_msp.o"
arm-none-eabi-gcc "../Core/Src/stm32f4xx_it.c" -mcpu=cortex-m4 -std=gnu11 -g3 -DDEBUG -DUSE_HAL_DRIVER -DSTM32F411xE -c -I../Core/Inc -I../Drivers/STM32F4xx_HAL_Driver/Inc -I../Drivers/STM32F4xx_HAL_Driver/Inc/Legacy -I../Drivers/CMSIS/Device/ST/STM32F4xx/Include -I../Drivers/CMSIS/Include -O0 -ffunction-sections -fdata-sections -Wall -fstack-usage -MMD -MP -MF"Core/Src/stm32f4xx_it.d" -MT"Core/Src/stm32f4xx_it.o" --specs=nano.specs -mfpu=fpv4-sp-d16 -mfloat-abi=hard -mthumb -o "Core/Src/stm32f4xx_it.o"
arm-none-eabi-gcc "../Core/Src/system_stm32f4xx.c" -mcpu=cortex-m4 -std=gnu11 -g3 -DDEBUG -DUSE_HAL_DRIVER -DSTM32F411xE -c -I../Core/Inc -I../Drivers/STM32F4xx_HAL_Driver/Inc -I../Drivers/STM32F4xx_HAL_Driver/Inc/Legacy -I../Drivers/CMSIS/Device/ST/STM32F4xx/Include -I../Drivers/CMSIS/Include -O0 -ffunction-sections -fdata-sections -Wall -fstack-usage -MMD -MP -MF"Core/Src/system_stm32f4xx.d" -MT"Core/Src/system_stm32f4xx.o" --specs=nano.specs -mfpu=fpv4-sp-d16 -mfloat-abi=hard -mthumb -o "Core/Src/system_stm32f4xx.o"
arm-none-eabi-gcc -o "Lab7_KeyPad_4x4.elf" @"objects.list"   -mcpu=cortex-m4 -T"E:\STM32F411VET6_LuanVan_LapTrinh\STM32F411VET6\Lab7_KeyPad_4x4\STM32F411VETX_FLASH.ld" --specs=nosys.specs -Wl,-Map="Lab7_KeyPad_4x4.map" -Wl,--gc-sections -static --specs=nano.specs -mfpu=fpv4-sp-d16 -mfloat-abi=hard -mthumb -Wl,--start-group -lc -lm -Wl,--end-group
Finished building target: Lab7_KeyPad_4x4.elf
 
arm-none-eabi-size   Lab7_KeyPad_4x4.elf 
arm-none-eabi-objdump -h -S  Lab7_KeyPad_4x4.elf  > "Lab7_KeyPad_4x4.list"
   text	   data	    bss	    dec	    hex	filename
   7472	     20	   1596	   9088	   2380	Lab7_KeyPad_4x4.elf
Finished building: default.size.stdout
 
Finished building: Lab7_KeyPad_4x4.list
 
13:46:31 **** Incremental Build of configuration Debug for project Lab7_KeyPad_4x4 ****
make -j8 all 
arm-none-eabi-size   Lab7_KeyPad_4x4.elf 
   text	   data	    bss	    dec	    hex	filename
   7472	     20	   1596	   9088	   2380	Lab7_KeyPad_4x4.elf
Finished building: default.size.stdout
 
13:47:53 **** Incremental Build of configuration Debug for project Lab7_KeyPad_4x4 ****
make -j8 all 
arm-none-eabi-gcc "../Core/Src/main.c" -mcpu=cortex-m4 -std=gnu11 -g3 -DDEBUG -DUSE_HAL_DRIVER -DSTM32F411xE -c -I../Core/Inc -I../Drivers/STM32F4xx_HAL_Driver/Inc -I../Drivers/STM32F4xx_HAL_Driver/Inc/Legacy -I../Drivers/CMSIS/Device/ST/STM32F4xx/Include -I../Drivers/CMSIS/Include -O0 -ffunction-sections -fdata-sections -Wall -fstack-usage -MMD -MP -MF"Core/Src/main.d" -MT"Core/Src/main.o" --specs=nano.specs -mfpu=fpv4-sp-d16 -mfloat-abi=hard -mthumb -o "Core/Src/main.o"
arm-none-eabi-gcc -o "Lab7_KeyPad_4x4.elf" @"objects.list"   -mcpu=cortex-m4 -T"E:\STM32F411VET6_LuanVan_LapTrinh\STM32F411VET6\Lab7_KeyPad_4x4\STM32F411VETX_FLASH.ld" --specs=nosys.specs -Wl,-Map="Lab7_KeyPad_4x4.map" -Wl,--gc-sections -static --specs=nano.specs -mfpu=fpv4-sp-d16 -mfloat-abi=hard -mthumb -Wl,--start-group -lc -lm -Wl,--end-group
Finished building target: Lab7_KeyPad_4x4.elf
 
arm-none-eabi-size   Lab7_KeyPad_4x4.elf 
arm-none-eabi-objdump -h -S  Lab7_KeyPad_4x4.elf  > "Lab7_KeyPad_4x4.list"
   text	   data	    bss	    dec	    hex	filename
   7472	     20	   1596	   9088	   2380	Lab7_KeyPad_4x4.elf
Finished building: default.size.stdout
 
Finished building: Lab7_KeyPad_4x4.list
 
13:48:55 **** Incremental Build of configuration Debug for project Lab1_GPIO_OUTPUT ****
make -j8 all 
arm-none-eabi-size   Lab1_GPIO_OUTPUT.elf 
   text	   data	    bss	    dec	    hex	filename
   5800	     20	   1572	   7392	   1ce0	Lab1_GPIO_OUTPUT.elf
Finished building: default.size.stdout
 
13:48:56 **** Incremental Build of configuration Debug for project Lab2_OUTPUT_74HC595_LED ****
make -j8 all 
arm-none-eabi-size   Lab2_OUTPUT_74HC595_LED.elf 
   text	   data	    bss	    dec	    hex	filename
   6172	     20	   1572	   7764	   1e54	Lab2_OUTPUT_74HC595_LED.elf
Finished building: default.size.stdout
 
13:48:56 **** Incremental Build of configuration Debug for project Lab3_GPIO_INPUT ****
make -j8 all 
arm-none-eabi-size   Lab3_GPIO_INPUT.elf 
   text	   data	    bss	    dec	    hex	filename
   5976	     20	   1572	   7568	   1d90	Lab3_GPIO_INPUT.elf
Finished building: default.size.stdout
 
13:48:57 **** Incremental Build of configuration Debug for project Lab4_INPUT_EXTI ****
make -j8 all 
arm-none-eabi-size   Lab4_INPUT_EXTI.elf 
   text	   data	    bss	    dec	    hex	filename
   6164	     24	   1568	   7756	   1e4c	Lab4_INPUT_EXTI.elf
Finished building: default.size.stdout
 
13:48:58 **** Incremental Build of configuration Debug for project Lab5_LCD ****
make -j8 all 
arm-none-eabi-size   Lab5_LCD.elf 
   text	   data	    bss	    dec	    hex	filename
   6596	     20	   1572	   8188	   1ffc	Lab5_LCD.elf
Finished building: default.size.stdout
 
13:48:58 **** Incremental Build of configuration Debug for project Lab6_LED_MATRIX ****
make -j8 all 
arm-none-eabi-size   Lab6_LED_MATRIX.elf 
   text	   data	    bss	    dec	    hex	filename
   6932	   1272	   1568	   9772	   262c	Lab6_LED_MATRIX.elf
Finished building: default.size.stdout
 
13:48:58 **** Incremental Build of configuration Debug for project Lab7_KeyPad_4x4 ****
make -j8 all 
arm-none-eabi-size   Lab7_KeyPad_4x4.elf 
   text	   data	    bss	    dec	    hex	filename
   7472	     20	   1596	   9088	   2380	Lab7_KeyPad_4x4.elf
Finished building: default.size.stdout
 
13:48:59 **** Incremental Build of configuration Debug for project RFID_SPI ****
make -j8 all 
arm-none-eabi-size   RFID_SPI.elf 
   text	   data	    bss	    dec	    hex	filename
   9116	     28	   1668	  10812	   2a3c	RFID_SPI.elf
Finished building: default.size.stdout
 
13:48:59 **** Incremental Build of configuration Debug for project TIMER_PWM_L298N ****
make -j8 all 
arm-none-eabi-size   TIMER_PWM_L298N.elf 
   text	   data	    bss	    dec	    hex	filename
   9544	     20	   1644	  11208	   2bc8	TIMER_PWM_L298N.elf
Finished building: default.size.stdout
 
13:49:06 **** Incremental Build of configuration Debug for project Lab7_KeyPad_4x4 ****
make -j8 all 
arm-none-eabi-size   Lab7_KeyPad_4x4.elf 
   text	   data	    bss	    dec	    hex	filename
   7472	     20	   1596	   9088	   2380	Lab7_KeyPad_4x4.elf
Finished building: default.size.stdout
 
13:51:58 **** Incremental Build of configuration Debug for project Lab5_LCD ****
make -j8 all 
arm-none-eabi-gcc "../Core/Src/lcd_text.c" -mcpu=cortex-m4 -std=gnu11 -g3 -DDEBUG -DUSE_HAL_DRIVER -DSTM32F411xE -c -I../Core/Inc -I../Drivers/STM32F4xx_HAL_Driver/Inc -I../Drivers/STM32F4xx_HAL_Driver/Inc/Legacy -I../Drivers/CMSIS/Device/ST/STM32F4xx/Include -I../Drivers/CMSIS/Include -O0 -ffunction-sections -fdata-sections -Wall -fstack-usage -MMD -MP -MF"Core/Src/lcd_text.d" -MT"Core/Src/lcd_text.o" --specs=nano.specs -mfpu=fpv4-sp-d16 -mfloat-abi=hard -mthumb -o "Core/Src/lcd_text.o"
arm-none-eabi-gcc "../Core/Src/main.c" -mcpu=cortex-m4 -std=gnu11 -g3 -DDEBUG -DUSE_HAL_DRIVER -DSTM32F411xE -c -I../Core/Inc -I../Drivers/STM32F4xx_HAL_Driver/Inc -I../Drivers/STM32F4xx_HAL_Driver/Inc/Legacy -I../Drivers/CMSIS/Device/ST/STM32F4xx/Include -I../Drivers/CMSIS/Include -O0 -ffunction-sections -fdata-sections -Wall -fstack-usage -MMD -MP -MF"Core/Src/main.d" -MT"Core/Src/main.o" --specs=nano.specs -mfpu=fpv4-sp-d16 -mfloat-abi=hard -mthumb -o "Core/Src/main.o"
arm-none-eabi-gcc -o "Lab5_LCD.elf" @"objects.list"   -mcpu=cortex-m4 -T"E:\STM32F411VET6_LuanVan_LapTrinh\STM32F411VET6\Lab5_LCD\STM32F411VETX_FLASH.ld" --specs=nosys.specs -Wl,-Map="Lab5_LCD.map" -Wl,--gc-sections -static --specs=nano.specs -mfpu=fpv4-sp-d16 -mfloat-abi=hard -mthumb -Wl,--start-group -lc -lm -Wl,--end-group
Finished building target: Lab5_LCD.elf
 
arm-none-eabi-size   Lab5_LCD.elf 
arm-none-eabi-objdump -h -S  Lab5_LCD.elf  > "Lab5_LCD.list"
   text	   data	    bss	    dec	    hex	filename
   6576	     20	   1572	   8168	   1fe8	Lab5_LCD.elf
Finished building: default.size.stdout
 
Finished building: Lab5_LCD.list
 
13:53:54 **** Incremental Build of configuration Debug for project Lab1_GPIO_OUTPUT ****
make -j8 all 
arm-none-eabi-size   Lab1_GPIO_OUTPUT.elf 
   text	   data	    bss	    dec	    hex	filename
   5800	     20	   1572	   7392	   1ce0	Lab1_GPIO_OUTPUT.elf
Finished building: default.size.stdout
 
13:53:54 **** Incremental Build of configuration Debug for project Lab2_OUTPUT_74HC595_LED ****
make -j8 all 
arm-none-eabi-size   Lab2_OUTPUT_74HC595_LED.elf 
   text	   data	    bss	    dec	    hex	filename
   6172	     20	   1572	   7764	   1e54	Lab2_OUTPUT_74HC595_LED.elf
Finished building: default.size.stdout
 
13:53:55 **** Incremental Build of configuration Debug for project Lab3_GPIO_INPUT ****
make -j8 all 
arm-none-eabi-size   Lab3_GPIO_INPUT.elf 
   text	   data	    bss	    dec	    hex	filename
   5976	     20	   1572	   7568	   1d90	Lab3_GPIO_INPUT.elf
Finished building: default.size.stdout
 
13:53:55 **** Incremental Build of configuration Debug for project Lab4_INPUT_EXTI ****
make -j8 all 
arm-none-eabi-size   Lab4_INPUT_EXTI.elf 
   text	   data	    bss	    dec	    hex	filename
   6164	     24	   1568	   7756	   1e4c	Lab4_INPUT_EXTI.elf
Finished building: default.size.stdout
 
13:53:55 **** Incremental Build of configuration Debug for project Lab5_LCD ****
make -j8 all 
arm-none-eabi-gcc "../Drivers/STM32F4xx_HAL_Driver/Src/stm32f4xx_hal.c" -mcpu=cortex-m4 -std=gnu11 -g3 -DDEBUG -DUSE_HAL_DRIVER -DSTM32F411xE -c -I../Core/Inc -I../Drivers/STM32F4xx_HAL_Driver/Inc -I../Drivers/STM32F4xx_HAL_Driver/Inc/Legacy -I../Drivers/CMSIS/Device/ST/STM32F4xx/Include -I../Drivers/CMSIS/Include -O0 -ffunction-sections -fdata-sections -Wall -fstack-usage -MMD -MP -MF"Drivers/STM32F4xx_HAL_Driver/Src/stm32f4xx_hal.d" -MT"Drivers/STM32F4xx_HAL_Driver/Src/stm32f4xx_hal.o" --specs=nano.specs -mfpu=fpv4-sp-d16 -mfloat-abi=hard -mthumb -o "Drivers/STM32F4xx_HAL_Driver/Src/stm32f4xx_hal.o"
arm-none-eabi-gcc "../Drivers/STM32F4xx_HAL_Driver/Src/stm32f4xx_hal_cortex.c" -mcpu=cortex-m4 -std=gnu11 -g3 -DDEBUG -DUSE_HAL_DRIVER -DSTM32F411xE -c -I../Core/Inc -I../Drivers/STM32F4xx_HAL_Driver/Inc -I../Drivers/STM32F4xx_HAL_Driver/Inc/Legacy -I../Drivers/CMSIS/Device/ST/STM32F4xx/Include -I../Drivers/CMSIS/Include -O0 -ffunction-sections -fdata-sections -Wall -fstack-usage -MMD -MP -MF"Drivers/STM32F4xx_HAL_Driver/Src/stm32f4xx_hal_cortex.d" -MT"Drivers/STM32F4xx_HAL_Driver/Src/stm32f4xx_hal_cortex.o" --specs=nano.specs -mfpu=fpv4-sp-d16 -mfloat-abi=hard -mthumb -o "Drivers/STM32F4xx_HAL_Driver/Src/stm32f4xx_hal_cortex.o"
arm-none-eabi-gcc "../Drivers/STM32F4xx_HAL_Driver/Src/stm32f4xx_hal_dma.c" -mcpu=cortex-m4 -std=gnu11 -g3 -DDEBUG -DUSE_HAL_DRIVER -DSTM32F411xE -c -I../Core/Inc -I../Drivers/STM32F4xx_HAL_Driver/Inc -I../Drivers/STM32F4xx_HAL_Driver/Inc/Legacy -I../Drivers/CMSIS/Device/ST/STM32F4xx/Include -I../Drivers/CMSIS/Include -O0 -ffunction-sections -fdata-sections -Wall -fstack-usage -MMD -MP -MF"Drivers/STM32F4xx_HAL_Driver/Src/stm32f4xx_hal_dma.d" -MT"Drivers/STM32F4xx_HAL_Driver/Src/stm32f4xx_hal_dma.o" --specs=nano.specs -mfpu=fpv4-sp-d16 -mfloat-abi=hard -mthumb -o "Drivers/STM32F4xx_HAL_Driver/Src/stm32f4xx_hal_dma.o"
arm-none-eabi-gcc "../Drivers/STM32F4xx_HAL_Driver/Src/stm32f4xx_hal_dma_ex.c" -mcpu=cortex-m4 -std=gnu11 -g3 -DDEBUG -DUSE_HAL_DRIVER -DSTM32F411xE -c -I../Core/Inc -I../Drivers/STM32F4xx_HAL_Driver/Inc -I../Drivers/STM32F4xx_HAL_Driver/Inc/Legacy -I../Drivers/CMSIS/Device/ST/STM32F4xx/Include -I../Drivers/CMSIS/Include -O0 -ffunction-sections -fdata-sections -Wall -fstack-usage -MMD -MP -MF"Drivers/STM32F4xx_HAL_Driver/Src/stm32f4xx_hal_dma_ex.d" -MT"Drivers/STM32F4xx_HAL_Driver/Src/stm32f4xx_hal_dma_ex.o" --specs=nano.specs -mfpu=fpv4-sp-d16 -mfloat-abi=hard -mthumb -o "Drivers/STM32F4xx_HAL_Driver/Src/stm32f4xx_hal_dma_ex.o"
arm-none-eabi-gcc "../Drivers/STM32F4xx_HAL_Driver/Src/stm32f4xx_hal_exti.c" -mcpu=cortex-m4 -std=gnu11 -g3 -DDEBUG -DUSE_HAL_DRIVER -DSTM32F411xE -c -I../Core/Inc -I../Drivers/STM32F4xx_HAL_Driver/Inc -I../Drivers/STM32F4xx_HAL_Driver/Inc/Legacy -I../Drivers/CMSIS/Device/ST/STM32F4xx/Include -I../Drivers/CMSIS/Include -O0 -ffunction-sections -fdata-sections -Wall -fstack-usage -MMD -MP -MF"Drivers/STM32F4xx_HAL_Driver/Src/stm32f4xx_hal_exti.d" -MT"Drivers/STM32F4xx_HAL_Driver/Src/stm32f4xx_hal_exti.o" --specs=nano.specs -mfpu=fpv4-sp-d16 -mfloat-abi=hard -mthumb -o "Drivers/STM32F4xx_HAL_Driver/Src/stm32f4xx_hal_exti.o"
arm-none-eabi-gcc "../Drivers/STM32F4xx_HAL_Driver/Src/stm32f4xx_hal_flash.c" -mcpu=cortex-m4 -std=gnu11 -g3 -DDEBUG -DUSE_HAL_DRIVER -DSTM32F411xE -c -I../Core/Inc -I../Drivers/STM32F4xx_HAL_Driver/Inc -I../Drivers/STM32F4xx_HAL_Driver/Inc/Legacy -I../Drivers/CMSIS/Device/ST/STM32F4xx/Include -I../Drivers/CMSIS/Include -O0 -ffunction-sections -fdata-sections -Wall -fstack-usage -MMD -MP -MF"Drivers/STM32F4xx_HAL_Driver/Src/stm32f4xx_hal_flash.d" -MT"Drivers/STM32F4xx_HAL_Driver/Src/stm32f4xx_hal_flash.o" --specs=nano.specs -mfpu=fpv4-sp-d16 -mfloat-abi=hard -mthumb -o "Drivers/STM32F4xx_HAL_Driver/Src/stm32f4xx_hal_flash.o"
arm-none-eabi-gcc "../Drivers/STM32F4xx_HAL_Driver/Src/stm32f4xx_hal_flash_ex.c" -mcpu=cortex-m4 -std=gnu11 -g3 -DDEBUG -DUSE_HAL_DRIVER -DSTM32F411xE -c -I../Core/Inc -I../Drivers/STM32F4xx_HAL_Driver/Inc -I../Drivers/STM32F4xx_HAL_Driver/Inc/Legacy -I../Drivers/CMSIS/Device/ST/STM32F4xx/Include -I../Drivers/CMSIS/Include -O0 -ffunction-sections -fdata-sections -Wall -fstack-usage -MMD -MP -MF"Drivers/STM32F4xx_HAL_Driver/Src/stm32f4xx_hal_flash_ex.d" -MT"Drivers/STM32F4xx_HAL_Driver/Src/stm32f4xx_hal_flash_ex.o" --specs=nano.specs -mfpu=fpv4-sp-d16 -mfloat-abi=hard -mthumb -o "Drivers/STM32F4xx_HAL_Driver/Src/stm32f4xx_hal_flash_ex.o"
arm-none-eabi-gcc "../Drivers/STM32F4xx_HAL_Driver/Src/stm32f4xx_hal_flash_ramfunc.c" -mcpu=cortex-m4 -std=gnu11 -g3 -DDEBUG -DUSE_HAL_DRIVER -DSTM32F411xE -c -I../Core/Inc -I../Drivers/STM32F4xx_HAL_Driver/Inc -I../Drivers/STM32F4xx_HAL_Driver/Inc/Legacy -I../Drivers/CMSIS/Device/ST/STM32F4xx/Include -I../Drivers/CMSIS/Include -O0 -ffunction-sections -fdata-sections -Wall -fstack-usage -MMD -MP -MF"Drivers/STM32F4xx_HAL_Driver/Src/stm32f4xx_hal_flash_ramfunc.d" -MT"Drivers/STM32F4xx_HAL_Driver/Src/stm32f4xx_hal_flash_ramfunc.o" --specs=nano.specs -mfpu=fpv4-sp-d16 -mfloat-abi=hard -mthumb -o "Drivers/STM32F4xx_HAL_Driver/Src/stm32f4xx_hal_flash_ramfunc.o"
arm-none-eabi-gcc "../Drivers/STM32F4xx_HAL_Driver/Src/stm32f4xx_hal_gpio.c" -mcpu=cortex-m4 -std=gnu11 -g3 -DDEBUG -DUSE_HAL_DRIVER -DSTM32F411xE -c -I../Core/Inc -I../Drivers/STM32F4xx_HAL_Driver/Inc -I../Drivers/STM32F4xx_HAL_Driver/Inc/Legacy -I../Drivers/CMSIS/Device/ST/STM32F4xx/Include -I../Drivers/CMSIS/Include -O0 -ffunction-sections -fdata-sections -Wall -fstack-usage -MMD -MP -MF"Drivers/STM32F4xx_HAL_Driver/Src/stm32f4xx_hal_gpio.d" -MT"Drivers/STM32F4xx_HAL_Driver/Src/stm32f4xx_hal_gpio.o" --specs=nano.specs -mfpu=fpv4-sp-d16 -mfloat-abi=hard -mthumb -o "Drivers/STM32F4xx_HAL_Driver/Src/stm32f4xx_hal_gpio.o"
arm-none-eabi-gcc "../Drivers/STM32F4xx_HAL_Driver/Src/stm32f4xx_hal_pwr.c" -mcpu=cortex-m4 -std=gnu11 -g3 -DDEBUG -DUSE_HAL_DRIVER -DSTM32F411xE -c -I../Core/Inc -I../Drivers/STM32F4xx_HAL_Driver/Inc -I../Drivers/STM32F4xx_HAL_Driver/Inc/Legacy -I../Drivers/CMSIS/Device/ST/STM32F4xx/Include -I../Drivers/CMSIS/Include -O0 -ffunction-sections -fdata-sections -Wall -fstack-usage -MMD -MP -MF"Drivers/STM32F4xx_HAL_Driver/Src/stm32f4xx_hal_pwr.d" -MT"Drivers/STM32F4xx_HAL_Driver/Src/stm32f4xx_hal_pwr.o" --specs=nano.specs -mfpu=fpv4-sp-d16 -mfloat-abi=hard -mthumb -o "Drivers/STM32F4xx_HAL_Driver/Src/stm32f4xx_hal_pwr.o"
arm-none-eabi-gcc "../Drivers/STM32F4xx_HAL_Driver/Src/stm32f4xx_hal_pwr_ex.c" -mcpu=cortex-m4 -std=gnu11 -g3 -DDEBUG -DUSE_HAL_DRIVER -DSTM32F411xE -c -I../Core/Inc -I../Drivers/STM32F4xx_HAL_Driver/Inc -I../Drivers/STM32F4xx_HAL_Driver/Inc/Legacy -I../Drivers/CMSIS/Device/ST/STM32F4xx/Include -I../Drivers/CMSIS/Include -O0 -ffunction-sections -fdata-sections -Wall -fstack-usage -MMD -MP -MF"Drivers/STM32F4xx_HAL_Driver/Src/stm32f4xx_hal_pwr_ex.d" -MT"Drivers/STM32F4xx_HAL_Driver/Src/stm32f4xx_hal_pwr_ex.o" --specs=nano.specs -mfpu=fpv4-sp-d16 -mfloat-abi=hard -mthumb -o "Drivers/STM32F4xx_HAL_Driver/Src/stm32f4xx_hal_pwr_ex.o"
arm-none-eabi-gcc "../Drivers/STM32F4xx_HAL_Driver/Src/stm32f4xx_hal_rcc.c" -mcpu=cortex-m4 -std=gnu11 -g3 -DDEBUG -DUSE_HAL_DRIVER -DSTM32F411xE -c -I../Core/Inc -I../Drivers/STM32F4xx_HAL_Driver/Inc -I../Drivers/STM32F4xx_HAL_Driver/Inc/Legacy -I../Drivers/CMSIS/Device/ST/STM32F4xx/Include -I../Drivers/CMSIS/Include -O0 -ffunction-sections -fdata-sections -Wall -fstack-usage -MMD -MP -MF"Drivers/STM32F4xx_HAL_Driver/Src/stm32f4xx_hal_rcc.d" -MT"Drivers/STM32F4xx_HAL_Driver/Src/stm32f4xx_hal_rcc.o" --specs=nano.specs -mfpu=fpv4-sp-d16 -mfloat-abi=hard -mthumb -o "Drivers/STM32F4xx_HAL_Driver/Src/stm32f4xx_hal_rcc.o"
arm-none-eabi-gcc "../Drivers/STM32F4xx_HAL_Driver/Src/stm32f4xx_hal_rcc_ex.c" -mcpu=cortex-m4 -std=gnu11 -g3 -DDEBUG -DUSE_HAL_DRIVER -DSTM32F411xE -c -I../Core/Inc -I../Drivers/STM32F4xx_HAL_Driver/Inc -I../Drivers/STM32F4xx_HAL_Driver/Inc/Legacy -I../Drivers/CMSIS/Device/ST/STM32F4xx/Include -I../Drivers/CMSIS/Include -O0 -ffunction-sections -fdata-sections -Wall -fstack-usage -MMD -MP -MF"Drivers/STM32F4xx_HAL_Driver/Src/stm32f4xx_hal_rcc_ex.d" -MT"Drivers/STM32F4xx_HAL_Driver/Src/stm32f4xx_hal_rcc_ex.o" --specs=nano.specs -mfpu=fpv4-sp-d16 -mfloat-abi=hard -mthumb -o "Drivers/STM32F4xx_HAL_Driver/Src/stm32f4xx_hal_rcc_ex.o"
arm-none-eabi-gcc "../Drivers/STM32F4xx_HAL_Driver/Src/stm32f4xx_hal_tim.c" -mcpu=cortex-m4 -std=gnu11 -g3 -DDEBUG -DUSE_HAL_DRIVER -DSTM32F411xE -c -I../Core/Inc -I../Drivers/STM32F4xx_HAL_Driver/Inc -I../Drivers/STM32F4xx_HAL_Driver/Inc/Legacy -I../Drivers/CMSIS/Device/ST/STM32F4xx/Include -I../Drivers/CMSIS/Include -O0 -ffunction-sections -fdata-sections -Wall -fstack-usage -MMD -MP -MF"Drivers/STM32F4xx_HAL_Driver/Src/stm32f4xx_hal_tim.d" -MT"Drivers/STM32F4xx_HAL_Driver/Src/stm32f4xx_hal_tim.o" --specs=nano.specs -mfpu=fpv4-sp-d16 -mfloat-abi=hard -mthumb -o "Drivers/STM32F4xx_HAL_Driver/Src/stm32f4xx_hal_tim.o"
arm-none-eabi-gcc "../Drivers/STM32F4xx_HAL_Driver/Src/stm32f4xx_hal_tim_ex.c" -mcpu=cortex-m4 -std=gnu11 -g3 -DDEBUG -DUSE_HAL_DRIVER -DSTM32F411xE -c -I../Core/Inc -I../Drivers/STM32F4xx_HAL_Driver/Inc -I../Drivers/STM32F4xx_HAL_Driver/Inc/Legacy -I../Drivers/CMSIS/Device/ST/STM32F4xx/Include -I../Drivers/CMSIS/Include -O0 -ffunction-sections -fdata-sections -Wall -fstack-usage -MMD -MP -MF"Drivers/STM32F4xx_HAL_Driver/Src/stm32f4xx_hal_tim_ex.d" -MT"Drivers/STM32F4xx_HAL_Driver/Src/stm32f4xx_hal_tim_ex.o" --specs=nano.specs -mfpu=fpv4-sp-d16 -mfloat-abi=hard -mthumb -o "Drivers/STM32F4xx_HAL_Driver/Src/stm32f4xx_hal_tim_ex.o"
arm-none-eabi-gcc "../Core/Src/lcd_text.c" -mcpu=cortex-m4 -std=gnu11 -g3 -DDEBUG -DUSE_HAL_DRIVER -DSTM32F411xE -c -I../Core/Inc -I../Drivers/STM32F4xx_HAL_Driver/Inc -I../Drivers/STM32F4xx_HAL_Driver/Inc/Legacy -I../Drivers/CMSIS/Device/ST/STM32F4xx/Include -I../Drivers/CMSIS/Include -O0 -ffunction-sections -fdata-sections -Wall -fstack-usage -MMD -MP -MF"Core/Src/lcd_text.d" -MT"Core/Src/lcd_text.o" --specs=nano.specs -mfpu=fpv4-sp-d16 -mfloat-abi=hard -mthumb -o "Core/Src/lcd_text.o"
arm-none-eabi-gcc "../Core/Src/main.c" -mcpu=cortex-m4 -std=gnu11 -g3 -DDEBUG -DUSE_HAL_DRIVER -DSTM32F411xE -c -I../Core/Inc -I../Drivers/STM32F4xx_HAL_Driver/Inc -I../Drivers/STM32F4xx_HAL_Driver/Inc/Legacy -I../Drivers/CMSIS/Device/ST/STM32F4xx/Include -I../Drivers/CMSIS/Include -O0 -ffunction-sections -fdata-sections -Wall -fstack-usage -MMD -MP -MF"Core/Src/main.d" -MT"Core/Src/main.o" --specs=nano.specs -mfpu=fpv4-sp-d16 -mfloat-abi=hard -mthumb -o "Core/Src/main.o"
arm-none-eabi-gcc "../Core/Src/stm32f4xx_hal_msp.c" -mcpu=cortex-m4 -std=gnu11 -g3 -DDEBUG -DUSE_HAL_DRIVER -DSTM32F411xE -c -I../Core/Inc -I../Drivers/STM32F4xx_HAL_Driver/Inc -I../Drivers/STM32F4xx_HAL_Driver/Inc/Legacy -I../Drivers/CMSIS/Device/ST/STM32F4xx/Include -I../Drivers/CMSIS/Include -O0 -ffunction-sections -fdata-sections -Wall -fstack-usage -MMD -MP -MF"Core/Src/stm32f4xx_hal_msp.d" -MT"Core/Src/stm32f4xx_hal_msp.o" --specs=nano.specs -mfpu=fpv4-sp-d16 -mfloat-abi=hard -mthumb -o "Core/Src/stm32f4xx_hal_msp.o"
arm-none-eabi-gcc "../Core/Src/stm32f4xx_it.c" -mcpu=cortex-m4 -std=gnu11 -g3 -DDEBUG -DUSE_HAL_DRIVER -DSTM32F411xE -c -I../Core/Inc -I../Drivers/STM32F4xx_HAL_Driver/Inc -I../Drivers/STM32F4xx_HAL_Driver/Inc/Legacy -I../Drivers/CMSIS/Device/ST/STM32F4xx/Include -I../Drivers/CMSIS/Include -O0 -ffunction-sections -fdata-sections -Wall -fstack-usage -MMD -MP -MF"Core/Src/stm32f4xx_it.d" -MT"Core/Src/stm32f4xx_it.o" --specs=nano.specs -mfpu=fpv4-sp-d16 -mfloat-abi=hard -mthumb -o "Core/Src/stm32f4xx_it.o"
arm-none-eabi-gcc "../Core/Src/system_stm32f4xx.c" -mcpu=cortex-m4 -std=gnu11 -g3 -DDEBUG -DUSE_HAL_DRIVER -DSTM32F411xE -c -I../Core/Inc -I../Drivers/STM32F4xx_HAL_Driver/Inc -I../Drivers/STM32F4xx_HAL_Driver/Inc/Legacy -I../Drivers/CMSIS/Device/ST/STM32F4xx/Include -I../Drivers/CMSIS/Include -O0 -ffunction-sections -fdata-sections -Wall -fstack-usage -MMD -MP -MF"Core/Src/system_stm32f4xx.d" -MT"Core/Src/system_stm32f4xx.o" --specs=nano.specs -mfpu=fpv4-sp-d16 -mfloat-abi=hard -mthumb -o "Core/Src/system_stm32f4xx.o"
arm-none-eabi-gcc -o "Lab5_LCD.elf" @"objects.list"   -mcpu=cortex-m4 -T"E:\STM32F411VET6_LuanVan_LapTrinh\STM32F411VET6\Lab5_LCD\STM32F411VETX_FLASH.ld" --specs=nosys.specs -Wl,-Map="Lab5_LCD.map" -Wl,--gc-sections -static --specs=nano.specs -mfpu=fpv4-sp-d16 -mfloat-abi=hard -mthumb -Wl,--start-group -lc -lm -Wl,--end-group
Finished building target: Lab5_LCD.elf
 
arm-none-eabi-size   Lab5_LCD.elf 
arm-none-eabi-objdump -h -S  Lab5_LCD.elf  > "Lab5_LCD.list"
   text	   data	    bss	    dec	    hex	filename
   6572	     20	   1572	   8164	   1fe4	Lab5_LCD.elf
Finished building: default.size.stdout
 
Finished building: Lab5_LCD.list
 
13:53:57 **** Incremental Build of configuration Debug for project Lab6_LED_MATRIX ****
make -j8 all 
arm-none-eabi-size   Lab6_LED_MATRIX.elf 
   text	   data	    bss	    dec	    hex	filename
   6932	   1272	   1568	   9772	   262c	Lab6_LED_MATRIX.elf
Finished building: default.size.stdout
 
13:53:57 **** Incremental Build of configuration Debug for project Lab7_KeyPad_4x4 ****
make -j8 all 
arm-none-eabi-gcc "../Core/Src/main.c" -mcpu=cortex-m4 -std=gnu11 -g3 -DDEBUG -DUSE_HAL_DRIVER -DSTM32F411xE -c -I../Core/Inc -I../Drivers/STM32F4xx_HAL_Driver/Inc -I../Drivers/STM32F4xx_HAL_Driver/Inc/Legacy -I../Drivers/CMSIS/Device/ST/STM32F4xx/Include -I../Drivers/CMSIS/Include -O0 -ffunction-sections -fdata-sections -Wall -fstack-usage -MMD -MP -MF"Core/Src/main.d" -MT"Core/Src/main.o" --specs=nano.specs -mfpu=fpv4-sp-d16 -mfloat-abi=hard -mthumb -o "Core/Src/main.o"
arm-none-eabi-gcc -o "Lab7_KeyPad_4x4.elf" @"objects.list"   -mcpu=cortex-m4 -T"E:\STM32F411VET6_LuanVan_LapTrinh\STM32F411VET6\Lab7_KeyPad_4x4\STM32F411VETX_FLASH.ld" --specs=nosys.specs -Wl,-Map="Lab7_KeyPad_4x4.map" -Wl,--gc-sections -static --specs=nano.specs -mfpu=fpv4-sp-d16 -mfloat-abi=hard -mthumb -Wl,--start-group -lc -lm -Wl,--end-group
Finished building target: Lab7_KeyPad_4x4.elf
 
arm-none-eabi-size   Lab7_KeyPad_4x4.elf 
arm-none-eabi-objdump -h -S  Lab7_KeyPad_4x4.elf  > "Lab7_KeyPad_4x4.list"
   text	   data	    bss	    dec	    hex	filename
   6648	     20	   1572	   8240	   2030	Lab7_KeyPad_4x4.elf
Finished building: default.size.stdout
 
Finished building: Lab7_KeyPad_4x4.list
 
13:53:58 **** Incremental Build of configuration Debug for project RFID_SPI ****
make -j8 all 
arm-none-eabi-size   RFID_SPI.elf 
   text	   data	    bss	    dec	    hex	filename
   9116	     28	   1668	  10812	   2a3c	RFID_SPI.elf
Finished building: default.size.stdout
 
13:53:58 **** Incremental Build of configuration Debug for project TIMER_PWM_L298N ****
make -j8 all 
arm-none-eabi-size   TIMER_PWM_L298N.elf 
   text	   data	    bss	    dec	    hex	filename
   9544	     20	   1644	  11208	   2bc8	TIMER_PWM_L298N.elf
Finished building: default.size.stdout
 
13:54:11 **** Incremental Build of configuration Debug for project Lab5_LCD ****
make -j8 all 
arm-none-eabi-size   Lab5_LCD.elf 
   text	   data	    bss	    dec	    hex	filename
   6572	     20	   1572	   8164	   1fe4	Lab5_LCD.elf
Finished building: default.size.stdout
 
13:55:50 **** Incremental Build of configuration Debug for project Lab1_GPIO_OUTPUT ****
make -j8 all 
arm-none-eabi-size   Lab1_GPIO_OUTPUT.elf 
   text	   data	    bss	    dec	    hex	filename
   5800	     20	   1572	   7392	   1ce0	Lab1_GPIO_OUTPUT.elf
Finished building: default.size.stdout
 
13:55:50 **** Incremental Build of configuration Debug for project Lab2_OUTPUT_74HC595_LED ****
make -j8 all 
arm-none-eabi-size   Lab2_OUTPUT_74HC595_LED.elf 
   text	   data	    bss	    dec	    hex	filename
   6172	     20	   1572	   7764	   1e54	Lab2_OUTPUT_74HC595_LED.elf
Finished building: default.size.stdout
 
13:55:50 **** Incremental Build of configuration Debug for project Lab3_GPIO_INPUT ****
make -j8 all 
arm-none-eabi-size   Lab3_GPIO_INPUT.elf 
   text	   data	    bss	    dec	    hex	filename
   5976	     20	   1572	   7568	   1d90	Lab3_GPIO_INPUT.elf
Finished building: default.size.stdout
 
13:55:50 **** Incremental Build of configuration Debug for project Lab4_INPUT_EXTI ****
make -j8 all 
arm-none-eabi-size   Lab4_INPUT_EXTI.elf 
   text	   data	    bss	    dec	    hex	filename
   6164	     24	   1568	   7756	   1e4c	Lab4_INPUT_EXTI.elf
Finished building: default.size.stdout
 
13:55:51 **** Incremental Build of configuration Debug for project Lab5_LCD ****
make -j8 all 
arm-none-eabi-size   Lab5_LCD.elf 
   text	   data	    bss	    dec	    hex	filename
   6572	     20	   1572	   8164	   1fe4	Lab5_LCD.elf
Finished building: default.size.stdout
 
13:55:51 **** Incremental Build of configuration Debug for project Lab6_LED_MATRIX ****
make -j8 all 
arm-none-eabi-size   Lab6_LED_MATRIX.elf 
   text	   data	    bss	    dec	    hex	filename
   6932	   1272	   1568	   9772	   262c	Lab6_LED_MATRIX.elf
Finished building: default.size.stdout
 
13:55:51 **** Incremental Build of configuration Debug for project Lab7_KeyPad_4x4 ****
make -j8 all 
arm-none-eabi-gcc "../Drivers/STM32F4xx_HAL_Driver/Src/stm32f4xx_hal.c" -mcpu=cortex-m4 -std=gnu11 -g3 -DDEBUG -DUSE_HAL_DRIVER -DSTM32F411xE -c -I../Core/Inc -I../Drivers/STM32F4xx_HAL_Driver/Inc -I../Drivers/STM32F4xx_HAL_Driver/Inc/Legacy -I../Drivers/CMSIS/Device/ST/STM32F4xx/Include -I../Drivers/CMSIS/Include -O0 -ffunction-sections -fdata-sections -Wall -fstack-usage -MMD -MP -MF"Drivers/STM32F4xx_HAL_Driver/Src/stm32f4xx_hal.d" -MT"Drivers/STM32F4xx_HAL_Driver/Src/stm32f4xx_hal.o" --specs=nano.specs -mfpu=fpv4-sp-d16 -mfloat-abi=hard -mthumb -o "Drivers/STM32F4xx_HAL_Driver/Src/stm32f4xx_hal.o"
arm-none-eabi-gcc "../Drivers/STM32F4xx_HAL_Driver/Src/stm32f4xx_hal_cortex.c" -mcpu=cortex-m4 -std=gnu11 -g3 -DDEBUG -DUSE_HAL_DRIVER -DSTM32F411xE -c -I../Core/Inc -I../Drivers/STM32F4xx_HAL_Driver/Inc -I../Drivers/STM32F4xx_HAL_Driver/Inc/Legacy -I../Drivers/CMSIS/Device/ST/STM32F4xx/Include -I../Drivers/CMSIS/Include -O0 -ffunction-sections -fdata-sections -Wall -fstack-usage -MMD -MP -MF"Drivers/STM32F4xx_HAL_Driver/Src/stm32f4xx_hal_cortex.d" -MT"Drivers/STM32F4xx_HAL_Driver/Src/stm32f4xx_hal_cortex.o" --specs=nano.specs -mfpu=fpv4-sp-d16 -mfloat-abi=hard -mthumb -o "Drivers/STM32F4xx_HAL_Driver/Src/stm32f4xx_hal_cortex.o"
arm-none-eabi-gcc "../Drivers/STM32F4xx_HAL_Driver/Src/stm32f4xx_hal_dma.c" -mcpu=cortex-m4 -std=gnu11 -g3 -DDEBUG -DUSE_HAL_DRIVER -DSTM32F411xE -c -I../Core/Inc -I../Drivers/STM32F4xx_HAL_Driver/Inc -I../Drivers/STM32F4xx_HAL_Driver/Inc/Legacy -I../Drivers/CMSIS/Device/ST/STM32F4xx/Include -I../Drivers/CMSIS/Include -O0 -ffunction-sections -fdata-sections -Wall -fstack-usage -MMD -MP -MF"Drivers/STM32F4xx_HAL_Driver/Src/stm32f4xx_hal_dma.d" -MT"Drivers/STM32F4xx_HAL_Driver/Src/stm32f4xx_hal_dma.o" --specs=nano.specs -mfpu=fpv4-sp-d16 -mfloat-abi=hard -mthumb -o "Drivers/STM32F4xx_HAL_Driver/Src/stm32f4xx_hal_dma.o"
arm-none-eabi-gcc "../Drivers/STM32F4xx_HAL_Driver/Src/stm32f4xx_hal_dma_ex.c" -mcpu=cortex-m4 -std=gnu11 -g3 -DDEBUG -DUSE_HAL_DRIVER -DSTM32F411xE -c -I../Core/Inc -I../Drivers/STM32F4xx_HAL_Driver/Inc -I../Drivers/STM32F4xx_HAL_Driver/Inc/Legacy -I../Drivers/CMSIS/Device/ST/STM32F4xx/Include -I../Drivers/CMSIS/Include -O0 -ffunction-sections -fdata-sections -Wall -fstack-usage -MMD -MP -MF"Drivers/STM32F4xx_HAL_Driver/Src/stm32f4xx_hal_dma_ex.d" -MT"Drivers/STM32F4xx_HAL_Driver/Src/stm32f4xx_hal_dma_ex.o" --specs=nano.specs -mfpu=fpv4-sp-d16 -mfloat-abi=hard -mthumb -o "Drivers/STM32F4xx_HAL_Driver/Src/stm32f4xx_hal_dma_ex.o"
[...]
arm-none-eabi-gcc "../Drivers/STM32F4xx_HAL_Driver/Src/stm32f4xx_hal_gpio.c" -mcpu=cortex-m4 -std=gnu11 -g3 -DDEBUG -DUSE_HAL_DRIVER -DSTM32F411xE -c -I../Core/Inc -I../Drivers/STM32F4xx_HAL_Driver/Inc -I../Drivers/STM32F4xx_HAL_Driver/Inc/Legacy -I../Drivers/CMSIS/Device/ST/STM32F4xx/Include -I../Drivers/CMSIS/Include -O0 -ffunction-sections -fdata-sections -Wall -fstack-usage -MMD -MP -MF"Drivers/STM32F4xx_HAL_Driver/Src/stm32f4xx_hal_gpio.d" -MT"Drivers/STM32F4xx_HAL_Driver/Src/stm32f4xx_hal_gpio.o" --specs=nano.specs -mfpu=fpv4-sp-d16 -mfloat-abi=hard -mthumb -o "Drivers/STM32F4xx_HAL_Driver/Src/stm32f4xx_hal_gpio.o"
arm-none-eabi-gcc "../Drivers/STM32F4xx_HAL_Driver/Src/stm32f4xx_hal_pwr.c" -mcpu=cortex-m4 -std=gnu11 -g3 -DDEBUG -DUSE_HAL_DRIVER -DSTM32F411xE -c -I../Core/Inc -I../Drivers/STM32F4xx_HAL_Driver/Inc -I../Drivers/STM32F4xx_HAL_Driver/Inc/Legacy -I../Drivers/CMSIS/Device/ST/STM32F4xx/Include -I../Drivers/CMSIS/Include -O0 -ffunction-sections -fdata-sections -Wall -fstack-usage -MMD -MP -MF"Drivers/STM32F4xx_HAL_Driver/Src/stm32f4xx_hal_pwr.d" -MT"Drivers/STM32F4xx_HAL_Driver/Src/stm32f4xx_hal_pwr.o" --specs=nano.specs -mfpu=fpv4-sp-d16 -mfloat-abi=hard -mthumb -o "Drivers/STM32F4xx_HAL_Driver/Src/stm32f4xx_hal_pwr.o"
arm-none-eabi-gcc "../Drivers/STM32F4xx_HAL_Driver/Src/stm32f4xx_hal_pwr_ex.c" -mcpu=cortex-m4 -std=gnu11 -g3 -DDEBUG -DUSE_HAL_DRIVER -DSTM32F411xE -c -I../Core/Inc -I../Drivers/STM32F4xx_HAL_Driver/Inc -I../Drivers/STM32F4xx_HAL_Driver/Inc/Legacy -I../Drivers/CMSIS/Device/ST/STM32F4xx/Include -I../Drivers/CMSIS/Include -O0 -ffunction-sections -fdata-sections -Wall -fstack-usage -MMD -MP -MF"Drivers/STM32F4xx_HAL_Driver/Src/stm32f4xx_hal_pwr_ex.d" -MT"Drivers/STM32F4xx_HAL_Driver/Src/stm32f4xx_hal_pwr_ex.o" --specs=nano.specs -mfpu=fpv4-sp-d16 -mfloat-abi=hard -mthumb -o "Drivers/STM32F4xx_HAL_Driver/Src/stm32f4xx_hal_pwr_ex.o"
arm-none-eabi-gcc "../Drivers/STM32F4xx_HAL_Driver/Src/stm32f4xx_hal_rcc.c" -mcpu=cortex-m4 -std=gnu11 -g3 -DDEBUG -DUSE_HAL_DRIVER -DSTM32F411xE -c -I../Core/Inc -I../Drivers/STM32F4xx_HAL_Driver/Inc -I../Drivers/STM32F4xx_HAL_Driver/Inc/Legacy -I../Drivers/CMSIS/Device/ST/STM32F4xx/Include -I../Drivers/CMSIS/Include -O0 -ffunction-sections -fdata-sections -Wall -fstack-usage -MMD -MP -MF"Drivers/STM32F4xx_HAL_Driver/Src/stm32f4xx_hal_rcc.d" -MT"Drivers/STM32F4xx_HAL_Driver/Src/stm32f4xx_hal_rcc.o" --specs=nano.specs -mfpu=fpv4-sp-d16 -mfloat-abi=hard -mthumb -o "Drivers/STM32F4xx_HAL_Driver/Src/stm32f4xx_hal_rcc.o"
arm-none-eabi-gcc "../Drivers/STM32F4xx_HAL_Driver/Src/stm32f4xx_hal_rcc_ex.c" -mcpu=cortex-m4 -std=gnu11 -g3 -DDEBUG -DUSE_HAL_DRIVER -DSTM32F411xE -c -I../Core/Inc -I../Drivers/STM32F4xx_HAL_Driver/Inc -I../Drivers/STM32F4xx_HAL_Driver/Inc/Legacy -I../Drivers/CMSIS/Device/ST/STM32F4xx/Include -I../Drivers/CMSIS/Include -O0 -ffunction-sections -fdata-sections -Wall -fstack-usage -MMD -MP -MF"Drivers/STM32F4xx_HAL_Driver/Src/stm32f4xx_hal_rcc_ex.d" -MT"Drivers/STM32F4xx_HAL_Driver/Src/stm32f4xx_hal_rcc_ex.o" --specs=nano.specs -mfpu=fpv4-sp-d16 -mfloat-abi=hard -mthumb -o "Drivers/STM32F4xx_HAL_Driver/Src/stm32f4xx_hal_rcc_ex.o"
arm-none-eabi-gcc "../Drivers/STM32F4xx_HAL_Driver/Src/stm32f4xx_hal_tim.c" -mcpu=cortex-m4 -std=gnu11 -g3 -DDEBUG -DUSE_HAL_DRIVER -DSTM32F411xE -c -I../Core/Inc -I../Drivers/STM32F4xx_HAL_Driver/Inc -I../Drivers/STM32F4xx_HAL_Driver/Inc/Legacy -I../Drivers/CMSIS/Device/ST/STM32F4xx/Include -I../Drivers/CMSIS/Include -O0 -ffunction-sections -fdata-sections -Wall -fstack-usage -MMD -MP -MF"Drivers/STM32F4xx_HAL_Driver/Src/stm32f4xx_hal_tim.d" -MT"Drivers/STM32F4xx_HAL_Driver/Src/stm32f4xx_hal_tim.o" --specs=nano.specs -mfpu=fpv4-sp-d16 -mfloat-abi=hard -mthumb -o "Drivers/STM32F4xx_HAL_Driver/Src/stm32f4xx_hal_tim.o"
arm-none-eabi-gcc "../Drivers/STM32F4xx_HAL_Driver/Src/stm32f4xx_hal_tim_ex.c" -mcpu=cortex-m4 -std=gnu11 -g3 -DDEBUG -DUSE_HAL_DRIVER -DSTM32F411xE -c -I../Core/Inc -I../Drivers/STM32F4xx_HAL_Driver/Inc -I../Drivers/STM32F4xx_HAL_Driver/Inc/Legacy -I../Drivers/CMSIS/Device/ST/STM32F4xx/Include -I../Drivers/CMSIS/Include -O0 -ffunction-sections -fdata-sections -Wall -fstack-usage -MMD -MP -MF"Drivers/STM32F4xx_HAL_Driver/Src/stm32f4xx_hal_tim_ex.d" -MT"Drivers/STM32F4xx_HAL_Driver/Src/stm32f4xx_hal_tim_ex.o" --specs=nano.specs -mfpu=fpv4-sp-d16 -mfloat-abi=hard -mthumb -o "Drivers/STM32F4xx_HAL_Driver/Src/stm32f4xx_hal_tim_ex.o"
arm-none-eabi-gcc "../Core/Src/lcd_text.c" -mcpu=cortex-m4 -std=gnu11 -g3 -DDEBUG -DUSE_HAL_DRIVER -DSTM32F411xE -c -I../Core/Inc -I../Drivers/STM32F4xx_HAL_Driver/Inc -I../Drivers/STM32F4xx_HAL_Driver/Inc/Legacy -I../Drivers/CMSIS/Device/ST/STM32F4xx/Include -I../Drivers/CMSIS/Include -O0 -ffunction-sections -fdata-sections -Wall -fstack-usage -MMD -MP -MF"Core/Src/lcd_text.d" -MT"Core/Src/lcd_text.o" --specs=nano.specs -mfpu=fpv4-sp-d16 -mfloat-abi=hard -mthumb -o "Core/Src/lcd_text.o"
arm-none-eabi-gcc "../Core/Src/main.c" -mcpu=cortex-m4 -std=gnu11 -g3 -DDEBUG -DUSE_HAL_DRIVER -DSTM32F411xE -c -I../Core/Inc -I../Drivers/STM32F4xx_HAL_Driver/Inc -I../Drivers/STM32F4xx_HAL_Driver/Inc/Legacy -I../Drivers/CMSIS/Device/ST/STM32F4xx/Include -I../Drivers/CMSIS/Include -O0 -ffunction-sections -fdata-sections -Wall -fstack-usage -MMD -MP -MF"Core/Src/main.d" -MT"Core/Src/main.o" --specs=nano.specs -mfpu=fpv4-sp-d16 -mfloat-abi=hard -mthumb -o "Core/Src/main.o"
arm-none-eabi-gcc "../Core/Src/stm32f4xx_hal_msp.c" -mcpu=cortex-m4 -std=gnu11 -g3 -DDEBUG -DUSE_HAL_DRIVER -DSTM32F411xE -c -I../Core/Inc -I../Drivers/STM32F4xx_HAL_Driver/Inc -I../Drivers/STM32F4xx_HAL_Driver/Inc/Legacy -I../Drivers/CMSIS/Device/ST/STM32F4xx/Include -I../Drivers/CMSIS/Include -O0 -ffunction-sections -fdata-sections -Wall -fstack-usage -MMD -MP -MF"Core/Src/stm32f4xx_hal_msp.d" -MT"Core/Src/stm32f4xx_hal_msp.o" --specs=nano.specs -mfpu=fpv4-sp-d16 -mfloat-abi=hard -mthumb -o "Core/Src/stm32f4xx_hal_msp.o"
arm-none-eabi-gcc "../Core/Src/stm32f4xx_it.c" -mcpu=cortex-m4 -std=gnu11 -g3 -DDEBUG -DUSE_HAL_DRIVER -DSTM32F411xE -c -I../Core/Inc -I../Drivers/STM32F4xx_HAL_Driver/Inc -I../Drivers/STM32F4xx_HAL_Driver/Inc/Legacy -I../Drivers/CMSIS/Device/ST/STM32F4xx/Include -I../Drivers/CMSIS/Include -O0 -ffunction-sections -fdata-sections -Wall -fstack-usage -MMD -MP -MF"Core/Src/stm32f4xx_it.d" -MT"Core/Src/stm32f4xx_it.o" --specs=nano.specs -mfpu=fpv4-sp-d16 -mfloat-abi=hard -mthumb -o "Core/Src/stm32f4xx_it.o"
arm-none-eabi-gcc "../Core/Src/system_stm32f4xx.c" -mcpu=cortex-m4 -std=gnu11 -g3 -DDEBUG -DUSE_HAL_DRIVER -DSTM32F411xE -c -I../Core/Inc -I../Drivers/STM32F4xx_HAL_Driver/Inc -I../Drivers/STM32F4xx_HAL_Driver/Inc/Legacy -I../Drivers/CMSIS/Device/ST/STM32F4xx/Include -I../Drivers/CMSIS/Include -O0 -ffunction-sections -fdata-sections -Wall -fstack-usage -MMD -MP -MF"Core/Src/system_stm32f4xx.d" -MT"Core/Src/system_stm32f4xx.o" --specs=nano.specs -mfpu=fpv4-sp-d16 -mfloat-abi=hard -mthumb -o "Core/Src/system_stm32f4xx.o"
arm-none-eabi-gcc -o "Lab7_KeyPad_4x4.elf" @"objects.list"   -mcpu=cortex-m4 -T"E:\STM32F411VET6_LuanVan_LapTrinh\STM32F411VET6\Lab7_KeyPad_4x4\STM32F411VETX_FLASH.ld" --specs=nosys.specs -Wl,-Map="Lab7_KeyPad_4x4.map" -Wl,--gc-sections -static --specs=nano.specs -mfpu=fpv4-sp-d16 -mfloat-abi=hard -mthumb -Wl,--start-group -lc -lm -Wl,--end-group
Finished building target: Lab7_KeyPad_4x4.elf
 
arm-none-eabi-size   Lab7_KeyPad_4x4.elf 
arm-none-eabi-objdump -h -S  Lab7_KeyPad_4x4.elf  > "Lab7_KeyPad_4x4.list"
   text	   data	    bss	    dec	    hex	filename
   8572	     20	   1668	  10260	   2814	Lab7_KeyPad_4x4.elf
Finished building: default.size.stdout
 
Finished building: Lab7_KeyPad_4x4.list
 
16:05:28 **** Incremental Build of configuration Debug for project RFID_SPI ****
make -j8 all 
arm-none-eabi-size   RFID_SPI.elf 
   text	   data	    bss	    dec	    hex	filename
   9116	     28	   1668	  10812	   2a3c	RFID_SPI.elf
Finished building: default.size.stdout
 
16:05:28 **** Incremental Build of configuration Debug for project TIMER_PWM_L298N ****
make -j8 all 
arm-none-eabi-size   TIMER_PWM_L298N.elf 
   text	   data	    bss	    dec	    hex	filename
   9544	     20	   1644	  11208	   2bc8	TIMER_PWM_L298N.elf
Finished building: default.size.stdout
 
16:05:34 **** Incremental Build of configuration Debug for project Lab7_KeyPad_4x4 ****
make -j8 all 
arm-none-eabi-size   Lab7_KeyPad_4x4.elf 
   text	   data	    bss	    dec	    hex	filename
   8572	     20	   1668	  10260	   2814	Lab7_KeyPad_4x4.elf
Finished building: default.size.stdout
 
16:06:08 **** Incremental Build of configuration Debug for project Lab1_GPIO_OUTPUT ****
make -j8 all 
arm-none-eabi-size   Lab1_GPIO_OUTPUT.elf 
   text	   data	    bss	    dec	    hex	filename
   5800	     20	   1572	   7392	   1ce0	Lab1_GPIO_OUTPUT.elf
Finished building: default.size.stdout
 
16:06:08 **** Incremental Build of configuration Debug for project Lab2_OUTPUT_74HC595_LED ****
make -j8 all 
arm-none-eabi-size   Lab2_OUTPUT_74HC595_LED.elf 
   text	   data	    bss	    dec	    hex	filename
   6172	     20	   1572	   7764	   1e54	Lab2_OUTPUT_74HC595_LED.elf
Finished building: default.size.stdout
 
16:06:08 **** Incremental Build of configuration Debug for project Lab3_GPIO_INPUT ****
make -j8 all 
arm-none-eabi-size   Lab3_GPIO_INPUT.elf 
   text	   data	    bss	    dec	    hex	filename
   5976	     20	   1572	   7568	   1d90	Lab3_GPIO_INPUT.elf
Finished building: default.size.stdout
 
16:06:08 **** Incremental Build of configuration Debug for project Lab4_INPUT_EXTI ****
make -j8 all 
arm-none-eabi-size   Lab4_INPUT_EXTI.elf 
   text	   data	    bss	    dec	    hex	filename
   6164	     24	   1568	   7756	   1e4c	Lab4_INPUT_EXTI.elf
Finished building: default.size.stdout
 
16:06:08 **** Incremental Build of configuration Debug for project Lab5_LCD ****
make -j8 all 
arm-none-eabi-size   Lab5_LCD.elf 
   text	   data	    bss	    dec	    hex	filename
   6572	     20	   1572	   8164	   1fe4	Lab5_LCD.elf
Finished building: default.size.stdout
 
16:06:09 **** Incremental Build of configuration Debug for project Lab6_LED_MATRIX ****
make -j8 all 
arm-none-eabi-size   Lab6_LED_MATRIX.elf 
   text	   data	    bss	    dec	    hex	filename
   6932	   1272	   1568	   9772	   262c	Lab6_LED_MATRIX.elf
Finished building: default.size.stdout
 
16:06:09 **** Incremental Build of configuration Debug for project Lab7_KeyPad_4x4 ****
make -j8 all 
arm-none-eabi-gcc "../Core/Src/main.c" -mcpu=cortex-m4 -std=gnu11 -g3 -DDEBUG -DUSE_HAL_DRIVER -DSTM32F411xE -c -I../Core/Inc -I../Drivers/STM32F4xx_HAL_Driver/Inc -I../Drivers/STM32F4xx_HAL_Driver/Inc/Legacy -I../Drivers/CMSIS/Device/ST/STM32F4xx/Include -I../Drivers/CMSIS/Include -O0 -ffunction-sections -fdata-sections -Wall -fstack-usage -MMD -MP -MF"Core/Src/main.d" -MT"Core/Src/main.o" --specs=nano.specs -mfpu=fpv4-sp-d16 -mfloat-abi=hard -mthumb -o "Core/Src/main.o"
arm-none-eabi-gcc -o "Lab7_KeyPad_4x4.elf" @"objects.list"   -mcpu=cortex-m4 -T"E:\STM32F411VET6_LuanVan_LapTrinh\STM32F411VET6\Lab7_KeyPad_4x4\STM32F411VETX_FLASH.ld" --specs=nosys.specs -Wl,-Map="Lab7_KeyPad_4x4.map" -Wl,--gc-sections -static --specs=nano.specs -mfpu=fpv4-sp-d16 -mfloat-abi=hard -mthumb -Wl,--start-group -lc -lm -Wl,--end-group
Finished building target: Lab7_KeyPad_4x4.elf
 
arm-none-eabi-size   Lab7_KeyPad_4x4.elf 
arm-none-eabi-objdump -h -S  Lab7_KeyPad_4x4.elf  > "Lab7_KeyPad_4x4.list"
   text	   data	    bss	    dec	    hex	filename
   8568	     20	   1668	  10256	   2810	Lab7_KeyPad_4x4.elf
Finished building: default.size.stdout
 
Finished building: Lab7_KeyPad_4x4.list
 
16:06:09 **** Incremental Build of configuration Debug for project RFID_SPI ****
make -j8 all 
arm-none-eabi-size   RFID_SPI.elf 
   text	   data	    bss	    dec	    hex	filename
   9116	     28	   1668	  10812	   2a3c	RFID_SPI.elf
Finished building: default.size.stdout
 
16:06:10 **** Incremental Build of configuration Debug for project TIMER_PWM_L298N ****
make -j8 all 
arm-none-eabi-size   TIMER_PWM_L298N.elf 
   text	   data	    bss	    dec	    hex	filename
   9544	     20	   1644	  11208	   2bc8	TIMER_PWM_L298N.elf
Finished building: default.size.stdout
 
16:06:15 **** Incremental Build of configuration Debug for project Lab7_KeyPad_4x4 ****
make -j8 all 
arm-none-eabi-size   Lab7_KeyPad_4x4.elf 
   text	   data	    bss	    dec	    hex	filename
   8568	     20	   1668	  10256	   2810	Lab7_KeyPad_4x4.elf
Finished building: default.size.stdout
 
16:07:45 **** Incremental Build of configuration Debug for project Lab1_GPIO_OUTPUT ****
make -j8 all 
arm-none-eabi-size   Lab1_GPIO_OUTPUT.elf 
   text	   data	    bss	    dec	    hex	filename
   5800	     20	   1572	   7392	   1ce0	Lab1_GPIO_OUTPUT.elf
Finished building: default.size.stdout
 
16:07:45 **** Incremental Build of configuration Debug for project Lab2_OUTPUT_74HC595_LED ****
make -j8 all 
arm-none-eabi-size   Lab2_OUTPUT_74HC595_LED.elf 
   text	   data	    bss	    dec	    hex	filename
   6172	     20	   1572	   7764	   1e54	Lab2_OUTPUT_74HC595_LED.elf
Finished building: default.size.stdout
 
16:07:45 **** Incremental Build of configuration Debug for project Lab3_GPIO_INPUT ****
make -j8 all 
arm-none-eabi-size   Lab3_GPIO_INPUT.elf 
   text	   data	    bss	    dec	    hex	filename
   5976	     20	   1572	   7568	   1d90	Lab3_GPIO_INPUT.elf
Finished building: default.size.stdout
 
16:07:45 **** Incremental Build of configuration Debug for project Lab4_INPUT_EXTI ****
make -j8 all 
arm-none-eabi-size   Lab4_INPUT_EXTI.elf 
   text	   data	    bss	    dec	    hex	filename
   6164	     24	   1568	   7756	   1e4c	Lab4_INPUT_EXTI.elf
Finished building: default.size.stdout
 
16:07:45 **** Incremental Build of configuration Debug for project Lab5_LCD ****
make -j8 all 
arm-none-eabi-size   Lab5_LCD.elf 
   text	   data	    bss	    dec	    hex	filename
   6572	     20	   1572	   8164	   1fe4	Lab5_LCD.elf
Finished building: default.size.stdout
 
16:07:46 **** Incremental Build of configuration Debug for project Lab6_LED_MATRIX ****
make -j8 all 
arm-none-eabi-size   Lab6_LED_MATRIX.elf 
   text	   data	    bss	    dec	    hex	filename
   6932	   1272	   1568	   9772	   262c	Lab6_LED_MATRIX.elf
Finished building: default.size.stdout
 
16:07:46 **** Incremental Build of configuration Debug for project Lab7_KeyPad_4x4 ****
make -j8 all 
arm-none-eabi-gcc "../Core/Src/main.c" -mcpu=cortex-m4 -std=gnu11 -g3 -DDEBUG -DUSE_HAL_DRIVER -DSTM32F411xE -c -I../Core/Inc -I../Drivers/STM32F4xx_HAL_Driver/Inc -I../Drivers/STM32F4xx_HAL_Driver/Inc/Legacy -I../Drivers/CMSIS/Device/ST/STM32F4xx/Include -I../Drivers/CMSIS/Include -O0 -ffunction-sections -fdata-sections -Wall -fstack-usage -MMD -MP -MF"Core/Src/main.d" -MT"Core/Src/main.o" --specs=nano.specs -mfpu=fpv4-sp-d16 -mfloat-abi=hard -mthumb -o "Core/Src/main.o"
arm-none-eabi-gcc -o "Lab7_KeyPad_4x4.elf" @"objects.list"   -mcpu=cortex-m4 -T"E:\STM32F411VET6_LuanVan_LapTrinh\STM32F411VET6\Lab7_KeyPad_4x4\STM32F411VETX_FLASH.ld" --specs=nosys.specs -Wl,-Map="Lab7_KeyPad_4x4.map" -Wl,--gc-sections -static --specs=nano.specs -mfpu=fpv4-sp-d16 -mfloat-abi=hard -mthumb -Wl,--start-group -lc -lm -Wl,--end-group
Finished building target: Lab7_KeyPad_4x4.elf
 
arm-none-eabi-size   Lab7_KeyPad_4x4.elf 
arm-none-eabi-objdump -h -S  Lab7_KeyPad_4x4.elf  > "Lab7_KeyPad_4x4.list"
   text	   data	    bss	    dec	    hex	filename
   9096	     20	   1668	  10784	   2a20	Lab7_KeyPad_4x4.elf
Finished building: default.size.stdout
 
Finished building: Lab7_KeyPad_4x4.list
 
16:07:46 **** Incremental Build of configuration Debug for project RFID_SPI ****
make -j8 all 
arm-none-eabi-size   RFID_SPI.elf 
   text	   data	    bss	    dec	    hex	filename
   9116	     28	   1668	  10812	   2a3c	RFID_SPI.elf
Finished building: default.size.stdout
 
16:07:47 **** Incremental Build of configuration Debug for project TIMER_PWM_L298N ****
make -j8 all 
arm-none-eabi-size   TIMER_PWM_L298N.elf 
   text	   data	    bss	    dec	    hex	filename
   9544	     20	   1644	  11208	   2bc8	TIMER_PWM_L298N.elf
Finished building: default.size.stdout
 
16:08:04 **** Incremental Build of configuration Debug for project Lab1_GPIO_OUTPUT ****
make -j8 all 
arm-none-eabi-size   Lab1_GPIO_OUTPUT.elf 
   text	   data	    bss	    dec	    hex	filename
   5800	     20	   1572	   7392	   1ce0	Lab1_GPIO_OUTPUT.elf
Finished building: default.size.stdout
 
16:08:05 **** Incremental Build of configuration Debug for project Lab2_OUTPUT_74HC595_LED ****
make -j8 all 
arm-none-eabi-size   Lab2_OUTPUT_74HC595_LED.elf 
   text	   data	    bss	    dec	    hex	filename
   6172	     20	   1572	   7764	   1e54	Lab2_OUTPUT_74HC595_LED.elf
Finished building: default.size.stdout
 
16:08:05 **** Incremental Build of configuration Debug for project Lab3_GPIO_INPUT ****
make -j8 all 
arm-none-eabi-size   Lab3_GPIO_INPUT.elf 
   text	   data	    bss	    dec	    hex	filename
   5976	     20	   1572	   7568	   1d90	Lab3_GPIO_INPUT.elf
Finished building: default.size.stdout
 
16:08:05 **** Incremental Build of configuration Debug for project Lab4_INPUT_EXTI ****
make -j8 all 
arm-none-eabi-size   Lab4_INPUT_EXTI.elf 
   text	   data	    bss	    dec	    hex	filename
   6164	     24	   1568	   7756	   1e4c	Lab4_INPUT_EXTI.elf
Finished building: default.size.stdout
 
16:08:05 **** Incremental Build of configuration Debug for project Lab5_LCD ****
make -j8 all 
arm-none-eabi-size   Lab5_LCD.elf 
   text	   data	    bss	    dec	    hex	filename
   6572	     20	   1572	   8164	   1fe4	Lab5_LCD.elf
Finished building: default.size.stdout
 
16:08:05 **** Incremental Build of configuration Debug for project Lab6_LED_MATRIX ****
make -j8 all 
arm-none-eabi-size   Lab6_LED_MATRIX.elf 
   text	   data	    bss	    dec	    hex	filename
   6932	   1272	   1568	   9772	   262c	Lab6_LED_MATRIX.elf
Finished building: default.size.stdout
 
16:08:06 **** Incremental Build of configuration Debug for project Lab7_KeyPad_4x4 ****
make -j8 all 
arm-none-eabi-gcc "../Core/Src/main.c" -mcpu=cortex-m4 -std=gnu11 -g3 -DDEBUG -DUSE_HAL_DRIVER -DSTM32F411xE -c -I../Core/Inc -I../Drivers/STM32F4xx_HAL_Driver/Inc -I../Drivers/STM32F4xx_HAL_Driver/Inc/Legacy -I../Drivers/CMSIS/Device/ST/STM32F4xx/Include -I../Drivers/CMSIS/Include -O0 -ffunction-sections -fdata-sections -Wall -fstack-usage -MMD -MP -MF"Core/Src/main.d" -MT"Core/Src/main.o" --specs=nano.specs -mfpu=fpv4-sp-d16 -mfloat-abi=hard -mthumb -o "Core/Src/main.o"
arm-none-eabi-gcc -o "Lab7_KeyPad_4x4.elf" @"objects.list"   -mcpu=cortex-m4 -T"E:\STM32F411VET6_LuanVan_LapTrinh\STM32F411VET6\Lab7_KeyPad_4x4\STM32F411VETX_FLASH.ld" --specs=nosys.specs -Wl,-Map="Lab7_KeyPad_4x4.map" -Wl,--gc-sections -static --specs=nano.specs -mfpu=fpv4-sp-d16 -mfloat-abi=hard -mthumb -Wl,--start-group -lc -lm -Wl,--end-group
Finished building target: Lab7_KeyPad_4x4.elf
 
arm-none-eabi-size   Lab7_KeyPad_4x4.elf 
arm-none-eabi-objdump -h -S  Lab7_KeyPad_4x4.elf  > "Lab7_KeyPad_4x4.list"
   text	   data	    bss	    dec	    hex	filename
   9096	     20	   1668	  10784	   2a20	Lab7_KeyPad_4x4.elf
Finished building: default.size.stdout
 
Finished building: Lab7_KeyPad_4x4.list
 
16:08:06 **** Incremental Build of configuration Debug for project RFID_SPI ****
make -j8 all 
arm-none-eabi-size   RFID_SPI.elf 
   text	   data	    bss	    dec	    hex	filename
   9116	     28	   1668	  10812	   2a3c	RFID_SPI.elf
Finished building: default.size.stdout
 
16:08:06 **** Incremental Build of configuration Debug for project TIMER_PWM_L298N ****
make -j8 all 
arm-none-eabi-size   TIMER_PWM_L298N.elf 
   text	   data	    bss	    dec	    hex	filename
   9544	     20	   1644	  11208	   2bc8	TIMER_PWM_L298N.elf
Finished building: default.size.stdout
 
16:08:19 **** Incremental Build of configuration Debug for project Lab7_KeyPad_4x4 ****
make -j8 all 
arm-none-eabi-size   Lab7_KeyPad_4x4.elf 
   text	   data	    bss	    dec	    hex	filename
   9096	     20	   1668	  10784	   2a20	Lab7_KeyPad_4x4.elf
Finished building: default.size.stdout
 
