16:13:26 **** Incremental Build of configuration Debug for project Lab5_LCD ****
make -j8 all 
arm-none-eabi-gcc "../Core/Src/main.c" -mcpu=cortex-m4 -std=gnu11 -g3 -DDEBUG -DUSE_HAL_DRIVER -DSTM32F411xE -c -I../Core/Inc -I../Drivers/STM32F4xx_HAL_Driver/Inc -I../Drivers/STM32F4xx_HAL_Driver/Inc/Legacy -I../Drivers/CMSIS/Device/ST/STM32F4xx/Include -I../Drivers/CMSIS/Include -O0 -ffunction-sections -fdata-sections -Wall -fstack-usage -MMD -MP -MF"Core/Src/main.d" -MT"Core/Src/main.o" --specs=nano.specs -mfpu=fpv4-sp-d16 -mfloat-abi=hard -mthumb -o "Core/Src/main.o"
arm-none-eabi-gcc -o "Lab5_LCD.elf" @"objects.list"   -mcpu=cortex-m4 -T"E:\STM32F411VET6_LuanVan_LapTrinh\STM32F411VET6\Lab5_LCD\STM32F411VETX_FLASH.ld" --specs=nosys.specs -Wl,-Map="Lab5_LCD.map" -Wl,--gc-sections -static --specs=nano.specs -mfpu=fpv4-sp-d16 -mfloat-abi=hard -mthumb -Wl,--start-group -lc -lm -Wl,--end-group
Finished building target: Lab5_LCD.elf
 
arm-none-eabi-size   Lab5_LCD.elf 
arm-none-eabi-objdump -h -S  Lab5_LCD.elf  > "Lab5_LCD.list"
   text	   data	    bss	    dec	    hex	filename
   6628	     20	   1572	   8220	   201c	Lab5_LCD.elf
Finished building: default.size.stdout
 
Finished building: Lab5_LCD.list
 

16:13:26 Build Finished. 0 errors, 0 warnings. (took 535ms)

