19:28:16 **** Incremental Build of configuration Debug for project pwm_verB ****
make -j8 all 
arm-none-eabi-gcc "../Core/Src/main.c" -mcpu=cortex-m4 -std=gnu11 -g3 -DDEBUG -DUSE_HAL_DRIVER -DSTM32F411xE -c -I../Core/Inc -I../Drivers/STM32F4xx_HAL_Driver/Inc -I../Drivers/STM32F4xx_HAL_Driver/Inc/Legacy -I../Drivers/CMSIS/Device/ST/STM32F4xx/Include -I../Drivers/CMSIS/Include -O0 -ffunction-sections -fdata-sections -Wall -fstack-usage -MMD -MP -MF"Core/Src/main.d" -MT"Core/Src/main.o" --specs=nano.specs -mfpu=fpv4-sp-d16 -mfloat-abi=hard -mthumb -o "Core/Src/main.o"
arm-none-eabi-gcc -o "pwm_verB.elf" @"objects.list"   -mcpu=cortex-m4 -T"E:\STM32F411VET6_LuanVan_LapTrinh\STM32F411VET6\pwm_verB\STM32F411VETX_FLASH.ld" --specs=nosys.specs -Wl,-Map="pwm_verB.map" -Wl,--gc-sections -static --specs=nano.specs -mfpu=fpv4-sp-d16 -mfloat-abi=hard -mthumb -Wl,--start-group -lc -lm -Wl,--end-group
Finished building target: pwm_verB.elf
 
arm-none-eabi-size   pwm_verB.elf 
arm-none-eabi-objdump -h -S  pwm_verB.elf  > "pwm_verB.list"
   text	   data	    bss	    dec	    hex	filename
  10156	     20	   1644	  11820	   2e2c	pwm_verB.elf
Finished building: default.size.stdout
 
Finished building: pwm_verB.list
 

19:28:16 Build Finished. 0 errors, 0 warnings. (took 503ms)

