17:43:35 **** Incremental Build of configuration Debug for project Timer_EXTI ****
make -j8 all 
arm-none-eabi-gcc "../Core/Src/main.c" -mcpu=cortex-m4 -std=gnu11 -g3 -DDEBUG -DUSE_HAL_DRIVER -DSTM32F411xE -c -I../Core/Inc -I../Drivers/STM32F4xx_HAL_Driver/Inc -I../Drivers/STM32F4xx_HAL_Driver/Inc/Legacy -I../Drivers/CMSIS/Device/ST/STM32F4xx/Include -I../Drivers/CMSIS/Include -O0 -ffunction-sections -fdata-sections -Wall -fstack-usage -MMD -MP -MF"Core/Src/main.d" -MT"Core/Src/main.o" --specs=nano.specs -mfpu=fpv4-sp-d16 -mfloat-abi=hard -mthumb -o "Core/Src/main.o"
arm-none-eabi-gcc -o "Timer_EXTI.elf" @"objects.list"   -mcpu=cortex-m4 -T"E:\STM32F411VET6_LuanVan_LapTrinh\STM32F411VET6\Timer_EXTI\STM32F411VETX_FLASH.ld" --specs=nosys.specs -Wl,-Map="Timer_EXTI.map" -Wl,--gc-sections -static --specs=nano.specs -mfpu=fpv4-sp-d16 -mfloat-abi=hard -mthumb -Wl,--start-group -lc -lm -Wl,--end-group
Finished building target: Timer_EXTI.elf
 
arm-none-eabi-size   Timer_EXTI.elf 
arm-none-eabi-objdump -h -S  Timer_EXTI.elf  > "Timer_EXTI.list"
   text	   data	    bss	    dec	    hex	filename
   8256	     20	   1644	   9920	   26c0	Timer_EXTI.elf
Finished building: default.size.stdout
 
Finished building: Timer_EXTI.list
 

17:43:35 Build Finished. 0 errors, 0 warnings. (took 471ms)

